This is pdfTeX, Version 3.141592653-2.6-1.40.29 (TeX Live 2026) (preloaded format=pdflatex 2026.3.22)  12 JUN 2026 14:19
entering extended mode
 restricted \write18 enabled.
 %&-line parsing enabled.
**master_thesis.tex
(./master_thesis.tex
LaTeX2e <2025-11-01>
L3 programming layer <2026-01-19>
(/usr/local/texlive/2026/texmf-dist/tex/latex/base/article.cls
Document Class: article 2025/01/22 v1.4n Standard LaTeX document class
(/usr/local/texlive/2026/texmf-dist/tex/latex/base/size12.clo
File: size12.clo 2025/01/22 v1.4n Standard LaTeX file (size option)
)
\c@part=\count275
\c@section=\count276
\c@subsection=\count277
\c@subsubsection=\count278
\c@paragraph=\count279
\c@subparagraph=\count280
\c@figure=\count281
\c@table=\count282
\abovecaptionskip=\skip49
\belowcaptionskip=\skip50
\bibindent=\dimen148
)
(/usr/local/texlive/2026/texmf-dist/tex/latex/base/fontenc.sty
Package: fontenc 2025/07/18 v2.1d Standard LaTeX package
)
(/usr/local/texlive/2026/texmf-dist/tex/latex/base/inputenc.sty
Package: inputenc 2024/02/08 v1.3d Input encoding file
\inpenc@prehook=\toks17
\inpenc@posthook=\toks18
)
(/usr/local/texlive/2026/texmf-dist/tex/latex/psnfss/mathptmx.sty
Package: mathptmx 2020/03/25 PSNFSS-v9.3 Times w/ Math, improved (SPQR, WaS) 
LaTeX Font Info:    Redeclaring symbol font `operators' on input line 28.
LaTeX Font Info:    Overwriting symbol font `operators' in version `normal'
(Font)                  OT1/cmr/m/n --> OT1/ztmcm/m/n on input line 28.
LaTeX Font Info:    Overwriting symbol font `operators' in version `bold'
(Font)                  OT1/cmr/bx/n --> OT1/ztmcm/m/n on input line 28.
LaTeX Font Info:    Redeclaring symbol font `letters' on input line 29.
LaTeX Font Info:    Overwriting symbol font `letters' in version `normal'
(Font)                  OML/cmm/m/it --> OML/ztmcm/m/it on input line 29.
LaTeX Font Info:    Overwriting symbol font `letters' in version `bold'
(Font)                  OML/cmm/b/it --> OML/ztmcm/m/it on input line 29.
LaTeX Font Info:    Redeclaring symbol font `symbols' on input line 30.
LaTeX Font Info:    Overwriting symbol font `symbols' in version `normal'
(Font)                  OMS/cmsy/m/n --> OMS/ztmcm/m/n on input line 30.
LaTeX Font Info:    Overwriting symbol font `symbols' in version `bold'
(Font)                  OMS/cmsy/b/n --> OMS/ztmcm/m/n on input line 30.
LaTeX Font Info:    Redeclaring symbol font `largesymbols' on input line 31.
LaTeX Font Info:    Overwriting symbol font `largesymbols' in version `normal'
(Font)                  OMX/cmex/m/n --> OMX/ztmcm/m/n on input line 31.
LaTeX Font Info:    Overwriting symbol font `largesymbols' in version `bold'
(Font)                  OMX/cmex/m/n --> OMX/ztmcm/m/n on input line 31.
\symbold=\mathgroup4
\symitalic=\mathgroup5
LaTeX Font Info:    Redeclaring math alphabet \mathbf on input line 34.
LaTeX Font Info:    Overwriting math alphabet `\mathbf' in version `normal'
(Font)                  OT1/cmr/bx/n --> OT1/ptm/bx/n on input line 34.
LaTeX Font Info:    Overwriting math alphabet `\mathbf' in version `bold'
(Font)                  OT1/cmr/bx/n --> OT1/ptm/bx/n on input line 34.
LaTeX Font Info:    Redeclaring math alphabet \mathit on input line 35.
LaTeX Font Info:    Overwriting math alphabet `\mathit' in version `normal'
(Font)                  OT1/cmr/m/it --> OT1/ptm/m/it on input line 35.
LaTeX Font Info:    Overwriting math alphabet `\mathit' in version `bold'
(Font)                  OT1/cmr/bx/it --> OT1/ptm/m/it on input line 35.
LaTeX Info: Redefining \hbar on input line 50.
)
(/usr/local/texlive/2026/texmf-dist/tex/latex/microtype/microtype.sty
Package: microtype 2026/03/01 v3.2d Micro-typographical refinements (RS)

(/usr/local/texlive/2026/texmf-dist/tex/latex/graphics/keyval.sty
Package: keyval 2022/05/29 v1.15 key=value parser (DPC)
\KV@toks@=\toks19
)
(/usr/local/texlive/2026/texmf-dist/tex/latex/etoolbox/etoolbox.sty
Package: etoolbox 2025/10/02 v2.5m e-TeX tools for LaTeX (JAW)
\etb@tempcnta=\count283
)
\MT@toks=\toks20
\MT@tempbox=\box53
\MT@count=\count284
LaTeX Info: Redefining \noprotrusionifhmode on input line 1084.
LaTeX Info: Redefining \leftprotrusion on input line 1085.
\MT@prot@toks=\toks21
LaTeX Info: Redefining \rightprotrusion on input line 1104.
LaTeX Info: Redefining \textls on input line 1449.
\MT@outer@kern=\dimen149
LaTeX Info: Redefining \microtypecontext on input line 2053.
LaTeX Info: Redefining \textmicrotypecontext on input line 2070.
\MT@listname@count=\count285

(/usr/local/texlive/2026/texmf-dist/tex/latex/microtype/microtype-pdftex.def
File: microtype-pdftex.def 2026/03/01 v3.2d Definitions specific to pdftex (RS)

LaTeX Info: Redefining \lsstyle on input line 944.
LaTeX Info: Redefining \lslig on input line 944.
\MT@outer@space=\skip51
)
Package microtype Info: Loading configuration file microtype.cfg.

(/usr/local/texlive/2026/texmf-dist/tex/latex/microtype/microtype.cfg
File: microtype.cfg 2026/03/01 v3.2d microtype main configuration file (RS)
)
LaTeX Info: Redefining \microtypesetup on input line 3065.
)
(/usr/local/texlive/2026/texmf-dist/tex/latex/geometry/geometry.sty
Package: geometry 2026/03/07 v6.0 Page Geometry

(/usr/local/texlive/2026/texmf-dist/tex/generic/iftex/ifvtex.sty
Package: ifvtex 2019/10/25 v1.7 ifvtex legacy package. Use iftex instead.

(/usr/local/texlive/2026/texmf-dist/tex/generic/iftex/iftex.sty
Package: iftex 2024/12/12 v1.0g TeX engine tests
))
\Gm@cnth=\count286
\Gm@cntv=\count287
\c@Gm@tempcnt=\count288
\Gm@bindingoffset=\dimen150
\Gm@wd@mp=\dimen151
\Gm@odd@mp=\dimen152
\Gm@even@mp=\dimen153
\Gm@layoutwidth=\dimen154
\Gm@layoutheight=\dimen155
\Gm@layouthoffset=\dimen156
\Gm@layoutvoffset=\dimen157
\Gm@dimlist=\toks22
)
(/usr/local/texlive/2026/texmf-dist/tex/latex/setspace/setspace.sty
Package: setspace 2022/12/04 v6.7b set line spacing
)
(/usr/local/texlive/2026/texmf-dist/tex/latex/amsmath/amsmath.sty
Package: amsmath 2025/07/09 v2.17z AMS math features
\@mathmargin=\skip52

For additional information on amsmath, use the `?' option.
(/usr/local/texlive/2026/texmf-dist/tex/latex/amsmath/amstext.sty
Package: amstext 2024/11/17 v2.01 AMS text

(/usr/local/texlive/2026/texmf-dist/tex/latex/amsmath/amsgen.sty
File: amsgen.sty 1999/11/30 v2.0 generic functions
\@emptytoks=\toks23
\ex@=\dimen158
))
(/usr/local/texlive/2026/texmf-dist/tex/latex/amsmath/amsbsy.sty
Package: amsbsy 1999/11/29 v1.2d Bold Symbols
\pmbraise@=\dimen159
)
(/usr/local/texlive/2026/texmf-dist/tex/latex/amsmath/amsopn.sty
Package: amsopn 2022/04/08 v2.04 operator names
)
\inf@bad=\count289
LaTeX Info: Redefining \frac on input line 233.
\uproot@=\count290
\leftroot@=\count291
LaTeX Info: Redefining \overline on input line 398.
LaTeX Info: Redefining \colon on input line 409.
\classnum@=\count292
\DOTSCASE@=\count293
LaTeX Info: Redefining \ldots on input line 495.
LaTeX Info: Redefining \dots on input line 498.
LaTeX Info: Redefining \cdots on input line 619.
\Mathstrutbox@=\box54
\strutbox@=\box55
LaTeX Info: Redefining \big on input line 721.
LaTeX Info: Redefining \Big on input line 722.
LaTeX Info: Redefining \bigg on input line 723.
LaTeX Info: Redefining \Bigg on input line 724.
\big@size=\dimen160
LaTeX Font Info:    Redeclaring font encoding OML on input line 742.
LaTeX Font Info:    Redeclaring font encoding OMS on input line 743.
\macc@depth=\count294
LaTeX Info: Redefining \bmod on input line 904.
LaTeX Info: Redefining \pmod on input line 909.
LaTeX Info: Redefining \smash on input line 939.
LaTeX Info: Redefining \relbar on input line 969.
LaTeX Info: Redefining \Relbar on input line 970.
\c@MaxMatrixCols=\count295
\dotsspace@=\muskip17
\c@parentequation=\count296
\dspbrk@lvl=\count297
\tag@help=\toks24
\row@=\count298
\column@=\count299
\maxfields@=\count300
\andhelp@=\toks25
\eqnshift@=\dimen161
\alignsep@=\dimen162
\tagshift@=\dimen163
\tagwidth@=\dimen164
\totwidth@=\dimen165
\lineht@=\dimen166
\@envbody=\toks26
\multlinegap=\skip53
\multlinetaggap=\skip54
\mathdisplay@stack=\toks27
LaTeX Info: Redefining \[ on input line 2950.
LaTeX Info: Redefining \] on input line 2951.
)
(/usr/local/texlive/2026/texmf-dist/tex/latex/amsfonts/amssymb.sty
Package: amssymb 2013/01/14 v3.01 AMS font symbols

(/usr/local/texlive/2026/texmf-dist/tex/latex/amsfonts/amsfonts.sty
Package: amsfonts 2013/01/14 v3.01 Basic AMSFonts support
\symAMSa=\mathgroup6
\symAMSb=\mathgroup7
LaTeX Font Info:    Overwriting math alphabet `\mathfrak' in version `bold'
(Font)                  U/euf/m/n --> U/euf/b/n on input line 106.
))
(/usr/local/texlive/2026/texmf-dist/tex/latex/mathtools/mathtools.sty
Package: mathtools 2024/10/04 v1.31 mathematical typesetting tools

(/usr/local/texlive/2026/texmf-dist/tex/latex/tools/calc.sty
Package: calc 2025/03/01 v4.3b Infix arithmetic (KKT,FJ)
\calc@Acount=\count301
\calc@Bcount=\count302
\calc@Adimen=\dimen167
\calc@Bdimen=\dimen168
\calc@Askip=\skip55
\calc@Bskip=\skip56
LaTeX Info: Redefining \setlength on input line 86.
LaTeX Info: Redefining \addtolength on input line 87.
\calc@Ccount=\count303
\calc@Cskip=\skip57
)
(/usr/local/texlive/2026/texmf-dist/tex/latex/mathtools/mhsetup.sty
Package: mhsetup 2021/03/18 v1.4 programming setup (MH)
)
\g_MT_multlinerow_int=\count304
\l_MT_multwidth_dim=\dimen169
\origjot=\skip58
\l_MT_shortvdotswithinadjustabove_dim=\dimen170
\l_MT_shortvdotswithinadjustbelow_dim=\dimen171
\l_MT_above_intertext_sep=\dimen172
\l_MT_below_intertext_sep=\dimen173
\l_MT_above_shortintertext_sep=\dimen174
\l_MT_below_shortintertext_sep=\dimen175
\xmathstrut@box=\box56
\xmathstrut@dim=\dimen176
)
(/usr/local/texlive/2026/texmf-dist/tex/latex/tools/bm.sty
Package: bm 2025/10/21 v1.2g Bold Symbol Support (DPC/FMi)
Package bm Info: No bold for \OT1/ztmcm/m/n, using \pmb.
Package bm Info: No bold for \OML/ztmcm/m/it, using \pmb.
Package bm Info: No bold for \OMS/ztmcm/m/n, using \pmb.
Package bm Info: No bold for \OMX/ztmcm/m/n, using \pmb.
Package bm Info: No bold for \OT1/ptm/bx/n, using \pmb.
Package bm Info: No bold for \OT1/ptm/m/it, using \pmb.
Package bm Info: No bold for \U/msa/m/n, using \pmb.
Package bm Info: No bold for \U/msb/m/n, using \pmb.
)
(/usr/local/texlive/2026/texmf-dist/tex/latex/algorithms/algorithm.sty
Package: algorithm 2009/08/24 v0.1 Document Style `algorithm' - floating enviro
nment

(/usr/local/texlive/2026/texmf-dist/tex/latex/float/float.sty
Package: float 2001/11/08 v1.3d Float enhancements (AL)
\c@float@type=\count305
\float@exts=\toks28
\float@box=\box57
\@float@everytoks=\toks29
\@floatcapt=\box58
)
(/usr/local/texlive/2026/texmf-dist/tex/latex/base/ifthen.sty
Package: ifthen 2024/03/16 v1.1e Standard LaTeX ifthen package (DPC)
)
\@float@every@algorithm=\toks30
\c@algorithm=\count306
)
(/usr/local/texlive/2026/texmf-dist/tex/latex/algorithmicx/algpseudocode.sty
Package: algpseudocode 

(/usr/local/texlive/2026/texmf-dist/tex/latex/algorithmicx/algorithmicx.sty
Package: algorithmicx 2005/04/27 v1.2 Algorithmicx

Document Style algorithmicx 1.2 - a greatly improved `algorithmic' style
\c@ALG@line=\count307
\c@ALG@rem=\count308
\c@ALG@nested=\count309
\ALG@tlm=\skip59
\ALG@thistlm=\skip60
\c@ALG@Lnr=\count310
\c@ALG@blocknr=\count311
\c@ALG@storecount=\count312
\c@ALG@tmpcounter=\count313
\ALG@tmplength=\skip61
)
Document Style - pseudocode environments for use with the `algorithmicx' style
) (/usr/local/texlive/2026/texmf-dist/tex/latex/booktabs/booktabs.sty
Package: booktabs 2020/01/12 v1.61803398 Publication quality tables
\heavyrulewidth=\dimen177
\lightrulewidth=\dimen178
\cmidrulewidth=\dimen179
\belowrulesep=\dimen180
\belowbottomsep=\dimen181
\aboverulesep=\dimen182
\abovetopsep=\dimen183
\cmidrulesep=\dimen184
\cmidrulekern=\dimen185
\defaultaddspace=\dimen186
\@cmidla=\count314
\@cmidlb=\count315
\@aboverulesep=\dimen187
\@belowrulesep=\dimen188
\@thisruleclass=\count316
\@lastruleclass=\count317
\@thisrulewidth=\dimen189
)
(/usr/local/texlive/2026/texmf-dist/tex/latex/tools/tabularx.sty
Package: tabularx 2023/12/11 v2.12a `tabularx' package (DPC)

(/usr/local/texlive/2026/texmf-dist/tex/latex/tools/array.sty
Package: array 2025/09/25 v2.6n Tabular extension package (FMi)
\col@sep=\dimen190
\ar@mcellbox=\box59
\extrarowheight=\dimen191
\NC@list=\toks31
\extratabsurround=\skip62
\backup@length=\skip63
\ar@cellbox=\box60
)
\TX@col@width=\dimen192
\TX@old@table=\dimen193
\TX@old@col=\dimen194
\TX@target=\dimen195
\TX@delta=\dimen196
\TX@cols=\count318
\TX@ftn=\toks32
)
(/usr/local/texlive/2026/texmf-dist/tex/latex/multirow/multirow.sty
Package: multirow 2024/11/12 v2.9 Span multiple rows of a table
\multirow@colwidth=\skip64
\multirow@cntb=\count319
\multirow@dima=\skip65
\bigstrutjot=\dimen197
)
(/usr/local/texlive/2026/texmf-dist/tex/latex/graphics/graphicx.sty
Package: graphicx 2024/12/31 v1.2e Enhanced LaTeX Graphics (DPC,SPQR)

(/usr/local/texlive/2026/texmf-dist/tex/latex/graphics/graphics.sty
Package: graphics 2024/08/06 v1.4g Standard LaTeX Graphics (DPC,SPQR)

(/usr/local/texlive/2026/texmf-dist/tex/latex/graphics/trig.sty
Package: trig 2023/12/02 v1.11 sin cos tan (DPC)
)
(/usr/local/texlive/2026/texmf-dist/tex/latex/graphics-cfg/graphics.cfg
File: graphics.cfg 2016/06/04 v1.11 sample graphics configuration
)
Package graphics Info: Driver file: pdftex.def on input line 106.

(/usr/local/texlive/2026/texmf-dist/tex/latex/graphics-def/pdftex.def
File: pdftex.def 2025/09/29 v1.2d Graphics/color driver for pdftex
))
\Gin@req@height=\dimen198
\Gin@req@width=\dimen199
)
(/usr/local/texlive/2026/texmf-dist/tex/latex/caption/subcaption.sty
Package: subcaption 2023/07/28 v1.6b Sub-captions (AR)

(/usr/local/texlive/2026/texmf-dist/tex/latex/caption/caption.sty
Package: caption 2023/08/05 v3.6o Customizing captions (AR)

(/usr/local/texlive/2026/texmf-dist/tex/latex/caption/caption3.sty
Package: caption3 2023/07/31 v2.4d caption3 kernel (AR)
\caption@tempdima=\dimen256
\captionmargin=\dimen257
\caption@leftmargin=\dimen258
\caption@rightmargin=\dimen259
\caption@width=\dimen260
\caption@indent=\dimen261
\caption@parindent=\dimen262
\caption@hangindent=\dimen263
Package caption Info: Standard document class detected.
)
\c@caption@flags=\count320
\c@continuedfloat=\count321
Package caption Info: float package is loaded.
)
Package caption Info: New subtype `subfigure' on input line 238.
\c@subfigure=\count322
Package caption Info: New subtype `subtable' on input line 238.
\c@subtable=\count323
)
(/usr/local/texlive/2026/texmf-dist/tex/latex/xcolor/xcolor.sty
Package: xcolor 2024/09/29 v3.02 LaTeX color extensions (UK)

(/usr/local/texlive/2026/texmf-dist/tex/latex/graphics-cfg/color.cfg
File: color.cfg 2016/01/02 v1.6 sample color configuration
)
Package xcolor Info: Driver file: pdftex.def on input line 274.

(/usr/local/texlive/2026/texmf-dist/tex/latex/graphics/mathcolor.ltx)
Package xcolor Info: Model `cmy' substituted by `cmy0' on input line 1349.
Package xcolor Info: Model `hsb' substituted by `rgb' on input line 1353.
Package xcolor Info: Model `RGB' extended on input line 1365.
Package xcolor Info: Model `HTML' substituted by `rgb' on input line 1367.
Package xcolor Info: Model `Hsb' substituted by `hsb' on input line 1368.
Package xcolor Info: Model `tHsb' substituted by `hsb' on input line 1369.
Package xcolor Info: Model `HSB' substituted by `hsb' on input line 1370.
Package xcolor Info: Model `Gray' substituted by `gray' on input line 1371.
Package xcolor Info: Model `wave' substituted by `hsb' on input line 1372.
)
(/usr/local/texlive/2026/texmf-dist/tex/latex/graphics/dvipsnam.def
File: dvipsnam.def 2016/06/17 v3.0m Driver-dependent file (DPC,SPQR)
)
(/usr/local/texlive/2026/texmf-dist/tex/latex/colortbl/colortbl.sty
Package: colortbl 2024/10/29 v1.0k Color table columns (DPC)
\everycr=\toks33
\minrowclearance=\skip66
\rownum=\count324
)
(/usr/local/texlive/2026/texmf-dist/tex/latex/hyperref/hyperref.sty
Package: hyperref 2026-01-29 v7.01p Hypertext links for LaTeX

(/usr/local/texlive/2026/texmf-dist/tex/latex/kvsetkeys/kvsetkeys.sty
Package: kvsetkeys 2022-10-05 v1.19 Key value parser (HO)
)
(/usr/local/texlive/2026/texmf-dist/tex/generic/kvdefinekeys/kvdefinekeys.sty
Package: kvdefinekeys 2019-12-19 v1.6 Define keys (HO)
)
(/usr/local/texlive/2026/texmf-dist/tex/generic/pdfescape/pdfescape.sty
Package: pdfescape 2019/12/09 v1.15 Implements pdfTeX's escape features (HO)

(/usr/local/texlive/2026/texmf-dist/tex/generic/ltxcmds/ltxcmds.sty
Package: ltxcmds 2023-12-04 v1.26 LaTeX kernel commands for general use (HO)
)
(/usr/local/texlive/2026/texmf-dist/tex/generic/pdftexcmds/pdftexcmds.sty
Package: pdftexcmds 2020-06-27 v0.33 Utility functions of pdfTeX for LuaTeX (HO
)

(/usr/local/texlive/2026/texmf-dist/tex/generic/infwarerr/infwarerr.sty
Package: infwarerr 2019/12/03 v1.5 Providing info/warning/error messages (HO)
)
Package pdftexcmds Info: \pdf@primitive is available.
Package pdftexcmds Info: \pdf@ifprimitive is available.
Package pdftexcmds Info: \pdfdraftmode found.
))
(/usr/local/texlive/2026/texmf-dist/tex/latex/hycolor/hycolor.sty
Package: hycolor 2020-01-27 v1.10 Color options for hyperref/bookmark (HO)
)
(/usr/local/texlive/2026/texmf-dist/tex/latex/hyperref/nameref.sty
Package: nameref 2026-01-29 v2.58 Cross-referencing by name of section

(/usr/local/texlive/2026/texmf-dist/tex/latex/refcount/refcount.sty
Package: refcount 2019/12/15 v3.6 Data extraction from label references (HO)
)
(/usr/local/texlive/2026/texmf-dist/tex/generic/gettitlestring/gettitlestring.s
ty
Package: gettitlestring 2019/12/15 v1.6 Cleanup title references (HO)
 (/usr/local/texlive/2026/texmf-dist/tex/latex/kvoptions/kvoptions.sty
Package: kvoptions 2022-06-15 v3.15 Key value format for package options (HO)
))
\c@section@level=\count325
)
(/usr/local/texlive/2026/texmf-dist/tex/generic/stringenc/stringenc.sty
Package: stringenc 2019/11/29 v1.12 Convert strings between diff. encodings (HO
)
)
\@linkdim=\dimen264
\Hy@linkcounter=\count326
\Hy@pagecounter=\count327

(/usr/local/texlive/2026/texmf-dist/tex/latex/hyperref/pd1enc.def
File: pd1enc.def 2026-01-29 v7.01p Hyperref: PDFDocEncoding definition (HO)
Now handling font encoding PD1 ...
... no UTF-8 mapping file for font encoding PD1
)
(/usr/local/texlive/2026/texmf-dist/tex/generic/intcalc/intcalc.sty
Package: intcalc 2019/12/15 v1.3 Expandable calculations with integers (HO)
)
\Hy@SavedSpaceFactor=\count328

(/usr/local/texlive/2026/texmf-dist/tex/latex/hyperref/puenc.def
File: puenc.def 2026-01-29 v7.01p Hyperref: PDF Unicode definition (HO)
Now handling font encoding PU ...
... no UTF-8 mapping file for font encoding PU
)
Package hyperref Info: Option `breaklinks' set `true' on input line 4072.
Package hyperref Info: Hyper figures OFF on input line 4201.
Package hyperref Info: Link nesting OFF on input line 4206.
Package hyperref Info: Hyper index ON on input line 4209.
Package hyperref Info: Plain pages OFF on input line 4216.
Package hyperref Info: Backreferencing OFF on input line 4221.
Package hyperref Info: Implicit mode ON; LaTeX internals redefined.
Package hyperref Info: Bookmarks ON on input line 4468.
\c@Hy@tempcnt=\count329

(/usr/local/texlive/2026/texmf-dist/tex/latex/url/url.sty
\Urlmuskip=\muskip18
Package: url 2013/09/16  ver 3.4  Verb mode for urls, etc.
)
LaTeX Info: Redefining \url on input line 4807.
\XeTeXLinkMargin=\dimen265

(/usr/local/texlive/2026/texmf-dist/tex/generic/bitset/bitset.sty
Package: bitset 2019/12/09 v1.3 Handle bit-vector datatype (HO)

(/usr/local/texlive/2026/texmf-dist/tex/generic/bigintcalc/bigintcalc.sty
Package: bigintcalc 2019/12/15 v1.5 Expandable calculations on big integers (HO
)
))
\Fld@menulength=\count330
\Field@Width=\dimen266
\Fld@charsize=\dimen267
Package hyperref Info: Hyper figures OFF on input line 6084.
Package hyperref Info: Link nesting OFF on input line 6089.
Package hyperref Info: Hyper index ON on input line 6092.
Package hyperref Info: backreferencing OFF on input line 6099.
Package hyperref Info: Link coloring OFF on input line 6104.
Package hyperref Info: Link coloring with OCG OFF on input line 6109.
Package hyperref Info: PDF/A mode OFF on input line 6114.
\Hy@abspage=\count331
\c@Item=\count332
\c@Hfootnote=\count333
)
Package hyperref Info: Driver (autodetected): hpdftex.

(/usr/local/texlive/2026/texmf-dist/tex/latex/hyperref/hpdftex.def
File: hpdftex.def 2026-01-29 v7.01p Hyperref driver for pdfTeX
\Fld@listcount=\count334
\c@bookmark@seq@number=\count335

(/usr/local/texlive/2026/texmf-dist/tex/latex/rerunfilecheck/rerunfilecheck.sty
Package: rerunfilecheck 2025-06-21 v1.11 Rerun checks for auxiliary files (HO)

(/usr/local/texlive/2026/texmf-dist/tex/generic/uniquecounter/uniquecounter.sty
Package: uniquecounter 2019/12/15 v1.4 Provide unlimited unique counter (HO)
)
Package uniquecounter Info: New unique counter `rerunfilecheck' on input line 2
84.
)
\Hy@SectionHShift=\skip67
) (/usr/local/texlive/2026/texmf-dist/tex/latex/natbib/natbib.sty
Package: natbib 2010/09/13 8.31b (PWD, AO)
\bibhang=\skip68
\bibsep=\skip69
LaTeX Info: Redefining \cite on input line 694.
\c@NAT@ctr=\count336
)
(/usr/local/texlive/2026/texmf-dist/tex/latex/enumitem/enumitem.sty
Package: enumitem 2025/02/06 v3.11 Customized lists
\labelindent=\skip70
\enit@outerparindent=\dimen268
\enit@toks=\toks34
\enit@inbox=\box61
\enit@count@id=\count337
\enitdp@description=\count338
)
(/usr/local/texlive/2026/texmf-dist/tex/latex/parskip/parskip.sty
Package: parskip 2021-03-14 v2.0h non-zero parskip adjustments
)
(/usr/local/texlive/2026/texmf-dist/tex/latex/fancyhdr/fancyhdr.sty
Package: fancyhdr 2025/02/07 v5.2 Extensive control of page headers and footers

\f@nch@headwidth=\skip71
\f@nch@offset@elh=\skip72
\f@nch@offset@erh=\skip73
\f@nch@offset@olh=\skip74
\f@nch@offset@orh=\skip75
\f@nch@offset@elf=\skip76
\f@nch@offset@erf=\skip77
\f@nch@offset@olf=\skip78
\f@nch@offset@orf=\skip79
\f@nch@height=\skip80
\f@nch@footalignment=\skip81
\f@nch@widthL=\skip82
\f@nch@widthC=\skip83
\f@nch@widthR=\skip84
\@temptokenb=\toks35
)
LaTeX Font Info:    Trying to load font information for T1+ptm on input line 85
.

(/usr/local/texlive/2026/texmf-dist/tex/latex/psnfss/t1ptm.fd
File: t1ptm.fd 2001/06/04 font definitions for T1/ptm.
)
(/usr/local/texlive/2026/texmf-dist/tex/latex/l3backend/l3backend-pdftex.def
File: l3backend-pdftex.def 2025-10-09 L3 backend support: PDF output (pdfTeX)
\l__color_backend_stack_int=\count339
)
(./master_thesis.aux)
\openout1 = `master_thesis.aux'.

LaTeX Font Info:    Checking defaults for OML/cmm/m/it on input line 85.
LaTeX Font Info:    ... okay on input line 85.
LaTeX Font Info:    Checking defaults for OMS/cmsy/m/n on input line 85.
LaTeX Font Info:    ... okay on input line 85.
LaTeX Font Info:    Checking defaults for OT1/cmr/m/n on input line 85.
LaTeX Font Info:    ... okay on input line 85.
LaTeX Font Info:    Checking defaults for T1/cmr/m/n on input line 85.
LaTeX Font Info:    ... okay on input line 85.
LaTeX Font Info:    Checking defaults for TS1/cmr/m/n on input line 85.
LaTeX Font Info:    ... okay on input line 85.
LaTeX Font Info:    Checking defaults for OMX/cmex/m/n on input line 85.
LaTeX Font Info:    ... okay on input line 85.
LaTeX Font Info:    Checking defaults for U/cmr/m/n on input line 85.
LaTeX Font Info:    ... okay on input line 85.
LaTeX Font Info:    Checking defaults for PD1/pdf/m/n on input line 85.
LaTeX Font Info:    ... okay on input line 85.
LaTeX Font Info:    Checking defaults for PU/pdf/m/n on input line 85.
LaTeX Font Info:    ... okay on input line 85.
LaTeX Info: Redefining \microtypecontext on input line 85.
Package microtype Info: Applying patch `item' on input line 85.
Package microtype Info: Applying patch `toc' on input line 85.
Package microtype Info: Applying patch `eqnum' on input line 85.
Package microtype Info: Applying patch `footnote' on input line 85.
Package microtype Info: Applying patch `verbatim' on input line 85.
LaTeX Info: Redefining \microtypesetup on input line 85.
Package microtype Info: Generating PDF output.
Package microtype Info: Character protrusion enabled (level 2).
Package microtype Info: Using default protrusion set `alltext'.
Package microtype Info: Automatic font expansion enabled (level 2),
(microtype)             stretch: 20, shrink: 20, step: 1, non-selected.
Package microtype Info: Using default expansion set `alltext-nott'.
Package microtype Info: Patching command `\showhyphens'.
Package microtype Info: No adjustment of tracking.
Package microtype Info: No adjustment of interword spacing.
Package microtype Info: No adjustment of character kerning.

(/usr/local/texlive/2026/texmf-dist/tex/latex/microtype/mt-ptm.cfg
File: mt-ptm.cfg 2006/04/20 v1.7 microtype config. file: Times (RS)
)
*geometry* driver: auto-detecting
*geometry* detected driver: pdftex
*geometry* verbose mode - [ preamble ] result:
* driver: pdftex
* paper: a4paper
* layout: <same size as paper>
* layoutoffset:(h,v)=(0.0pt,0.0pt)
* modes: 
* h-part:(L,W,R)=(85.35826pt, 441.01773pt, 71.13188pt)
* v-part:(T,H,B)=(71.13188pt, 702.78308pt, 71.13188pt)
* \paperwidth=597.50787pt
* \paperheight=845.04684pt
* \textwidth=441.01773pt
* \textheight=702.78308pt
* \oddsidemargin=13.08827pt
* \evensidemargin=13.08827pt
* \topmargin=-41.1381pt
* \headheight=15.0pt
* \headsep=25.0pt
* \topskip=12.0pt
* \footskip=30.0pt
* \marginparwidth=35.0pt
* \marginparsep=10.0pt
* \columnsep=10.0pt
* \skip\footins=10.8pt plus 4.0pt minus 2.0pt
* \hoffset=0.0pt
* \voffset=0.0pt
* \mag=1000
* \@twocolumnfalse
* \@twosidefalse
* \@mparswitchfalse
* \@reversemarginfalse
* (1in=72.27pt=25.4mm, 1cm=28.453pt)

(/usr/local/texlive/2026/texmf-dist/tex/context/base/mkii/supp-pdf.mkii
[Loading MPS to PDF converter (version 2006.09.02).]
\scratchcounter=\count340
\scratchdimen=\dimen269
\scratchbox=\box62
\nofMPsegments=\count341
\nofMParguments=\count342
\everyMPshowfont=\toks36
\MPscratchCnt=\count343
\MPscratchDim=\dimen270
\MPnumerator=\count344
\makeMPintoPDFobject=\count345
\everyMPtoPDFconversion=\toks37
) (/usr/local/texlive/2026/texmf-dist/tex/latex/epstopdf-pkg/epstopdf-base.sty
Package: epstopdf-base 2020-01-24 v2.11 Base part for package epstopdf
Package epstopdf-base Info: Redefining graphics rule for `.eps' on input line 4
85.

(/usr/local/texlive/2026/texmf-dist/tex/latex/latexconfig/epstopdf-sys.cfg
File: epstopdf-sys.cfg 2010/07/13 v1.3 Configuration of (r)epstopdf for TeX Liv
e
))
Package caption Info: Begin \AtBeginDocument code.
Package caption Info: hyperref package is loaded.
Package caption Info: End \AtBeginDocument code.
Package hyperref Info: Link coloring OFF on input line 85.

(./master_thesis.out) (./master_thesis.out)
\@outlinefile=\write3
\openout3 = `master_thesis.out'.

 [1

{/usr/local/texlive/2026/texmf-var/fonts/map/pdftex/updmap/pdftex.map}{/usr/loc
al/texlive/2026/texmf-dist/fonts/enc/dvips/base/8r.enc}] (./master_thesis.toc
LaTeX Font Info:    Trying to load font information for OT1+ztmcm on input line
 3.

(/usr/local/texlive/2026/texmf-dist/tex/latex/psnfss/ot1ztmcm.fd
File: ot1ztmcm.fd 2000/01/03 Fontinst v1.801 font definitions for OT1/ztmcm.
)
Package microtype Info: Loading generic protrusion settings for font family
(microtype)             `ztmcm' (encoding: OT1).
(microtype)             For optimal results, create family-specific settings.
(microtype)             See the microtype manual for details.
LaTeX Font Info:    Trying to load font information for OML+ztmcm on input line
 3.

(/usr/local/texlive/2026/texmf-dist/tex/latex/psnfss/omlztmcm.fd
File: omlztmcm.fd 2000/01/03 Fontinst v1.801 font definitions for OML/ztmcm.
)
LaTeX Font Info:    Trying to load font information for OMS+ztmcm on input line
 3.

(/usr/local/texlive/2026/texmf-dist/tex/latex/psnfss/omsztmcm.fd
File: omsztmcm.fd 2000/01/03 Fontinst v1.801 font definitions for OMS/ztmcm.
)
LaTeX Font Info:    Trying to load font information for OMX+ztmcm on input line
 3.

(/usr/local/texlive/2026/texmf-dist/tex/latex/psnfss/omxztmcm.fd
File: omxztmcm.fd 2000/01/03 Fontinst v1.801 font definitions for OMX/ztmcm.
)
LaTeX Font Info:    Trying to load font information for OT1+ptm on input line 3
.

(/usr/local/texlive/2026/texmf-dist/tex/latex/psnfss/ot1ptm.fd
File: ot1ptm.fd 2001/06/04 font definitions for OT1/ptm.
)
LaTeX Font Info:    Font shape `OT1/ptm/bx/n' in size <12> not available
(Font)              Font shape `OT1/ptm/b/n' tried instead on input line 3.
LaTeX Font Info:    Font shape `OT1/ptm/bx/n' in size <9> not available
(Font)              Font shape `OT1/ptm/b/n' tried instead on input line 3.
LaTeX Font Info:    Font shape `OT1/ptm/bx/n' in size <7> not available
(Font)              Font shape `OT1/ptm/b/n' tried instead on input line 3.

(/usr/local/texlive/2026/texmf-dist/tex/latex/microtype/mt-msa.cfg
File: mt-msa.cfg 2006/02/04 v1.1 microtype config. file: AMS symbols (a) (RS)
)
(/usr/local/texlive/2026/texmf-dist/tex/latex/microtype/mt-msb.cfg
File: mt-msb.cfg 2005/06/01 v1.0 microtype config. file: AMS symbols (b) (RS)
)
pdfTeX warning (ext4): destination with the same identifier (name{page.1}) has 
been already used, duplicate ignored
<to be read again> 
                   \relax 
l.43 ... Sensitivity Analysis}{30}{subsection.4.3}
                                                  % [1])
\tf@toc=\write4
\openout4 = `master_thesis.toc'.

 [2] [3] [4] [5]
Overfull \hbox (7.97502pt too wide) in paragraph at lines 145--145
[]\T1/ptm/b/n/14.4 (-20) Counterfactual Ex-pla-na-tions and the Struc-tural Cau
sal Model Frame-
 []

[6] [7] [8]
Overfull \hbox (10.05252pt too wide) detected at line 197
[][][]\OML/ztmcm/m/it/12 v\OT1/ztmcm/m/n/12 (\OML/ztmcm/m/it/12 S\OT1/ztmcm/m/n
/12 ) = \U/msb/m/n/12 E\OT1/ztmcm/m/n/12 [\OML/ztmcm/m/it/12 f\OT1/ztmcm/m/n/12
 (\OML/ztmcm/m/it/12 X\OT1/ztmcm/m/n/12 ) \OMS/ztmcm/m/n/12 j \OML/ztmcm/m/it/1
2 X[] \OT1/ztmcm/m/n/12 = \OML/ztmcm/m/it/12 x[]\OT1/ztmcm/m/n/12 ] [] [] \OML/
ztmcm/m/it/12 v[]\OT1/ztmcm/m/n/12 (\OML/ztmcm/m/it/12 S\OT1/ztmcm/m/n/12 ) = \
U/msb/m/n/12 E\OT1/ztmcm/m/n/12 [\OML/ztmcm/m/it/12 f\OT1/ztmcm/m/n/12 (\OML/zt
mcm/m/it/12 X\OT1/ztmcm/m/n/12 ) \OMS/ztmcm/m/n/12 j []\OT1/ztmcm/m/n/12 (\OML/
ztmcm/m/it/12 X[] \OT1/ztmcm/m/n/12 = \OML/ztmcm/m/it/12 x[]\OT1/ztmcm/m/n/12 )
] []
 []

[9] [10] [11]
<figures/experimental_pipeline_diagram.png, id=400, 1364.09625pt x 514.92375pt>

File: figures/experimental_pipeline_diagram.png Graphic file (type png)
<use figures/experimental_pipeline_diagram.png>
Package pdftex.def Info: figures/experimental_pipeline_diagram.png  used on inp
ut line 238.
(pdftex.def)             Requested size: 441.01773pt x 166.47609pt.
Package microtype Info: Loading generic protrusion settings for font family
(microtype)             `cmtt' (encoding: T1).
(microtype)             For optimal results, create family-specific settings.
(microtype)             See the microtype manual for details.
 [12 <./figures/experimental_pipeline_diagram.png>]
LaTeX Font Info:    Font shape `OT1/ptm/bx/n' in size <10.95> not available
(Font)              Font shape `OT1/ptm/b/n' tried instead on input line 262.
LaTeX Font Info:    Font shape `OT1/ptm/bx/n' in size <8> not available
(Font)              Font shape `OT1/ptm/b/n' tried instead on input line 262.
LaTeX Font Info:    Font shape `OT1/ptm/bx/n' in size <6> not available
(Font)              Font shape `OT1/ptm/b/n' tried instead on input line 262.
 [13{/usr/local/texlive/2026/texmf-dist/fonts/enc/dvips/cm-super/cm-super-t1.en
c}] [14]
[15]
Underfull \hbox (badness 10000) in paragraph at lines 339--339
[]|\T1/ptm/m/n/10 (+20) Topological or-
 []


Underfull \hbox (badness 5924) in paragraph at lines 339--339
[]|\T1/ptm/m/n/10 (+20) All or-der-ings of
 []


Underfull \hbox (badness 10000) in paragraph at lines 339--339
[]|\T1/ptm/m/n/10 (+20) Observational
 []


Overfull \hbox (17.6565pt too wide) in paragraph at lines 339--339
[]|\T1/ptm/m/n/10 (-20) Foreground/background
 []


Underfull \hbox (badness 10000) in paragraph at lines 339--339
[]|\T1/ptm/m/n/10 (+20) Constrains or-der-
 []


Underfull \hbox (badness 10000) in paragraph at lines 339--339
[]|\T1/ptm/m/n/10 (+20) Defines com-po-
 []


Underfull \hbox (badness 10000) in paragraph at lines 339--339
\T1/ptm/m/n/10 (+20) nents, or-der-ing,
 []

Package hyperref Info: bookmark level for unknown algorithm defaults to 0 on in
put line 349.
[16] [17]
Underfull \hbox (badness 10000) in paragraph at lines 411--412
[]\T1/cmtt/m/n/12 components\T1/ptm/m/n/12 (+20) , \T1/cmtt/m/n/12 confounded[]
\T1/ptm/m/n/12 (+20) , \T1/cmtt/m/n/12 parents[] $\OMS/ztmcm/m/n/12  $
 []

[18] [19]
Overfull \hbox (16.8052pt too wide) in paragraph at lines 479--480
\T1/ptm/m/n/12 (-20) ber in this chap-ter is re-ported as a frac-tion of it. Le
t $\OML/ztmcm/m/it/12 m \OMS/ztmcm/m/n/12 2 f[]g$
 []

[20]
LaTeX Font Info:    Trying to load font information for TS1+ptm on input line 4
88.
 (/usr/local/texlive/2026/texmf-dist/tex/latex/psnfss/ts1ptm.fd
File: ts1ptm.fd 2001/06/04 font definitions for TS1/ptm.
) [21]
[22]
<figures/adjacency_comparison_linear_conf_f50_s1000_p30.png, id=496, 1074.414pt
 x 378.213pt>
File: figures/adjacency_comparison_linear_conf_f50_s1000_p30.png Graphic file (
type png)
<use figures/adjacency_comparison_linear_conf_f50_s1000_p30.png>
Package pdftex.def Info: figures/adjacency_comparison_linear_conf_f50_s1000_p30
.png  used on input line 562.
(pdftex.def)             Requested size: 441.01773pt x 155.24146pt.
 [23]
<figures/adjacency_comparison_sachs.png, id=506, 1074.414pt x 378.213pt>
File: figures/adjacency_comparison_sachs.png Graphic file (type png)
<use figures/adjacency_comparison_sachs.png>
Package pdftex.def Info: figures/adjacency_comparison_sachs.png  used on input 
line 573.
(pdftex.def)             Requested size: 441.01773pt x 155.24146pt.
 [24 <./figures/adjacency_comparison_linear_conf_f50_s1000_p30.png> <./figures/
adjacency_comparison_sachs.png>]
<figures/tga_sa_scatter_traditional_linear_conf_f50_s1000_p30.png, id=521, 467.
346pt x 352.1958pt>
File: figures/tga_sa_scatter_traditional_linear_conf_f50_s1000_p30.png Graphic 
file (type png)
<use figures/tga_sa_scatter_traditional_linear_conf_f50_s1000_p30.png>
Package pdftex.def Info: figures/tga_sa_scatter_traditional_linear_conf_f50_s10
00_p30.png  used on input line 590.
(pdftex.def)             Requested size: 211.68661pt x 159.52383pt.
<figures/tga_sa_scatter_traditional_sachs.png, id=522, 467.346pt x 352.1958pt>
File: figures/tga_sa_scatter_traditional_sachs.png Graphic file (type png)
<use figures/tga_sa_scatter_traditional_sachs.png>
Package pdftex.def Info: figures/tga_sa_scatter_traditional_sachs.png  used on 
input line 596.
(pdftex.def)             Requested size: 211.68661pt x 159.52383pt.
 [25]
<figures/tga_heatmap_traditional_linear_conf_f50_s1000_p30.png, id=531, 568.524
pt x 358.941pt>
File: figures/tga_heatmap_traditional_linear_conf_f50_s1000_p30.png Graphic fil
e (type png)
<use figures/tga_heatmap_traditional_linear_conf_f50_s1000_p30.png>
Package pdftex.def Info: figures/tga_heatmap_traditional_linear_conf_f50_s1000_
p30.png  used on input line 643.
(pdftex.def)             Requested size: 211.68661pt x 133.64954pt.
<figures/tga_heatmap_traditional_sachs.png, id=532, 568.524pt x 358.941pt>
File: figures/tga_heatmap_traditional_sachs.png Graphic file (type png)
<use figures/tga_heatmap_traditional_sachs.png>
Package pdftex.def Info: figures/tga_heatmap_traditional_sachs.png  used on inp
ut line 649.
(pdftex.def)             Requested size: 211.68661pt x 133.64954pt.
 [26 <./figures/tga_sa_scatter_traditional_linear_conf_f50_s1000_p30.png> <./fi
gures/tga_sa_scatter_traditional_sachs.png>]
<figures/sign_alignment_heatmap_traditional_linear_conf_f50_s1000_p30.png, id=5
41, 568.524pt x 358.941pt>
File: figures/sign_alignment_heatmap_traditional_linear_conf_f50_s1000_p30.png 
Graphic file (type png)
<use figures/sign_alignment_heatmap_traditional_linear_conf_f50_s1000_p30.png>
Package pdftex.def Info: figures/sign_alignment_heatmap_traditional_linear_conf
_f50_s1000_p30.png  used on input line 662.
(pdftex.def)             Requested size: 211.68661pt x 133.64954pt.
<figures/sign_alignment_heatmap_traditional_sachs.png, id=542, 568.524pt x 358.
941pt>
File: figures/sign_alignment_heatmap_traditional_sachs.png Graphic file (type p
ng)
<use figures/sign_alignment_heatmap_traditional_sachs.png>
Package pdftex.def Info: figures/sign_alignment_heatmap_traditional_sachs.png  
used on input line 668.
(pdftex.def)             Requested size: 211.68661pt x 133.64954pt.
 [27 <./figures/tga_heatmap_traditional_linear_conf_f50_s1000_p30.png> <./figur
es/tga_heatmap_traditional_sachs.png> <./figures/sign_alignment_heatmap_traditi
onal_linear_conf_f50_s1000_p30.png> <./figures/sign_alignment_heatmap_tradition
al_sachs.png>] [28] [29]
<figures/gss_sss_scatter_linear_conf_f50_s1000_p30.png, id=566, 445.1832pt x 35
2.1958pt>
File: figures/gss_sss_scatter_linear_conf_f50_s1000_p30.png Graphic file (type 
png)
<use figures/gss_sss_scatter_linear_conf_f50_s1000_p30.png>
Package pdftex.def Info: figures/gss_sss_scatter_linear_conf_f50_s1000_p30.png 
 used on input line 710.
(pdftex.def)             Requested size: 211.68661pt x 167.47209pt.
<figures/gss_sss_scatter_sachs.png, id=567, 423.5022pt x 352.1958pt>
File: figures/gss_sss_scatter_sachs.png Graphic file (type png)
<use figures/gss_sss_scatter_sachs.png>
Package pdftex.def Info: figures/gss_sss_scatter_sachs.png  used on input line 
716.
(pdftex.def)             Requested size: 211.68661pt x 176.04373pt.
 [30 <./figures/gss_sss_scatter_linear_conf_f50_s1000_p30.png> <./figures/gss_s
ss_scatter_sachs.png>]
<figures/gss_heatmap_linear_conf_f50_s1000_p30.png, id=577, 568.524pt x 337.26p
t>
File: figures/gss_heatmap_linear_conf_f50_s1000_p30.png Graphic file (type png)

<use figures/gss_heatmap_linear_conf_f50_s1000_p30.png>
Package pdftex.def Info: figures/gss_heatmap_linear_conf_f50_s1000_p30.png  use
d on input line 760.
(pdftex.def)             Requested size: 211.68661pt x 125.57675pt.
<figures/gss_heatmap_sachs.png, id=578, 568.524pt x 337.26pt>
File: figures/gss_heatmap_sachs.png Graphic file (type png)
<use figures/gss_heatmap_sachs.png>
Package pdftex.def Info: figures/gss_heatmap_sachs.png  used on input line 766.

(pdftex.def)             Requested size: 211.68661pt x 125.57675pt.
 [31 <./figures/gss_heatmap_linear_conf_f50_s1000_p30.png> <./figures/gss_heatm
ap_sachs.png>]
<figures/sss_heatmap_linear_conf_f50_s1000_p30.png, id=588, 568.524pt x 337.26p
t>
File: figures/sss_heatmap_linear_conf_f50_s1000_p30.png Graphic file (type png)

<use figures/sss_heatmap_linear_conf_f50_s1000_p30.png>
Package pdftex.def Info: figures/sss_heatmap_linear_conf_f50_s1000_p30.png  use
d on input line 781.
(pdftex.def)             Requested size: 211.68661pt x 125.57675pt.
<figures/sss_heatmap_sachs.png, id=589, 568.524pt x 337.26pt>
File: figures/sss_heatmap_sachs.png Graphic file (type png)
<use figures/sss_heatmap_sachs.png>
Package pdftex.def Info: figures/sss_heatmap_sachs.png  used on input line 787.

(pdftex.def)             Requested size: 211.68661pt x 125.57675pt.

[32 <./figures/sss_heatmap_linear_conf_f50_s1000_p30.png> <./figures/sss_heatma
p_sachs.png>] [33]
<figures/tga_sa_scatter_true_linear_conf_f50_s1000_p30.png, id=607, 467.346pt x
 352.1958pt>
File: figures/tga_sa_scatter_true_linear_conf_f50_s1000_p30.png Graphic file (t
ype png)
<use figures/tga_sa_scatter_true_linear_conf_f50_s1000_p30.png>
Package pdftex.def Info: figures/tga_sa_scatter_true_linear_conf_f50_s1000_p30.
png  used on input line 823.
(pdftex.def)             Requested size: 211.68661pt x 159.52383pt.
<figures/tga_sa_scatter_true_sachs.png, id=608, 467.346pt x 352.1958pt>
File: figures/tga_sa_scatter_true_sachs.png Graphic file (type png)
<use figures/tga_sa_scatter_true_sachs.png>
Package pdftex.def Info: figures/tga_sa_scatter_true_sachs.png  used on input l
ine 829.
(pdftex.def)             Requested size: 211.68661pt x 159.52383pt.
 [34]
<figures/tga_heatmap_true_linear_conf_f50_s1000_p30.png, id=616, 568.524pt x 35
8.941pt>
File: figures/tga_heatmap_true_linear_conf_f50_s1000_p30.png Graphic file (type
 png)
<use figures/tga_heatmap_true_linear_conf_f50_s1000_p30.png>
Package pdftex.def Info: figures/tga_heatmap_true_linear_conf_f50_s1000_p30.png
  used on input line 876.
(pdftex.def)             Requested size: 211.68661pt x 133.64954pt.

Underfull \hbox (badness 1275) in paragraph at lines 877--877
[]\T1/ptm/b/n/10 (+20) (a) |\T1/ptm/m/n/10 (+20) Syn-thetic dataset (top 10 fea
-tures by mean
 []

<figures/tga_heatmap_true_sachs.png, id=617, 568.524pt x 358.941pt>
File: figures/tga_heatmap_true_sachs.png Graphic file (type png)
<use figures/tga_heatmap_true_sachs.png>
Package pdftex.def Info: figures/tga_heatmap_true_sachs.png  used on input line
 882.
(pdftex.def)             Requested size: 211.68661pt x 133.64954pt.
[35 <./figures/tga_sa_scatter_true_linear_conf_f50_s1000_p30.png> <./figures/tg
a_sa_scatter_true_sachs.png>]
<figures/sign_alignment_heatmap_true_linear_conf_f50_s1000_p30.png, id=624, 568
.524pt x 358.941pt>
File: figures/sign_alignment_heatmap_true_linear_conf_f50_s1000_p30.png Graphic
 file (type png)
<use figures/sign_alignment_heatmap_true_linear_conf_f50_s1000_p30.png>
Package pdftex.def Info: figures/sign_alignment_heatmap_true_linear_conf_f50_s1
000_p30.png  used on input line 896.
(pdftex.def)             Requested size: 211.68661pt x 133.64954pt.
<figures/sign_alignment_heatmap_true_sachs.png, id=625, 568.524pt x 358.941pt>
File: figures/sign_alignment_heatmap_true_sachs.png Graphic file (type png)
<use figures/sign_alignment_heatmap_true_sachs.png>
Package pdftex.def Info: figures/sign_alignment_heatmap_true_sachs.png  used on
 input line 902.
(pdftex.def)             Requested size: 211.68661pt x 133.64954pt.
 [36 <./figures/tga_heatmap_true_linear_conf_f50_s1000_p30.png> <./figures/tga_
heatmap_true_sachs.png> <./figures/sign_alignment_heatmap_true_linear_conf_f50_
s1000_p30.png> <./figures/sign_alignment_heatmap_true_sachs.png>] [37]
<figures/dag_neighborhood_X24_linear_conf_f50_s1000_p30.png, id=643, 1291.224pt
 x 481.8pt>
File: figures/dag_neighborhood_X24_linear_conf_f50_s1000_p30.png Graphic file (
type png)
<use figures/dag_neighborhood_X24_linear_conf_f50_s1000_p30.png>
Package pdftex.def Info: figures/dag_neighborhood_X24_linear_conf_f50_s1000_p30
.png  used on input line 937.
(pdftex.def)             Requested size: 441.01773pt x 164.55234pt.
 [38]
<figures/shap_scatter_flow_X24_linear_conf_f50_s1000_p30.png, id=650, 2168.1pt 
x 602.25pt>
File: figures/shap_scatter_flow_X24_linear_conf_f50_s1000_p30.png Graphic file 
(type png)
<use figures/shap_scatter_flow_X24_linear_conf_f50_s1000_p30.png>
Package pdftex.def Info: figures/shap_scatter_flow_X24_linear_conf_f50_s1000_p3
0.png  used on input line 946.
(pdftex.def)             Requested size: 441.01773pt x 122.49713pt.
 [39 <./figures/dag_neighborhood_X24_linear_conf_f50_s1000_p30.png>]
<figures/dag_neighborhood_X33_linear_conf_f50_s1000_p30.png, id=661, 1291.224pt
 x 481.8pt>
File: figures/dag_neighborhood_X33_linear_conf_f50_s1000_p30.png Graphic file (
type png)
<use figures/dag_neighborhood_X33_linear_conf_f50_s1000_p30.png>
Package pdftex.def Info: figures/dag_neighborhood_X33_linear_conf_f50_s1000_p30
.png  used on input line 955.
(pdftex.def)             Requested size: 441.01773pt x 164.55234pt.
 [40 <./figures/shap_scatter_flow_X24_linear_conf_f50_s1000_p30.png>]
<figures/shap_scatter_flow_X33_linear_conf_f50_s1000_p30.png, id=670, 2168.1pt 
x 602.25pt>
File: figures/shap_scatter_flow_X33_linear_conf_f50_s1000_p30.png Graphic file 
(type png)
<use figures/shap_scatter_flow_X33_linear_conf_f50_s1000_p30.png>
Package pdftex.def Info: figures/shap_scatter_flow_X33_linear_conf_f50_s1000_p3
0.png  used on input line 962.
(pdftex.def)             Requested size: 441.01773pt x 122.49713pt.
 [41 <./figures/dag_neighborhood_X33_linear_conf_f50_s1000_p30.png> <./figures/
shap_scatter_flow_X33_linear_conf_f50_s1000_p30.png>]
<figures/dag_neighborhood_pka_sachs.png, id=682, 1291.224pt x 481.8pt>
File: figures/dag_neighborhood_pka_sachs.png Graphic file (type png)
<use figures/dag_neighborhood_pka_sachs.png>
Package pdftex.def Info: figures/dag_neighborhood_pka_sachs.png  used on input 
line 971.
(pdftex.def)             Requested size: 441.01773pt x 164.55234pt.
<figures/shap_scatter_flow_pka_sachs.png, id=683, 2168.1pt x 602.25pt>
File: figures/shap_scatter_flow_pka_sachs.png Graphic file (type png)
<use figures/shap_scatter_flow_pka_sachs.png>
Package pdftex.def Info: figures/shap_scatter_flow_pka_sachs.png  used on input
 line 978.
(pdftex.def)             Requested size: 441.01773pt x 122.49713pt.
 [42 <./figures/dag_neighborhood_pka_sachs.png> <./figures/shap_scatter_flow_pk
a_sachs.png>]
<figures/dag_neighborhood_X47_linear_conf_f50_s1000_p30.png, id=694, 1291.224pt
 x 481.8pt>
File: figures/dag_neighborhood_X47_linear_conf_f50_s1000_p30.png Graphic file (
type png)
<use figures/dag_neighborhood_X47_linear_conf_f50_s1000_p30.png>
Package pdftex.def Info: figures/dag_neighborhood_X47_linear_conf_f50_s1000_p30
.png  used on input line 991.
(pdftex.def)             Requested size: 441.01773pt x 164.55234pt.
<figures/dag_neighborhood_X21_linear_conf_f50_s1000_p30.png, id=695, 1291.224pt
 x 481.8pt>
File: figures/dag_neighborhood_X21_linear_conf_f50_s1000_p30.png Graphic file (
type png)
<use figures/dag_neighborhood_X21_linear_conf_f50_s1000_p30.png>
Package pdftex.def Info: figures/dag_neighborhood_X21_linear_conf_f50_s1000_p30
.png  used on input line 1002.
(pdftex.def)             Requested size: 374.86775pt x 139.8728pt.
 [43 <./figures/dag_neighborhood_X47_linear_conf_f50_s1000_p30.png>]
<figures/shap_scatter_causal_X47_X21_linear_conf_f50_s1000_p30.png, id=703, 216
8.1pt x 1043.9pt>
File: figures/shap_scatter_causal_X47_X21_linear_conf_f50_s1000_p30.png Graphic
 file (type png)
<use figures/shap_scatter_causal_X47_X21_linear_conf_f50_s1000_p30.png>
Package pdftex.def Info: figures/shap_scatter_causal_X47_X21_linear_conf_f50_s1
000_p30.png  used on input line 1010.
(pdftex.def)             Requested size: 211.68661pt x 101.91124pt.
<figures/shap_scatter_flow_X47_X21_linear_conf_f50_s1000_p30.png, id=704, 2168.
1pt x 1043.9pt>
File: figures/shap_scatter_flow_X47_X21_linear_conf_f50_s1000_p30.png Graphic f
ile (type png)
<use figures/shap_scatter_flow_X47_X21_linear_conf_f50_s1000_p30.png>
Package pdftex.def Info: figures/shap_scatter_flow_X47_X21_linear_conf_f50_s100
0_p30.png  used on input line 1016.
(pdftex.def)             Requested size: 211.68661pt x 101.91124pt.
 [44 <./figures/dag_neighborhood_X21_linear_conf_f50_s1000_p30.png> <./figures/
shap_scatter_causal_X47_X21_linear_conf_f50_s1000_p30.png> <./figures/shap_scat
ter_flow_X47_X21_linear_conf_f50_s1000_p30.png>]
<figures/dag_neighborhood_erk_sachs.png, id=717, 1291.224pt x 481.8pt>
File: figures/dag_neighborhood_erk_sachs.png Graphic file (type png)
<use figures/dag_neighborhood_erk_sachs.png>
Package pdftex.def Info: figures/dag_neighborhood_erk_sachs.png  used on input 
line 1046.
(pdftex.def)             Requested size: 441.01773pt x 164.55234pt.
<figures/shap_scatter_flow_erk_sachs.png, id=719, 2168.1pt x 602.25pt>
File: figures/shap_scatter_flow_erk_sachs.png Graphic file (type png)
<use figures/shap_scatter_flow_erk_sachs.png>
Package pdftex.def Info: figures/shap_scatter_flow_erk_sachs.png  used on input
 line 1069.
(pdftex.def)             Requested size: 441.01773pt x 122.49713pt.
 [45 <./figures/dag_neighborhood_erk_sachs.png>]
<figures/dag_neighborhood_X10_linear_conf_f50_s1000_p30.png, id=728, 1291.224pt
 x 481.8pt>
File: figures/dag_neighborhood_X10_linear_conf_f50_s1000_p30.png Graphic file (
type png)
<use figures/dag_neighborhood_X10_linear_conf_f50_s1000_p30.png>
Package pdftex.def Info: figures/dag_neighborhood_X10_linear_conf_f50_s1000_p30
.png  used on input line 1095.
(pdftex.def)             Requested size: 441.01773pt x 164.55234pt.

[46 <./figures/shap_scatter_flow_erk_sachs.png>]
<figures/shap_vs_feature_Scratch_vs_Causal__PC__linear_conf_f50_s1000_p30.png, 
id=737, 923.45pt x 923.45pt>
File: figures/shap_vs_feature_Scratch_vs_Causal__PC__linear_conf_f50_s1000_p30.
png Graphic file (type png)
<use figures/shap_vs_feature_Scratch_vs_Causal__PC__linear_conf_f50_s1000_p30.p
ng>
Package pdftex.def Info: figures/shap_vs_feature_Scratch_vs_Causal__PC__linear_
conf_f50_s1000_p30.png  used on input line 1102.
(pdftex.def)             Requested size: 176.40439pt x 176.4014pt.
<figures/dag_neighborhood_pkc_sachs.png, id=740, 1291.224pt x 481.8pt>
File: figures/dag_neighborhood_pkc_sachs.png Graphic file (type png)
<use figures/dag_neighborhood_pkc_sachs.png>
Package pdftex.def Info: figures/dag_neighborhood_pkc_sachs.png  used on input 
line 1117.
(pdftex.def)             Requested size: 441.01773pt x 164.55234pt.
 [47 <./figures/dag_neighborhood_X10_linear_conf_f50_s1000_p30.png> <./figures/
shap_vs_feature_Scratch_vs_Causal__PC__linear_conf_f50_s1000_p30.png>]
<figures/shap_vs_feature_Scratch_vs_Causal__LiNGAM__sachs.png, id=749, 923.45pt
 x 923.45pt>
File: figures/shap_vs_feature_Scratch_vs_Causal__LiNGAM__sachs.png Graphic file
 (type png)
<use figures/shap_vs_feature_Scratch_vs_Causal__LiNGAM__sachs.png>
Package pdftex.def Info: figures/shap_vs_feature_Scratch_vs_Causal__LiNGAM__sac
hs.png  used on input line 1124.
(pdftex.def)             Requested size: 176.40439pt x 176.4014pt.
 [48 <./figures/dag_neighborhood_pkc_sachs.png> <./figures/shap_vs_feature_Scra
tch_vs_Causal__LiNGAM__sachs.png>]
[49] [50] [51] [52]
Overfull \hbox (67.40453pt too wide) in paragraph at lines 1214--1215
\T1/ptm/m/n/12 (-20) De-part-ment of Phi-los-o-phy. []$\T1/cmtt/m/n/12 https : 
/ / github . com / cmu-[]phil / example-[]causal-[]datasets /
 []

[53] (./master_thesis.bbl [54]) [55] [56]
Underfull \hbox (badness 10000) in paragraph at lines 1304--1305
[] $[]\OT1/ztmcm/m/n/12 [\OML/ztmcm/m/it/12 j\OT1/ztmcm/m/n/12 ] \OMS/ztmcm/m/n
/12   []\OT1/ztmcm/m/n/12 ([] = \OMS/ztmcm/m/n/12 f\OML/ztmcm/m/it/12 j\OMS/ztm
cm/m/n/12 g\OML/ztmcm/m/it/12 ;  [] \OT1/ztmcm/m/n/12 =
 []


Underfull \hbox (badness 2469) in paragraph at lines 1308--1309
[] $[]\OT1/ztmcm/m/n/12 [[]] \OMS/ztmcm/m/n/12   []\OT1/ztmcm/m/n/12 ([] = []\O
ML/ztmcm/m/it/12 ;  [] \OT1/ztmcm/m/n/12 =
 []

[57] [58] [59] (./master_thesis.aux)
 ***********
LaTeX2e <2025-11-01>
L3 programming layer <2026-01-19>
 ***********


LaTeX Warning: Label(s) may have changed. Rerun to get cross-references right.

Package rerunfilecheck Info: File `master_thesis.out' has not changed.
(rerunfilecheck)             Checksum: 2D69EB3D25FC89C98553AC54D2D5F30C;14733.
 ) 
Here is how much of TeX's memory you used:
 18720 strings out of 467525
 305496 string characters out of 5418982
 766985 words of memory out of 5000000
 46549 multiletter control sequences out of 15000+600000
 759313 words of font info for 547 fonts, out of 8000000 for 9000
 1141 hyphenation exceptions out of 8191
 75i,16n,84p,2113b,650s stack positions out of 10000i,1000n,20000p,200000b,200000s
</usr/local/texlive/2026/texmf-dist/fonts/type1/public/amsfonts/cm/cmex10.pfb
></usr/local/texlive/2026/texmf-dist/fonts/type1/public/amsfonts/cm/cmmi10.pfb>
</usr/local/texlive/2026/texmf-dist/fonts/type1/public/amsfonts/cm/cmr10.pfb></
usr/local/texlive/2026/texmf-dist/fonts/type1/public/amsfonts/cm/cmsy10.pfb></u
sr/local/texlive/2026/texmf-dist/fonts/type1/public/amsfonts/symbols/msbm10.pfb
></usr/local/texlive/2026/texmf-dist/fonts/type1/public/rsfs/rsfs10.pfb></usr/l
ocal/texlive/2026/texmf-dist/fonts/type1/public/cm-super/sftt1200.pfb></usr/loc
al/texlive/2026/texmf-dist/fonts/type1/urw/symbol/usyr.pfb></usr/local/texlive/
2026/texmf-dist/fonts/type1/urw/symbol/usyr.pfb></usr/local/texlive/2026/texmf-
dist/fonts/type1/urw/times/utmb8a.pfb></usr/local/texlive/2026/texmf-dist/fonts
/type1/urw/times/utmr8a.pfb></usr/local/texlive/2026/texmf-dist/fonts/type1/urw
/times/utmri8a.pfb>
Output written on master_thesis.pdf (60 pages, 4022991 bytes).
PDF statistics:
 917 PDF objects out of 1000 (max. 8388607)
 746 compressed objects within 8 object streams
 198 named destinations out of 1000 (max. 500000)
 120962 words of extra memory for PDF output out of 128383 (max. 10000000)

