2026-04-16 13:44:00 | Log file: /Users/juanrios/Documents/master_thesis/logs/pipeline_20260416_134400.log
2026-04-16 13:44:00 | 
================================================================================
2026-04-16 13:44:00 | EXPERIMENTAL PIPELINE: CAUSAL FEATURE IMPORTANCE COMPARISON
2026-04-16 13:44:00 | ================================================================================
2026-04-16 13:44:00 | 
================================================================================
2026-04-16 13:44:00 | CONFIGURATION PARAMETERS
2026-04-16 13:44:00 | ================================================================================
2026-04-16 13:44:00 | 
1. DATASET PARAMETERS:
2026-04-16 13:44:00 |    - N_FEATURES: 50
2026-04-16 13:44:00 |    - N_SAMPLES: 1000
2026-04-16 13:44:00 |    - Y_PARENTS_RATIO: 0.5
2026-04-16 13:44:00 |    - NOISE_STD: 0.5
2026-04-16 13:44:00 |    - EDGE_PROBABILITY: 0.2
2026-04-16 13:44:00 |    - MIN_CONNECTED_EDGES: 2
2026-04-16 13:44:00 |    - RANDOM_STATE: 42
2026-04-16 13:44:00 | 
2. MODEL TRAINING PARAMETERS:
2026-04-16 13:44:00 |    - TEST_SIZE: 0.2
2026-04-16 13:44:00 |    - BACKGROUND_RATIO: 0.3
2026-04-16 13:44:00 |    - TEST_INSTANCES_RATIO: 0.5
2026-04-16 13:44:00 | 
3. EXPLAINABILITY PARAMETERS:
2026-04-16 13:44:00 |    - N_SHAPLEY_SAMPLES: 50
2026-04-16 13:44:00 |    - M_INNER_SAMPLES_CAUSAL: 10
2026-04-16 13:44:00 | 
4. CAUSAL DISCOVERY PARAMETERS:
2026-04-16 13:44:00 |    - LINGAM_ALPHA: 0.01
2026-04-16 13:44:00 |    - PC_ALPHA: 0.01
2026-04-16 13:44:00 |    - INDEP_TEST: fisherz
2026-04-16 13:44:00 | 
5. TARGET CONFIGURATION:
2026-04-16 13:44:00 |    - TARGET_DATASETS: ['mixed_conf_f50_s1000_p50']
2026-04-16 13:44:00 |    - MODEL: LGBM (only)
2026-04-16 13:44:00 | 
6. DIRECTORIES:
2026-04-16 13:44:00 |    - BASE_DIR: /Users/juanrios/Documents/master_thesis
2026-04-16 13:44:00 |    - SYNTHETIC_DIR: /Users/juanrios/Documents/master_thesis/data/synthetic
2026-04-16 13:44:00 |    - PROCESSED_DIR: /Users/juanrios/Documents/master_thesis/data/processed
2026-04-16 13:44:00 |    - CAUSAL_DIR: /Users/juanrios/Documents/master_thesis/data/causal
2026-04-16 13:44:00 |    - EXPLAINABILITY_DIR: /Users/juanrios/Documents/master_thesis/data/explainability
2026-04-16 13:44:00 |    - MODELS_DIR: /Users/juanrios/Documents/master_thesis/models
2026-04-16 13:44:00 |    - LOGS_DIR: /Users/juanrios/Documents/master_thesis/logs
2026-04-16 13:44:00 | 
================================================================================

2026-04-16 13:44:00 | ================================================================================
2026-04-16 13:44:00 | STEP 1: GENERATING SYNTHETIC DATASETS
2026-04-16 13:44:00 | ================================================================================
2026-04-16 13:44:00 | 
[Dataset 1/6] Generating linear system without confounders
2026-04-16 13:44:00 |   ✓ Saved: linear_no_conf_f50_s1000_p50 | Features: 50, Samples: 1000, Y parents: 25, Edges: 291, Confounders: 0
2026-04-16 13:44:00 | 
[Dataset 2/6] Generating linear system with confounders
2026-04-16 13:44:00 |   ✓ Saved: linear_conf_f50_s1000_p50 | Features: 50, Samples: 1000, Y parents: 25, Edges: 291, Confounders: 5
2026-04-16 13:44:00 | 
[Dataset 3/6] Generating nonlinear system without confounders
2026-04-16 13:44:00 |   ✓ Saved: nonlinear_no_conf_f50_s1000_p50 | Features: 50, Samples: 1000, Y parents: 25, Edges: 291, Confounders: 0
2026-04-16 13:44:00 | 
[Dataset 4/6] Generating nonlinear system with confounders
2026-04-16 13:44:00 |   ✓ Saved: nonlinear_conf_f50_s1000_p50 | Features: 50, Samples: 1000, Y parents: 25, Edges: 291, Confounders: 5
2026-04-16 13:44:00 | 
[Dataset 5/6] Generating mixed system without confounders
2026-04-16 13:44:00 |   ✓ Saved: mixed_no_conf_f50_s1000_p50 | Features: 50, Samples: 1000, Y parents: 25, Edges: 291, Confounders: 0
2026-04-16 13:44:00 | 
[Dataset 6/6] Generating mixed system with confounders
2026-04-16 13:44:00 |   ✓ Saved: mixed_conf_f50_s1000_p50 | Features: 50, Samples: 1000, Y parents: 25, Edges: 291, Confounders: 5
2026-04-16 13:44:00 | 
================================================================================
2026-04-16 13:44:00 | Step 1 Complete: 6 datasets generated
2026-04-16 13:44:00 | ================================================================================

2026-04-16 13:44:00 | ================================================================================
2026-04-16 13:44:00 | STEP 5: CALCULATING SHAPLEY VALUES (1 datasets + LGBM only)
2026-04-16 13:44:00 | ================================================================================
2026-04-16 13:44:00 | 
[Dataset 1/1] Processing mixed_conf_f50_s1000_p50
2026-04-16 13:44:00 |   [Progress: 1/7] LGBM - ShapleyFromScratch
2026-04-16 13:44:00 | Starting ShapleyFromScratch computation for 100 instances
2026-04-16 13:44:00 | Using 50 samples per instance
2026-04-16 13:44:00 | Processing instance 1/100...
2026-04-16 13:44:02 | Processing instance 2/100...
2026-04-16 13:44:03 | Processing instance 3/100...
2026-04-16 13:44:05 | Processing instance 4/100...
2026-04-16 13:44:06 | Processing instance 5/100...
2026-04-16 13:44:08 | Processing instance 6/100...
2026-04-16 13:44:09 | Processing instance 7/100...
2026-04-16 13:44:10 | Processing instance 8/100...
2026-04-16 13:44:12 | Processing instance 9/100...
2026-04-16 13:44:13 | Processing instance 10/100...
2026-04-16 13:44:15 | Processing instance 11/100...
2026-04-16 13:44:16 | Processing instance 12/100...
2026-04-16 13:44:18 | Processing instance 13/100...
2026-04-16 13:44:19 | Processing instance 14/100...
2026-04-16 13:44:21 | Processing instance 15/100...
2026-04-16 13:44:22 | Processing instance 16/100...
2026-04-16 13:44:23 | Processing instance 17/100...
2026-04-16 13:44:25 | Processing instance 18/100...
2026-04-16 13:44:26 | Processing instance 19/100...
2026-04-16 13:44:28 | Processing instance 20/100...
2026-04-16 13:44:29 |   Completed 20/100 instances
2026-04-16 13:44:29 | Processing instance 21/100...
2026-04-16 13:44:31 | Processing instance 22/100...
2026-04-16 13:44:32 | Processing instance 23/100...
2026-04-16 13:44:33 | Processing instance 24/100...
2026-04-16 13:44:35 | Processing instance 25/100...
2026-04-16 13:44:36 | Processing instance 26/100...
2026-04-16 13:44:38 | Processing instance 27/100...
2026-04-16 13:44:39 | Processing instance 28/100...
2026-04-16 13:44:40 | Processing instance 29/100...
2026-04-16 13:44:42 | Processing instance 30/100...
2026-04-16 13:44:43 | Processing instance 31/100...
2026-04-16 13:44:45 | Processing instance 32/100...
2026-04-16 13:44:46 | Processing instance 33/100...
2026-04-16 13:44:48 | Processing instance 34/100...
2026-04-16 13:44:49 | Processing instance 35/100...
2026-04-16 13:44:50 | Processing instance 36/100...
2026-04-16 13:44:52 | Processing instance 37/100...
2026-04-16 13:44:53 | Processing instance 38/100...
2026-04-16 13:44:55 | Processing instance 39/100...
2026-04-16 13:44:56 | Processing instance 40/100...
2026-04-16 13:44:58 |   Completed 40/100 instances
2026-04-16 13:44:58 | Processing instance 41/100...
2026-04-16 13:44:59 | Processing instance 42/100...
2026-04-16 13:45:00 | Processing instance 43/100...
2026-04-16 13:45:02 | Processing instance 44/100...
2026-04-16 13:45:03 | Processing instance 45/100...
2026-04-16 13:45:05 | Processing instance 46/100...
2026-04-16 13:45:06 | Processing instance 47/100...
2026-04-16 13:45:07 | Processing instance 48/100...
2026-04-16 13:45:09 | Processing instance 49/100...
2026-04-16 13:45:10 | Processing instance 50/100...
2026-04-16 13:45:12 | Processing instance 51/100...
2026-04-16 13:45:13 | Processing instance 52/100...
2026-04-16 13:45:15 | Processing instance 53/100...
2026-04-16 13:45:16 | Processing instance 54/100...
2026-04-16 13:45:18 | Processing instance 55/100...
2026-04-16 13:45:19 | Processing instance 56/100...
2026-04-16 13:45:20 | Processing instance 57/100...
2026-04-16 13:45:22 | Processing instance 58/100...
2026-04-16 13:45:23 | Processing instance 59/100...
2026-04-16 13:45:25 | Processing instance 60/100...
2026-04-16 13:45:26 |   Completed 60/100 instances
2026-04-16 13:45:26 | Processing instance 61/100...
