2026-03-25 23:17:31 | Log file: /Users/juanrios/Documents/master_thesis/logs/pipeline_20260325_231731.log
2026-03-25 23:17:31 | 
================================================================================
2026-03-25 23:17:31 | EXPERIMENTAL PIPELINE: CAUSAL FEATURE IMPORTANCE COMPARISON
2026-03-25 23:17:31 | ================================================================================
2026-03-25 23:17:31 | 
Configuration:
2026-03-25 23:17:31 |   - Features: 10
2026-03-25 23:17:31 |   - Samples: 1000
2026-03-25 23:17:31 |   - Y Parents Ratio: 0.5
2026-03-25 23:17:31 |   - Random State: 42
2026-03-25 23:17:31 |   - Shapley Samples: 100
2026-03-25 23:17:31 | 
Directories:
2026-03-25 23:17:31 |   - Synthetic Data: /Users/juanrios/Documents/master_thesis/data/synthetic
2026-03-25 23:17:31 |   - Processed Data: /Users/juanrios/Documents/master_thesis/data/processed
2026-03-25 23:17:31 |   - Causal Discovery: /Users/juanrios/Documents/master_thesis/data/causal
2026-03-25 23:17:31 |   - Explainability: /Users/juanrios/Documents/master_thesis/data/explainability
2026-03-25 23:17:31 |   - Models: /Users/juanrios/Documents/master_thesis/models
2026-03-25 23:17:31 |   - Logs: /Users/juanrios/Documents/master_thesis/logs
2026-03-25 23:17:31 | 
================================================================================

2026-03-25 23:17:31 | ================================================================================
2026-03-25 23:17:31 | STEP 1: GENERATING SYNTHETIC DATASETS
2026-03-25 23:17:31 | ================================================================================
2026-03-25 23:17:31 | 
[Dataset 1/6] Generating linear system without confounders
2026-03-25 23:17:31 |   ✓ Saved: linear_no_conf_f10_s1000_p50 | Features: 10, Samples: 1000, Y parents: 5, Edges: 31, Confounders: 0
2026-03-25 23:17:31 | 
[Dataset 2/6] Generating linear system with confounders
2026-03-25 23:17:31 |   ✓ Saved: linear_conf_f10_s1000_p50 | Features: 10, Samples: 1000, Y parents: 5, Edges: 31, Confounders: 2
2026-03-25 23:17:31 | 
[Dataset 3/6] Generating nonlinear system without confounders
2026-03-25 23:17:31 |   ✓ Saved: nonlinear_no_conf_f10_s1000_p50 | Features: 10, Samples: 1000, Y parents: 5, Edges: 31, Confounders: 0
2026-03-25 23:17:31 | 
[Dataset 4/6] Generating nonlinear system with confounders
2026-03-25 23:17:31 |   ✓ Saved: nonlinear_conf_f10_s1000_p50 | Features: 10, Samples: 1000, Y parents: 5, Edges: 31, Confounders: 2
2026-03-25 23:17:31 | 
[Dataset 5/6] Generating mixed system without confounders
2026-03-25 23:17:31 |   ✓ Saved: mixed_no_conf_f10_s1000_p50 | Features: 10, Samples: 1000, Y parents: 5, Edges: 31, Confounders: 0
2026-03-25 23:17:31 | 
[Dataset 6/6] Generating mixed system with confounders
2026-03-25 23:17:31 |   ✓ Saved: mixed_conf_f10_s1000_p50 | Features: 10, Samples: 1000, Y parents: 5, Edges: 31, Confounders: 2
2026-03-25 23:17:31 | 
================================================================================
2026-03-25 23:17:31 | Step 1 Complete: 6 datasets generated
2026-03-25 23:17:31 | ================================================================================

2026-03-25 23:17:31 | ================================================================================
2026-03-25 23:17:31 | STEP 2: CREATING TRAIN/TEST SPLITS
2026-03-25 23:17:31 | ================================================================================
2026-03-25 23:17:31 | 
[Dataset 1/6] Processing linear_no_conf_f10_s1000_p50...
2026-03-25 23:17:31 |   ✓ Train: (800, 11), Test: (200, 11)
2026-03-25 23:17:31 | 
[Dataset 2/6] Processing linear_conf_f10_s1000_p50...
2026-03-25 23:17:31 |   ✓ Train: (800, 11), Test: (200, 11)
2026-03-25 23:17:31 | 
[Dataset 3/6] Processing nonlinear_no_conf_f10_s1000_p50...
2026-03-25 23:17:31 |   ✓ Train: (800, 11), Test: (200, 11)
2026-03-25 23:17:31 | 
[Dataset 4/6] Processing nonlinear_conf_f10_s1000_p50...
2026-03-25 23:17:31 |   ✓ Train: (800, 11), Test: (200, 11)
2026-03-25 23:17:31 | 
[Dataset 5/6] Processing mixed_no_conf_f10_s1000_p50...
2026-03-25 23:17:31 |   ✓ Train: (800, 11), Test: (200, 11)
2026-03-25 23:17:31 | 
[Dataset 6/6] Processing mixed_conf_f10_s1000_p50...
2026-03-25 23:17:31 |   ✓ Train: (800, 11), Test: (200, 11)
2026-03-25 23:17:31 | 
================================================================================
2026-03-25 23:17:31 | Step 2 Complete: Train/test splits created for 6 datasets
2026-03-25 23:17:31 | ================================================================================

2026-03-25 23:17:31 | ================================================================================
2026-03-25 23:17:31 | STEP 3: RUNNING CAUSAL DISCOVERY
2026-03-25 23:17:31 | ================================================================================
2026-03-25 23:17:31 | 
[Dataset 1/6] Processing linear_no_conf_f10_s1000_p50
2026-03-25 23:17:31 |   Running LiNGAM...
2026-03-25 23:17:31 |   Running PC...
2026-03-25 23:17:31 |   Extracting train adjacency matrices for Step 5...
2026-03-25 23:17:31 |   ✓ LINGAM: F1=0.444, Precision=0.390, Recall=0.516
2026-03-25 23:17:32 |   ✓ PC: F1=0.426, Precision=0.433, Recall=0.419
2026-03-25 23:17:32 | 
[Dataset 2/6] Processing linear_conf_f10_s1000_p50
2026-03-25 23:17:32 |   Running LiNGAM...
2026-03-25 23:17:32 |   Running PC...
2026-03-25 23:17:32 |   Extracting train adjacency matrices for Step 5...
2026-03-25 23:17:32 |   ✓ LINGAM: F1=0.219, Precision=0.190, Recall=0.258
2026-03-25 23:17:33 |   ✓ PC: F1=0.441, Precision=0.464, Recall=0.419
2026-03-25 23:17:33 | 
[Dataset 3/6] Processing nonlinear_no_conf_f10_s1000_p50
2026-03-25 23:17:33 |   Running LiNGAM...
2026-03-25 23:17:33 |   Running PC...
2026-03-25 23:17:33 |   Extracting train adjacency matrices for Step 5...
2026-03-25 23:17:33 |   ✓ LINGAM: F1=0.389, Precision=0.341, Recall=0.452
2026-03-25 23:17:33 |   ✓ PC: F1=0.441, Precision=0.464, Recall=0.419
2026-03-25 23:17:34 | 
[Dataset 4/6] Processing nonlinear_conf_f10_s1000_p50
2026-03-25 23:17:34 |   Running LiNGAM...
2026-03-25 23:17:34 |   Running PC...
2026-03-25 23:17:34 |   Extracting train adjacency matrices for Step 5...
2026-03-25 23:17:34 |   ✓ LINGAM: F1=0.344, Precision=0.333, Recall=0.355
2026-03-25 23:17:34 |   ✓ PC: F1=0.349, Precision=0.344, Recall=0.355
2026-03-25 23:17:34 | 
[Dataset 5/6] Processing mixed_no_conf_f10_s1000_p50
2026-03-25 23:17:34 |   Running LiNGAM...
2026-03-25 23:17:34 |   Running PC...
2026-03-25 23:17:34 |   Extracting train adjacency matrices for Step 5...
2026-03-25 23:17:34 |   ✓ LINGAM: F1=0.051, Precision=0.125, Recall=0.032
2026-03-25 23:17:35 |   ✓ PC: F1=0.205, Precision=0.500, Recall=0.129
2026-03-25 23:17:35 | 
[Dataset 6/6] Processing mixed_conf_f10_s1000_p50
2026-03-25 23:17:35 |   Running LiNGAM...
2026-03-25 23:17:35 |   Running PC...
2026-03-25 23:17:35 |   Extracting train adjacency matrices for Step 5...
2026-03-25 23:17:35 |   ✓ LINGAM: F1=0.540, Precision=0.531, Recall=0.548
2026-03-25 23:17:35 |   ✓ PC: F1=0.431, Precision=0.412, Recall=0.452
2026-03-25 23:17:36 | 
================================================================================
2026-03-25 23:17:36 | Step 3 Complete: Causal discovery completed for 6 datasets
2026-03-25 23:17:36 | ================================================================================

2026-03-25 23:17:36 | ================================================================================
2026-03-25 23:17:36 | STEP 4: TRAINING PREDICTIVE MODELS
2026-03-25 23:17:36 | ================================================================================
2026-03-25 23:17:36 | 
[Dataset 1/6] Training models for linear_no_conf_f10_s1000_p50
2026-03-25 23:17:36 |   Training LGBM...
2026-03-25 23:17:50 |   ✓ LGBM: R²=0.8975, MSE=0.9159, MAE=0.7553, RMSE=0.9570
2026-03-25 23:17:50 |   Training NN...
2026-03-25 23:17:56 |   ✓ NN: R²=0.9352, MSE=0.5795, MAE=0.5982, RMSE=0.7613
2026-03-25 23:17:56 | 
[Dataset 2/6] Training models for linear_conf_f10_s1000_p50
2026-03-25 23:17:56 |   Training LGBM...
2026-03-25 23:18:14 |   ✓ LGBM: R²=0.8009, MSE=2.2554, MAE=1.1762, RMSE=1.5018
2026-03-25 23:18:14 |   Training NN...
2026-03-25 23:18:18 |   ✓ NN: R²=0.8582, MSE=1.6066, MAE=1.0304, RMSE=1.2675
2026-03-25 23:18:18 | 
[Dataset 3/6] Training models for nonlinear_no_conf_f10_s1000_p50
2026-03-25 23:18:18 |   Training LGBM...
2026-03-25 23:18:28 |   ✓ LGBM: R²=0.5566, MSE=0.5268, MAE=0.4824, RMSE=0.7258
2026-03-25 23:18:28 |   Training NN...
2026-03-25 23:18:34 |   ✓ NN: R²=0.5676, MSE=0.5137, MAE=0.4800, RMSE=0.7167
2026-03-25 23:18:34 | 
[Dataset 4/6] Training models for nonlinear_conf_f10_s1000_p50
2026-03-25 23:18:34 |   Training LGBM...
2026-03-25 23:18:50 |   ✓ LGBM: R²=0.7290, MSE=0.4223, MAE=0.5014, RMSE=0.6498
2026-03-25 23:18:50 |   Training NN...
2026-03-25 23:18:56 |   ✓ NN: R²=0.7274, MSE=0.4248, MAE=0.5006, RMSE=0.6518
2026-03-25 23:18:56 | 
[Dataset 5/6] Training models for mixed_no_conf_f10_s1000_p50
2026-03-25 23:18:56 |   Training LGBM...
2026-03-25 23:19:13 |   ✓ LGBM: R²=0.7238, MSE=0.3864, MAE=0.5027, RMSE=0.6216
2026-03-25 23:19:13 |   Training NN...
2026-03-25 23:19:17 |   ✓ NN: R²=0.7640, MSE=0.3302, MAE=0.4768, RMSE=0.5746
2026-03-25 23:19:17 | 
[Dataset 6/6] Training models for mixed_conf_f10_s1000_p50
2026-03-25 23:19:17 |   Training LGBM...
2026-03-25 23:19:29 |   ✓ LGBM: R²=0.7430, MSE=0.3100, MAE=0.4477, RMSE=0.5567
2026-03-25 23:19:29 |   Training NN...
2026-03-25 23:19:36 |   ✓ NN: R²=0.7733, MSE=0.2734, MAE=0.4200, RMSE=0.5229
2026-03-25 23:19:36 | 
================================================================================
2026-03-25 23:19:36 | Step 4 Complete: Models trained for 6 datasets
2026-03-25 23:19:36 | ================================================================================

2026-03-25 23:19:36 | ================================================================================
2026-03-25 23:19:36 | STEP 5: CALCULATING SHAPLEY VALUES
2026-03-25 23:19:36 | ================================================================================
2026-03-25 23:19:36 | 
[Dataset 1/6] Processing linear_no_conf_f10_s1000_p50
2026-03-25 23:19:36 |   [Progress: 1/14] LGBM - ShapleyFromScratch
2026-03-25 23:20:37 |   [Progress: 2/14] LGBM + PC - AsymmetricShapley
2026-03-25 23:21:38 |   [Progress: 3/14] LGBM + PC - CausalShapley (SLOW - uses 10 inner samples)
2026-03-25 23:22:33 |   [Progress: 4/14] LGBM + PC - ShapleyFlow
2026-03-25 23:22:33 | 
================================================================================
2026-03-25 23:22:33 | ERROR: Pipeline failed!
2026-03-25 23:22:33 | ================================================================================
2026-03-25 23:22:33 | Error message: 'ShapleyFlow' object has no attribute '_predict_with_feature_alignment'
2026-03-25 23:22:33 | Traceback (most recent call last):
  File "/Users/juanrios/Documents/master_thesis/experimental_pipeline/experimental_pipeline.py", line 905, in main
    calculate_all_shapley_values(dataset_configs)
  File "/Users/juanrios/Documents/master_thesis/experimental_pipeline/experimental_pipeline.py", line 659, in calculate_all_shapley_values
    flow_values = flow_explainer.explain(test_instances_flow)
                  ^^^^^^^^^^^^^^^^^^^^^^^^^^^^^^^^^^^^^^^^^^^
  File "/Users/juanrios/Documents/master_thesis/explainability_models/shapley_values.py", line 1632, in explain
    edge_attrs = flow.compute(x_foreground,x_background)
                 ^^^^^^^^^^^^^^^^^^^^^^^^^^^^^^^^^^^^^^^
  File "/Users/juanrios/Documents/master_thesis/explainability_models/shapley_values.py", line 1435, in compute
    self._dfs(source,[], x_foreground, x_background)
  File "/Users/juanrios/Documents/master_thesis/explainability_models/shapley_values.py", line 1380, in _dfs
    current_value = self._evaluate_system(history,x_foreground,x_background)
                    ^^^^^^^^^^^^^^^^^^^^^^^^^^^^^^^^^^^^^^^^^^^^^^^^^^^^^^^^
  File "/Users/juanrios/Documents/master_thesis/explainability_models/shapley_values.py", line 1337, in _evaluate_system
    result = self._predict_with_feature_alignment(x_features.reshape(1,-1))[0]
             ^^^^^^^^^^^^^^^^^^^^^^^^^^^^^^^^^^^^
AttributeError: 'ShapleyFlow' object has no attribute '_predict_with_feature_alignment'

