2026-03-26 08:43:28 | Log file: /Users/juanrios/Documents/master_thesis/logs/pipeline_20260326_084328.log
2026-03-26 08:43:28 | 
================================================================================
2026-03-26 08:43:28 | EXPERIMENTAL PIPELINE: CAUSAL FEATURE IMPORTANCE COMPARISON
2026-03-26 08:43:28 | ================================================================================
2026-03-26 08:43:28 | 
Configuration:
2026-03-26 08:43:28 |   - Features: 50
2026-03-26 08:43:28 |   - Samples: 1000
2026-03-26 08:43:28 |   - Y Parents Ratio: 0.5
2026-03-26 08:43:28 |   - Random State: 42
2026-03-26 08:43:28 |   - Shapley Samples: 100
2026-03-26 08:43:28 | 
Directories:
2026-03-26 08:43:28 |   - Synthetic Data: /Users/juanrios/Documents/master_thesis/data/synthetic
2026-03-26 08:43:28 |   - Processed Data: /Users/juanrios/Documents/master_thesis/data/processed
2026-03-26 08:43:28 |   - Causal Discovery: /Users/juanrios/Documents/master_thesis/data/causal
2026-03-26 08:43:28 |   - Explainability: /Users/juanrios/Documents/master_thesis/data/explainability
2026-03-26 08:43:28 |   - Models: /Users/juanrios/Documents/master_thesis/models
2026-03-26 08:43:28 |   - Logs: /Users/juanrios/Documents/master_thesis/logs
2026-03-26 08:43:28 | 
================================================================================

2026-03-26 08:43:28 | ================================================================================
2026-03-26 08:43:28 | STEP 1: GENERATING SYNTHETIC DATASETS
2026-03-26 08:43:28 | ================================================================================
2026-03-26 08:43:28 | 
[Dataset 1/6] Generating linear system without confounders
2026-03-26 08:43:29 |   ✓ Saved: linear_no_conf_f50_s1000_p50 | Features: 50, Samples: 1000, Y parents: 25, Edges: 527, Confounders: 0
2026-03-26 08:43:29 | 
[Dataset 2/6] Generating linear system with confounders
2026-03-26 08:43:29 |   ✓ Saved: linear_conf_f50_s1000_p50 | Features: 50, Samples: 1000, Y parents: 25, Edges: 527, Confounders: 5
2026-03-26 08:43:29 | 
[Dataset 3/6] Generating nonlinear system without confounders
2026-03-26 08:43:29 |   ✓ Saved: nonlinear_no_conf_f50_s1000_p50 | Features: 50, Samples: 1000, Y parents: 25, Edges: 527, Confounders: 0
2026-03-26 08:43:29 | 
[Dataset 4/6] Generating nonlinear system with confounders
2026-03-26 08:43:29 |   ✓ Saved: nonlinear_conf_f50_s1000_p50 | Features: 50, Samples: 1000, Y parents: 25, Edges: 527, Confounders: 5
2026-03-26 08:43:29 | 
[Dataset 5/6] Generating mixed system without confounders
2026-03-26 08:43:29 |   ✓ Saved: mixed_no_conf_f50_s1000_p50 | Features: 50, Samples: 1000, Y parents: 25, Edges: 527, Confounders: 0
2026-03-26 08:43:29 | 
[Dataset 6/6] Generating mixed system with confounders
2026-03-26 08:43:29 |   ✓ Saved: mixed_conf_f50_s1000_p50 | Features: 50, Samples: 1000, Y parents: 25, Edges: 527, Confounders: 5
2026-03-26 08:43:29 | 
================================================================================
2026-03-26 08:43:29 | Step 1 Complete: 6 datasets generated
2026-03-26 08:43:29 | ================================================================================

2026-03-26 08:43:29 | ================================================================================
2026-03-26 08:43:29 | STEP 2: CREATING TRAIN/TEST SPLITS
2026-03-26 08:43:29 | ================================================================================
2026-03-26 08:43:29 | 
[Dataset 1/6] Processing linear_no_conf_f50_s1000_p50...
2026-03-26 08:43:29 |   ✓ Train: (800, 51), Test: (200, 51)
2026-03-26 08:43:29 | 
[Dataset 2/6] Processing linear_conf_f50_s1000_p50...
2026-03-26 08:43:29 |   ✓ Train: (800, 51), Test: (200, 51)
2026-03-26 08:43:29 | 
[Dataset 3/6] Processing nonlinear_no_conf_f50_s1000_p50...
2026-03-26 08:43:29 |   ✓ Train: (800, 51), Test: (200, 51)
2026-03-26 08:43:29 | 
[Dataset 4/6] Processing nonlinear_conf_f50_s1000_p50...
2026-03-26 08:43:29 |   ✓ Train: (800, 51), Test: (200, 51)
2026-03-26 08:43:29 | 
[Dataset 5/6] Processing mixed_no_conf_f50_s1000_p50...
2026-03-26 08:43:29 |   ✓ Train: (800, 51), Test: (200, 51)
2026-03-26 08:43:29 | 
[Dataset 6/6] Processing mixed_conf_f50_s1000_p50...
2026-03-26 08:43:29 |   ✓ Train: (800, 51), Test: (200, 51)
2026-03-26 08:43:29 | 
================================================================================
2026-03-26 08:43:29 | Step 2 Complete: Train/test splits created for 6 datasets
2026-03-26 08:43:29 | ================================================================================

2026-03-26 08:43:29 | ================================================================================
2026-03-26 08:43:29 | STEP 3: RUNNING CAUSAL DISCOVERY
2026-03-26 08:43:29 | ================================================================================
2026-03-26 08:43:29 | 
[Dataset 1/6] Processing linear_no_conf_f50_s1000_p50
2026-03-26 08:43:29 |   Running LiNGAM...
2026-03-26 08:43:35 |   Running PC...
2026-03-26 08:43:40 |   Extracting train adjacency matrices for Step 5...
2026-03-26 08:43:40 |   ✓ LINGAM: F1=0.292, Precision=0.242, Recall=0.370
2026-03-26 08:43:42 |   ✓ PC: F1=0.221, Precision=0.404, Recall=0.152
2026-03-26 08:43:43 | 
[Dataset 2/6] Processing linear_conf_f50_s1000_p50
2026-03-26 08:43:43 |   Running LiNGAM...
2026-03-26 08:43:50 |   Running PC...
2026-03-26 08:43:55 |   Extracting train adjacency matrices for Step 5...
2026-03-26 08:43:55 |   ✓ LINGAM: F1=0.329, Precision=0.285, Recall=0.387
2026-03-26 08:43:56 |   ✓ PC: F1=0.218, Precision=0.399, Recall=0.150
2026-03-26 08:43:57 | 
[Dataset 3/6] Processing nonlinear_no_conf_f50_s1000_p50
2026-03-26 08:43:57 |   Running LiNGAM...
2026-03-26 08:44:07 |   Running PC...
2026-03-26 08:44:16 |   Extracting train adjacency matrices for Step 5...
2026-03-26 08:44:16 |   ✓ LINGAM: F1=0.184, Precision=0.200, Recall=0.171
2026-03-26 08:44:17 |   ✓ PC: F1=0.173, Precision=0.288, Recall=0.123
2026-03-26 08:44:18 | 
[Dataset 4/6] Processing nonlinear_conf_f50_s1000_p50
2026-03-26 08:44:18 |   Running LiNGAM...
2026-03-26 08:44:32 |   Running PC...
2026-03-26 08:44:48 |   Extracting train adjacency matrices for Step 5...
2026-03-26 08:44:48 |   ✓ LINGAM: F1=0.217, Precision=0.242, Recall=0.197
2026-03-26 08:44:49 |   ✓ PC: F1=0.201, Precision=0.304, Recall=0.150
2026-03-26 08:44:50 | 
[Dataset 5/6] Processing mixed_no_conf_f50_s1000_p50
2026-03-26 08:44:50 |   Running LiNGAM...
2026-03-26 08:44:56 |   Running PC...
2026-03-26 08:44:58 |   Extracting train adjacency matrices for Step 5...
2026-03-26 08:44:58 |   ✓ LINGAM: F1=0.040, Precision=0.393, Recall=0.021
2026-03-26 08:44:59 |   ✓ PC: F1=0.059, Precision=0.205, Recall=0.034
2026-03-26 08:45:00 | 
[Dataset 6/6] Processing mixed_conf_f50_s1000_p50
2026-03-26 08:45:00 |   Running LiNGAM...
2026-03-26 08:45:07 |   Running PC...
2026-03-26 08:45:11 |   Extracting train adjacency matrices for Step 5...
2026-03-26 08:45:11 |   ✓ LINGAM: F1=0.192, Precision=0.241, Recall=0.159
2026-03-26 08:45:12 |   ✓ PC: F1=0.165, Precision=0.285, Recall=0.116
2026-03-26 08:45:14 | 
================================================================================
2026-03-26 08:45:14 | Step 3 Complete: Causal discovery completed for 6 datasets
2026-03-26 08:45:14 | ================================================================================

2026-03-26 08:45:14 | ================================================================================
2026-03-26 08:45:14 | STEP 4: TRAINING PREDICTIVE MODELS
2026-03-26 08:45:14 | ================================================================================
2026-03-26 08:45:14 | 
[Dataset 1/6] Training models for linear_no_conf_f50_s1000_p50
2026-03-26 08:45:14 |   Training LGBM...
2026-03-26 08:45:31 |   ✓ LGBM: R²=0.8271, MSE=7.5464, MAE=2.1771, RMSE=2.7471
2026-03-26 08:45:31 |   Training NN...
2026-03-26 08:45:43 |   ✓ NN: R²=0.9182, MSE=3.5689, MAE=1.5019, RMSE=1.8892
2026-03-26 08:45:43 | 
[Dataset 2/6] Training models for linear_conf_f50_s1000_p50
2026-03-26 08:45:43 |   Training LGBM...
2026-03-26 08:46:06 |   ✓ LGBM: R²=0.8338, MSE=6.1542, MAE=2.0023, RMSE=2.4808
2026-03-26 08:46:06 |   Training NN...
2026-03-26 08:46:11 |   ✓ NN: R²=0.9189, MSE=3.0044, MAE=1.3520, RMSE=1.7333
2026-03-26 08:46:11 | 
[Dataset 3/6] Training models for nonlinear_no_conf_f50_s1000_p50
2026-03-26 08:46:11 |   Training LGBM...
2026-03-26 08:46:23 |   ✓ LGBM: R²=0.3887, MSE=0.5815, MAE=0.4643, RMSE=0.7625
2026-03-26 08:46:23 |   Training NN...
2026-03-26 08:46:29 |   ✓ NN: R²=0.4846, MSE=0.4902, MAE=0.4678, RMSE=0.7002
2026-03-26 08:46:29 | 
[Dataset 4/6] Training models for nonlinear_conf_f50_s1000_p50
2026-03-26 08:46:29 |   Training LGBM...
2026-03-26 08:46:39 |   ✓ LGBM: R²=0.4023, MSE=0.2977, MAE=0.4401, RMSE=0.5456
2026-03-26 08:46:39 |   Training NN...
2026-03-26 08:46:43 |   ✓ NN: R²=0.3382, MSE=0.3296, MAE=0.4365, RMSE=0.5741
2026-03-26 08:46:43 | 
[Dataset 5/6] Training models for mixed_no_conf_f50_s1000_p50
2026-03-26 08:46:43 |   Training LGBM...
2026-03-26 08:46:56 |   ✓ LGBM: R²=0.6062, MSE=0.5054, MAE=0.5498, RMSE=0.7109
2026-03-26 08:46:56 |   Training NN...
2026-03-26 08:46:59 |   ✓ NN: R²=0.6733, MSE=0.4192, MAE=0.5151, RMSE=0.6475
2026-03-26 08:46:59 | 
[Dataset 6/6] Training models for mixed_conf_f50_s1000_p50
2026-03-26 08:46:59 |   Training LGBM...
2026-03-26 08:47:14 |   ✓ LGBM: R²=0.4623, MSE=0.5219, MAE=0.5266, RMSE=0.7224
2026-03-26 08:47:14 |   Training NN...
2026-03-26 08:47:18 |   ✓ NN: R²=0.3908, MSE=0.5913, MAE=0.5237, RMSE=0.7689
2026-03-26 08:47:18 | 
================================================================================
2026-03-26 08:47:18 | Step 4 Complete: Models trained for 6 datasets
2026-03-26 08:47:18 | ================================================================================

2026-03-26 08:47:18 | ================================================================================
2026-03-26 08:47:18 | STEP 5: CALCULATING SHAPLEY VALUES
2026-03-26 08:47:18 | ================================================================================
2026-03-26 08:47:18 | 
[Dataset 1/6] Processing linear_no_conf_f50_s1000_p50
2026-03-26 08:47:18 |   [Progress: 1/14] LGBM - ShapleyFromScratch
2026-03-26 08:54:01 |   [Progress: 2/14] LGBM + PC - AsymmetricShapley
2026-03-26 09:00:39 |   [Progress: 3/14] LGBM + PC - CausalShapley (SLOW - uses 10 inner samples)
2026-03-26 09:42:24 |   [Progress: 4/14] LGBM + PC - ShapleyFlow
2026-03-26 10:40:17 |   [Progress: 5/14] LGBM + LINGAM - AsymmetricShapley
2026-03-26 10:47:24 |   [Progress: 6/14] LGBM + LINGAM - CausalShapley (SLOW - uses 10 inner samples)
2026-03-26 12:33:58 |   [Progress: 7/14] LGBM + LINGAM - ShapleyFlow
