2026-04-16 02:25:42 | Log file: /Users/juanrios/Documents/master_thesis/logs/pipeline_20260416_022542.log
2026-04-16 02:25:42 | 
================================================================================
2026-04-16 02:25:42 | EXPERIMENTAL PIPELINE: CAUSAL FEATURE IMPORTANCE COMPARISON
2026-04-16 02:25:42 | ================================================================================
2026-04-16 02:25:42 | 
================================================================================
2026-04-16 02:25:42 | CONFIGURATION PARAMETERS
2026-04-16 02:25:42 | ================================================================================
2026-04-16 02:25:42 | 
1. DATASET PARAMETERS:
2026-04-16 02:25:42 |    - N_FEATURES: 50
2026-04-16 02:25:42 |    - N_SAMPLES: 1000
2026-04-16 02:25:42 |    - Y_PARENTS_RATIO: 0.5
2026-04-16 02:25:42 |    - NOISE_STD: 0.5
2026-04-16 02:25:42 |    - EDGE_PROBABILITY: 0.2
2026-04-16 02:25:42 |    - MIN_CONNECTED_EDGES: 2
2026-04-16 02:25:42 |    - RANDOM_STATE: 42
2026-04-16 02:25:42 | 
2. MODEL TRAINING PARAMETERS:
2026-04-16 02:25:42 |    - TEST_SIZE: 0.2
2026-04-16 02:25:42 |    - BACKGROUND_RATIO: 0.3
2026-04-16 02:25:42 |    - TEST_INSTANCES_RATIO: 0.5
2026-04-16 02:25:42 | 
3. EXPLAINABILITY PARAMETERS:
2026-04-16 02:25:42 |    - N_SHAPLEY_SAMPLES: 50
2026-04-16 02:25:42 |    - M_INNER_SAMPLES_CAUSAL: 10
2026-04-16 02:25:42 | 
4. CAUSAL DISCOVERY PARAMETERS:
2026-04-16 02:25:42 |    - LINGAM_ALPHA: 0.01
2026-04-16 02:25:42 |    - PC_ALPHA: 0.01
2026-04-16 02:25:42 |    - INDEP_TEST: fisherz
2026-04-16 02:25:42 | 
5. TARGET CONFIGURATION:
2026-04-16 02:25:42 |    - TARGET_DATASETS: ['mixed_conf_f50_s1000_p50', 'mixed_no_conf_f50_s1000_p50']
2026-04-16 02:25:42 |    - MODEL: LGBM (only)
2026-04-16 02:25:42 | 
6. DIRECTORIES:
2026-04-16 02:25:42 |    - BASE_DIR: /Users/juanrios/Documents/master_thesis
2026-04-16 02:25:42 |    - SYNTHETIC_DIR: /Users/juanrios/Documents/master_thesis/data/synthetic
2026-04-16 02:25:42 |    - PROCESSED_DIR: /Users/juanrios/Documents/master_thesis/data/processed
2026-04-16 02:25:42 |    - CAUSAL_DIR: /Users/juanrios/Documents/master_thesis/data/causal
2026-04-16 02:25:42 |    - EXPLAINABILITY_DIR: /Users/juanrios/Documents/master_thesis/data/explainability
2026-04-16 02:25:42 |    - MODELS_DIR: /Users/juanrios/Documents/master_thesis/models
2026-04-16 02:25:42 |    - LOGS_DIR: /Users/juanrios/Documents/master_thesis/logs
2026-04-16 02:25:42 | 
================================================================================

2026-04-16 02:25:42 | ================================================================================
2026-04-16 02:25:42 | STEP 1: GENERATING SYNTHETIC DATASETS
2026-04-16 02:25:42 | ================================================================================
2026-04-16 02:25:42 | 
[Dataset 1/6] Generating linear system without confounders
2026-04-16 02:25:42 |   ✓ Saved: linear_no_conf_f50_s1000_p50 | Features: 50, Samples: 1000, Y parents: 25, Edges: 291, Confounders: 0
2026-04-16 02:25:42 | 
[Dataset 2/6] Generating linear system with confounders
2026-04-16 02:25:42 |   ✓ Saved: linear_conf_f50_s1000_p50 | Features: 50, Samples: 1000, Y parents: 25, Edges: 291, Confounders: 5
2026-04-16 02:25:42 | 
[Dataset 3/6] Generating nonlinear system without confounders
2026-04-16 02:25:42 |   ✓ Saved: nonlinear_no_conf_f50_s1000_p50 | Features: 50, Samples: 1000, Y parents: 25, Edges: 291, Confounders: 0
2026-04-16 02:25:42 | 
[Dataset 4/6] Generating nonlinear system with confounders
2026-04-16 02:25:42 |   ✓ Saved: nonlinear_conf_f50_s1000_p50 | Features: 50, Samples: 1000, Y parents: 25, Edges: 291, Confounders: 5
2026-04-16 02:25:42 | 
[Dataset 5/6] Generating mixed system without confounders
2026-04-16 02:25:42 |   ✓ Saved: mixed_no_conf_f50_s1000_p50 | Features: 50, Samples: 1000, Y parents: 25, Edges: 291, Confounders: 0
2026-04-16 02:25:42 | 
[Dataset 6/6] Generating mixed system with confounders
2026-04-16 02:25:42 |   ✓ Saved: mixed_conf_f50_s1000_p50 | Features: 50, Samples: 1000, Y parents: 25, Edges: 291, Confounders: 5
2026-04-16 02:25:42 | 
================================================================================
2026-04-16 02:25:42 | Step 1 Complete: 6 datasets generated
2026-04-16 02:25:42 | ================================================================================

2026-04-16 02:25:42 | ================================================================================
2026-04-16 02:25:42 | STEP 5: CALCULATING SHAPLEY VALUES (2 datasets + LGBM only)
2026-04-16 02:25:42 | ================================================================================
2026-04-16 02:25:42 | 
[Dataset 1/2] Processing mixed_no_conf_f50_s1000_p50
2026-04-16 02:25:42 |   [Progress: 1/7] LGBM - ShapleyFromScratch
2026-04-16 02:27:44 |   [Progress: 2/7] LGBM + PC - AsymmetricShapley
2026-04-16 02:27:44 |  Calculating asymmetric SHAP values using Frye method
2026-04-16 02:27:44 | Starting Path-based Asymmetric Shapley computation for 100 instances
2026-04-16 02:27:44 | Using 50 samples per instance
2026-04-16 02:27:44 | Processing instance 1/100...
2026-04-16 02:27:45 | Processing instance 2/100...
2026-04-16 02:27:46 | Processing instance 3/100...
2026-04-16 02:27:47 | Processing instance 4/100...
2026-04-16 02:27:48 | Processing instance 5/100...
2026-04-16 02:27:49 | Processing instance 6/100...
2026-04-16 02:27:51 | Processing instance 7/100...
2026-04-16 02:27:52 | Processing instance 8/100...
2026-04-16 02:27:53 | Processing instance 9/100...
2026-04-16 02:27:54 | Processing instance 10/100...
2026-04-16 02:27:55 | Processing instance 11/100...
2026-04-16 02:27:56 | Processing instance 12/100...
2026-04-16 02:27:58 | Processing instance 13/100...
2026-04-16 02:27:59 | Processing instance 14/100...
2026-04-16 02:28:00 | Processing instance 15/100...
2026-04-16 02:28:01 | Processing instance 16/100...
2026-04-16 02:28:02 | Processing instance 17/100...
2026-04-16 02:28:03 | Processing instance 18/100...
2026-04-16 02:28:05 | Processing instance 19/100...
2026-04-16 02:28:06 | Processing instance 20/100...
2026-04-16 02:28:07 |   Completed 20/100 instances
2026-04-16 02:28:07 | Processing instance 21/100...
2026-04-16 02:28:08 | Processing instance 22/100...
2026-04-16 02:28:09 | Processing instance 23/100...
2026-04-16 02:28:11 | Processing instance 24/100...
2026-04-16 02:28:12 | Processing instance 25/100...
2026-04-16 02:28:13 | Processing instance 26/100...
2026-04-16 02:28:14 | Processing instance 27/100...
2026-04-16 02:28:15 | Processing instance 28/100...
2026-04-16 02:28:17 | Processing instance 29/100...
2026-04-16 02:28:18 | Processing instance 30/100...
2026-04-16 02:28:19 | Processing instance 31/100...
2026-04-16 02:28:20 | Processing instance 32/100...
2026-04-16 02:28:22 | Processing instance 33/100...
2026-04-16 02:28:23 | Processing instance 34/100...
2026-04-16 02:28:24 | Processing instance 35/100...
2026-04-16 02:28:25 | Processing instance 36/100...
2026-04-16 02:28:26 | Processing instance 37/100...
2026-04-16 02:28:28 | Processing instance 38/100...
2026-04-16 02:28:29 | Processing instance 39/100...
2026-04-16 02:28:30 | Processing instance 40/100...
2026-04-16 02:28:31 |   Completed 40/100 instances
2026-04-16 02:28:31 | Processing instance 41/100...
2026-04-16 02:28:32 | Processing instance 42/100...
2026-04-16 02:28:34 | Processing instance 43/100...
2026-04-16 02:28:35 | Processing instance 44/100...
2026-04-16 02:28:36 | Processing instance 45/100...
2026-04-16 02:28:37 | Processing instance 46/100...
2026-04-16 02:28:39 | Processing instance 47/100...
2026-04-16 02:28:40 | Processing instance 48/100...
2026-04-16 02:28:41 | Processing instance 49/100...
2026-04-16 02:28:42 | Processing instance 50/100...
2026-04-16 02:28:43 | Processing instance 51/100...
2026-04-16 02:28:45 | Processing instance 52/100...
2026-04-16 02:28:46 | Processing instance 53/100...
2026-04-16 02:28:47 | Processing instance 54/100...
2026-04-16 02:28:48 | Processing instance 55/100...
2026-04-16 02:28:50 | Processing instance 56/100...
2026-04-16 02:28:51 | Processing instance 57/100...
2026-04-16 02:28:52 | Processing instance 58/100...
