2026-03-26 00:44:38 | Log file: /Users/juanrios/Documents/master_thesis/logs/pipeline_20260326_004438.log
2026-03-26 00:44:38 | 
================================================================================
2026-03-26 00:44:38 | EXPERIMENTAL PIPELINE: CAUSAL FEATURE IMPORTANCE COMPARISON
2026-03-26 00:44:38 | ================================================================================
2026-03-26 00:44:38 | 
Configuration:
2026-03-26 00:44:38 |   - Features: 10
2026-03-26 00:44:38 |   - Samples: 1000
2026-03-26 00:44:38 |   - Y Parents Ratio: 0.5
2026-03-26 00:44:38 |   - Random State: 42
2026-03-26 00:44:38 |   - Shapley Samples: 100
2026-03-26 00:44:38 | 
Directories:
2026-03-26 00:44:38 |   - Synthetic Data: /Users/juanrios/Documents/master_thesis/data/synthetic
2026-03-26 00:44:38 |   - Processed Data: /Users/juanrios/Documents/master_thesis/data/processed
2026-03-26 00:44:38 |   - Causal Discovery: /Users/juanrios/Documents/master_thesis/data/causal
2026-03-26 00:44:38 |   - Explainability: /Users/juanrios/Documents/master_thesis/data/explainability
2026-03-26 00:44:38 |   - Models: /Users/juanrios/Documents/master_thesis/models
2026-03-26 00:44:38 |   - Logs: /Users/juanrios/Documents/master_thesis/logs
2026-03-26 00:44:38 | 
================================================================================

2026-03-26 00:44:38 | ================================================================================
2026-03-26 00:44:38 | STEP 1: GENERATING SYNTHETIC DATASETS
2026-03-26 00:44:38 | ================================================================================
2026-03-26 00:44:38 | 
[Dataset 1/6] Generating linear system without confounders
2026-03-26 00:44:38 |   ✓ Saved: linear_no_conf_f10_s1000_p50 | Features: 10, Samples: 1000, Y parents: 5, Edges: 27, Confounders: 0
2026-03-26 00:44:38 | 
[Dataset 2/6] Generating linear system with confounders
2026-03-26 00:44:38 |   ✓ Saved: linear_conf_f10_s1000_p50 | Features: 10, Samples: 1000, Y parents: 5, Edges: 27, Confounders: 2
2026-03-26 00:44:38 | 
[Dataset 3/6] Generating nonlinear system without confounders
2026-03-26 00:44:38 |   ✓ Saved: nonlinear_no_conf_f10_s1000_p50 | Features: 10, Samples: 1000, Y parents: 5, Edges: 27, Confounders: 0
2026-03-26 00:44:38 | 
[Dataset 4/6] Generating nonlinear system with confounders
2026-03-26 00:44:38 |   ✓ Saved: nonlinear_conf_f10_s1000_p50 | Features: 10, Samples: 1000, Y parents: 5, Edges: 27, Confounders: 2
2026-03-26 00:44:38 | 
[Dataset 5/6] Generating mixed system without confounders
2026-03-26 00:44:38 |   ✓ Saved: mixed_no_conf_f10_s1000_p50 | Features: 10, Samples: 1000, Y parents: 5, Edges: 27, Confounders: 0
2026-03-26 00:44:38 | 
[Dataset 6/6] Generating mixed system with confounders
2026-03-26 00:44:38 |   ✓ Saved: mixed_conf_f10_s1000_p50 | Features: 10, Samples: 1000, Y parents: 5, Edges: 27, Confounders: 2
2026-03-26 00:44:38 | 
================================================================================
2026-03-26 00:44:38 | Step 1 Complete: 6 datasets generated
2026-03-26 00:44:38 | ================================================================================

2026-03-26 00:44:38 | ================================================================================
2026-03-26 00:44:38 | STEP 2: CREATING TRAIN/TEST SPLITS
2026-03-26 00:44:38 | ================================================================================
2026-03-26 00:44:38 | 
[Dataset 1/6] Processing linear_no_conf_f10_s1000_p50...
2026-03-26 00:44:38 |   ✓ Train: (800, 11), Test: (200, 11)
2026-03-26 00:44:38 | 
[Dataset 2/6] Processing linear_conf_f10_s1000_p50...
2026-03-26 00:44:38 |   ✓ Train: (800, 11), Test: (200, 11)
2026-03-26 00:44:38 | 
[Dataset 3/6] Processing nonlinear_no_conf_f10_s1000_p50...
2026-03-26 00:44:38 |   ✓ Train: (800, 11), Test: (200, 11)
2026-03-26 00:44:38 | 
[Dataset 4/6] Processing nonlinear_conf_f10_s1000_p50...
2026-03-26 00:44:38 |   ✓ Train: (800, 11), Test: (200, 11)
2026-03-26 00:44:38 | 
[Dataset 5/6] Processing mixed_no_conf_f10_s1000_p50...
2026-03-26 00:44:38 |   ✓ Train: (800, 11), Test: (200, 11)
2026-03-26 00:44:38 | 
[Dataset 6/6] Processing mixed_conf_f10_s1000_p50...
2026-03-26 00:44:38 |   ✓ Train: (800, 11), Test: (200, 11)
2026-03-26 00:44:38 | 
================================================================================
2026-03-26 00:44:38 | Step 2 Complete: Train/test splits created for 6 datasets
2026-03-26 00:44:38 | ================================================================================

2026-03-26 00:44:38 | ================================================================================
2026-03-26 00:44:38 | STEP 3: RUNNING CAUSAL DISCOVERY
2026-03-26 00:44:38 | ================================================================================
2026-03-26 00:44:38 | 
[Dataset 1/6] Processing linear_no_conf_f10_s1000_p50
2026-03-26 00:44:38 |   Running LiNGAM...
2026-03-26 00:44:38 |   Running PC...
2026-03-26 00:44:38 |   Extracting train adjacency matrices for Step 5...
2026-03-26 00:44:38 |   ✓ LINGAM: F1=0.174, Precision=0.143, Recall=0.222
2026-03-26 00:44:39 |   ✓ PC: F1=0.453, Precision=0.462, Recall=0.444
2026-03-26 00:44:39 | 
[Dataset 2/6] Processing linear_conf_f10_s1000_p50
2026-03-26 00:44:39 |   Running LiNGAM...
2026-03-26 00:44:39 |   Running PC...
2026-03-26 00:44:39 |   Extracting train adjacency matrices for Step 5...
2026-03-26 00:44:39 |   ✓ LINGAM: F1=0.286, Precision=0.220, Recall=0.407
2026-03-26 00:44:39 |   ✓ PC: F1=0.441, Precision=0.406, Recall=0.481
2026-03-26 00:44:40 | 
[Dataset 3/6] Processing nonlinear_no_conf_f10_s1000_p50
2026-03-26 00:44:40 |   Running LiNGAM...
2026-03-26 00:44:40 |   Running PC...
2026-03-26 00:44:40 |   Extracting train adjacency matrices for Step 5...
2026-03-26 00:44:40 |   ✓ LINGAM: F1=0.431, Precision=0.458, Recall=0.407
2026-03-26 00:44:40 |   ✓ PC: F1=0.436, Precision=0.429, Recall=0.444
2026-03-26 00:44:40 | 
[Dataset 4/6] Processing nonlinear_conf_f10_s1000_p50
2026-03-26 00:44:40 |   Running LiNGAM...
2026-03-26 00:44:40 |   Running PC...
2026-03-26 00:44:40 |   Extracting train adjacency matrices for Step 5...
2026-03-26 00:44:40 |   ✓ LINGAM: F1=0.517, Precision=0.484, Recall=0.556
2026-03-26 00:44:41 |   ✓ PC: F1=0.392, Precision=0.417, Recall=0.370
2026-03-26 00:44:41 | 
[Dataset 5/6] Processing mixed_no_conf_f10_s1000_p50
2026-03-26 00:44:41 |   Running LiNGAM...
2026-03-26 00:44:41 |   Running PC...
2026-03-26 00:44:41 |   Extracting train adjacency matrices for Step 5...
2026-03-26 00:44:41 |   ✓ LINGAM: F1=0.000, Precision=0.000, Recall=0.000
2026-03-26 00:44:41 |   ✓ PC: F1=0.256, Precision=0.417, Recall=0.185
2026-03-26 00:44:42 | 
[Dataset 6/6] Processing mixed_conf_f10_s1000_p50
2026-03-26 00:44:42 |   Running LiNGAM...
2026-03-26 00:44:42 |   Running PC...
2026-03-26 00:44:42 |   Extracting train adjacency matrices for Step 5...
2026-03-26 00:44:42 |   ✓ LINGAM: F1=0.519, Precision=0.519, Recall=0.519
2026-03-26 00:44:42 |   ✓ PC: F1=0.281, Precision=0.267, Recall=0.296
2026-03-26 00:44:42 | 
================================================================================
2026-03-26 00:44:42 | Step 3 Complete: Causal discovery completed for 6 datasets
2026-03-26 00:44:42 | ================================================================================

2026-03-26 00:44:42 | ================================================================================
2026-03-26 00:44:42 | STEP 4: TRAINING PREDICTIVE MODELS
2026-03-26 00:44:42 | ================================================================================
2026-03-26 00:44:42 | 
[Dataset 1/6] Training models for linear_no_conf_f10_s1000_p50
2026-03-26 00:44:42 |   Training LGBM...
2026-03-26 00:45:13 |   ✓ LGBM: R²=0.8604, MSE=0.6551, MAE=0.6456, RMSE=0.8094
2026-03-26 00:45:13 |   Training NN...
2026-03-26 00:45:20 |   ✓ NN: R²=0.8750, MSE=0.5866, MAE=0.6181, RMSE=0.7659
2026-03-26 00:45:20 | 
[Dataset 2/6] Training models for linear_conf_f10_s1000_p50
2026-03-26 00:45:20 |   Training LGBM...
2026-03-26 00:45:39 |   ✓ LGBM: R²=0.9046, MSE=2.1182, MAE=1.1429, RMSE=1.4554
2026-03-26 00:45:39 |   Training NN...
2026-03-26 00:45:43 |   ✓ NN: R²=0.9389, MSE=1.3568, MAE=0.9503, RMSE=1.1648
2026-03-26 00:45:43 | 
[Dataset 3/6] Training models for nonlinear_no_conf_f10_s1000_p50
2026-03-26 00:45:43 |   Training LGBM...
2026-03-26 00:45:55 |   ✓ LGBM: R²=0.7109, MSE=0.3574, MAE=0.4697, RMSE=0.5978
2026-03-26 00:45:55 |   Training NN...
2026-03-26 00:46:00 |   ✓ NN: R²=0.7425, MSE=0.3184, MAE=0.4599, RMSE=0.5642
2026-03-26 00:46:00 | 
[Dataset 4/6] Training models for nonlinear_conf_f10_s1000_p50
2026-03-26 00:46:00 |   Training LGBM...
2026-03-26 00:46:14 |   ✓ LGBM: R²=0.6932, MSE=0.6745, MAE=0.5224, RMSE=0.8213
2026-03-26 00:46:14 |   Training NN...
2026-03-26 00:46:20 |   ✓ NN: R²=0.8441, MSE=0.3427, MAE=0.4509, RMSE=0.5854
2026-03-26 00:46:20 | 
[Dataset 5/6] Training models for mixed_no_conf_f10_s1000_p50
2026-03-26 00:46:20 |   Training LGBM...
2026-03-26 00:46:29 |   ✓ LGBM: R²=0.7794, MSE=0.2957, MAE=0.4340, RMSE=0.5438
2026-03-26 00:46:29 |   Training NN...
2026-03-26 00:46:32 |   ✓ NN: R²=0.8075, MSE=0.2581, MAE=0.3898, RMSE=0.5080
2026-03-26 00:46:32 | 
[Dataset 6/6] Training models for mixed_conf_f10_s1000_p50
2026-03-26 00:46:32 |   Training LGBM...
2026-03-26 00:46:45 |   ✓ LGBM: R²=0.6766, MSE=0.4019, MAE=0.5126, RMSE=0.6339
2026-03-26 00:46:45 |   Training NN...
2026-03-26 00:46:51 |   ✓ NN: R²=0.6854, MSE=0.3909, MAE=0.4883, RMSE=0.6252
2026-03-26 00:46:51 | 
================================================================================
2026-03-26 00:46:51 | Step 4 Complete: Models trained for 6 datasets
2026-03-26 00:46:51 | ================================================================================

2026-03-26 00:46:51 | ================================================================================
2026-03-26 00:46:51 | STEP 5: CALCULATING SHAPLEY VALUES
2026-03-26 00:46:51 | ================================================================================
2026-03-26 00:46:51 | 
[Dataset 1/6] Processing linear_no_conf_f10_s1000_p50
2026-03-26 00:46:51 |   [Progress: 1/14] LGBM - ShapleyFromScratch
2026-03-26 00:48:19 |   [Progress: 2/14] LGBM + PC - AsymmetricShapley
2026-03-26 00:49:44 |   [Progress: 3/14] LGBM + PC - CausalShapley (SLOW - uses 10 inner samples)
2026-03-26 00:50:39 |   [Progress: 4/14] LGBM + PC - ShapleyFlow
2026-03-26 00:51:35 |   [Progress: 5/14] LGBM + LINGAM - AsymmetricShapley
2026-03-26 00:53:01 |   [Progress: 6/14] LGBM + LINGAM - CausalShapley (SLOW - uses 10 inner samples)
2026-03-26 00:54:59 |   [Progress: 7/14] LGBM + LINGAM - ShapleyFlow
2026-03-26 01:09:21 |   [Progress: 8/14] NN - ShapleyFromScratch
2026-03-26 01:10:07 |   [Progress: 9/14] NN + PC - AsymmetricShapley
2026-03-26 01:10:54 |   [Progress: 10/14] NN + PC - CausalShapley (SLOW - uses 10 inner samples)
2026-03-26 01:11:42 |   [Progress: 11/14] NN + PC - ShapleyFlow
2026-03-26 01:12:33 |   [Progress: 12/14] NN + LINGAM - AsymmetricShapley
2026-03-26 01:13:19 |   [Progress: 13/14] NN + LINGAM - CausalShapley (SLOW - uses 10 inner samples)
2026-03-26 01:15:07 |   [Progress: 14/14] NN + LINGAM - ShapleyFlow
2026-03-26 01:28:39 |   ✓ Completed linear_no_conf_f10_s1000_p50 in 41.8 minutes
2026-03-26 01:28:39 | 
[Dataset 2/6] Processing linear_conf_f10_s1000_p50
2026-03-26 01:28:39 |   [Progress: 1/14] LGBM - ShapleyFromScratch
2026-03-26 01:29:41 |   [Progress: 2/14] LGBM + PC - AsymmetricShapley
2026-03-26 01:30:45 |   [Progress: 3/14] LGBM + PC - CausalShapley (SLOW - uses 10 inner samples)
2026-03-26 01:32:19 |   [Progress: 4/14] LGBM + PC - ShapleyFlow
2026-03-26 01:34:00 |   [Progress: 5/14] LGBM + LINGAM - AsymmetricShapley
2026-03-26 01:35:04 |   [Progress: 6/14] LGBM + LINGAM - CausalShapley (SLOW - uses 10 inner samples)
2026-03-26 01:37:26 |   [Progress: 7/14] LGBM + LINGAM - ShapleyFlow
2026-03-26 02:02:24 |   [Progress: 8/14] NN - ShapleyFromScratch
2026-03-26 02:03:11 |   [Progress: 9/14] NN + PC - AsymmetricShapley
2026-03-26 02:03:58 |   [Progress: 10/14] NN + PC - CausalShapley (SLOW - uses 10 inner samples)
2026-03-26 02:05:27 |   [Progress: 11/14] NN + PC - ShapleyFlow
2026-03-26 02:07:04 |   [Progress: 12/14] NN + LINGAM - AsymmetricShapley
2026-03-26 02:07:52 |   [Progress: 13/14] NN + LINGAM - CausalShapley (SLOW - uses 10 inner samples)
2026-03-26 02:10:07 |   [Progress: 14/14] NN + LINGAM - ShapleyFlow
2026-03-26 02:33:48 |   ✓ Completed linear_conf_f10_s1000_p50 in 65.2 minutes
2026-03-26 02:33:48 | 
[Dataset 3/6] Processing nonlinear_no_conf_f10_s1000_p50
2026-03-26 02:33:48 |   [Progress: 1/14] LGBM - ShapleyFromScratch
2026-03-26 02:34:35 |   [Progress: 2/14] LGBM + PC - AsymmetricShapley
2026-03-26 02:35:22 |   [Progress: 3/14] LGBM + PC - CausalShapley (SLOW - uses 10 inner samples)
2026-03-26 02:36:14 |   [Progress: 4/14] LGBM + PC - ShapleyFlow
2026-03-26 02:38:24 |   [Progress: 5/14] LGBM + LINGAM - AsymmetricShapley
2026-03-26 02:39:11 |   [Progress: 6/14] LGBM + LINGAM - CausalShapley (SLOW - uses 10 inner samples)
2026-03-26 02:41:07 |   [Progress: 7/14] LGBM + LINGAM - ShapleyFlow
2026-03-26 02:49:08 |   [Progress: 8/14] NN - ShapleyFromScratch
2026-03-26 02:50:08 |   [Progress: 9/14] NN + PC - AsymmetricShapley
2026-03-26 02:51:07 |   [Progress: 10/14] NN + PC - CausalShapley (SLOW - uses 10 inner samples)
2026-03-26 02:51:56 |   [Progress: 11/14] NN + PC - ShapleyFlow
2026-03-26 02:53:58 |   [Progress: 12/14] NN + LINGAM - AsymmetricShapley
2026-03-26 02:54:57 |   [Progress: 13/14] NN + LINGAM - CausalShapley (SLOW - uses 10 inner samples)
2026-03-26 02:56:50 |   [Progress: 14/14] NN + LINGAM - ShapleyFlow
2026-03-26 03:04:20 |   ✓ Completed nonlinear_no_conf_f10_s1000_p50 in 30.5 minutes
2026-03-26 03:04:20 | 
[Dataset 4/6] Processing nonlinear_conf_f10_s1000_p50
2026-03-26 03:04:20 |   [Progress: 1/14] LGBM - ShapleyFromScratch
2026-03-26 03:05:23 |   [Progress: 2/14] LGBM + PC - AsymmetricShapley
2026-03-26 03:06:27 |   [Progress: 3/14] LGBM + PC - CausalShapley (SLOW - uses 10 inner samples)
2026-03-26 03:08:06 |   [Progress: 4/14] LGBM + PC - ShapleyFlow
2026-03-26 03:09:42 |   [Progress: 5/14] LGBM + LINGAM - AsymmetricShapley
2026-03-26 03:10:45 |   [Progress: 6/14] LGBM + LINGAM - CausalShapley (SLOW - uses 10 inner samples)
2026-03-26 03:13:11 |   [Progress: 7/14] LGBM + LINGAM - ShapleyFlow
2026-03-26 03:29:07 |   [Progress: 8/14] NN - ShapleyFromScratch
2026-03-26 03:29:53 |   [Progress: 9/14] NN + PC - AsymmetricShapley
2026-03-26 03:30:40 |   [Progress: 10/14] NN + PC - CausalShapley (SLOW - uses 10 inner samples)
2026-03-26 03:32:13 |   [Progress: 11/14] NN + PC - ShapleyFlow
2026-03-26 03:33:46 |   [Progress: 12/14] NN + LINGAM - AsymmetricShapley
2026-03-26 03:34:32 |   [Progress: 13/14] NN + LINGAM - CausalShapley (SLOW - uses 10 inner samples)
2026-03-26 03:36:53 |   [Progress: 14/14] NN + LINGAM - ShapleyFlow
2026-03-26 03:52:14 |   ✓ Completed nonlinear_conf_f10_s1000_p50 in 47.9 minutes
2026-03-26 03:52:14 | 
[Dataset 5/6] Processing mixed_no_conf_f10_s1000_p50
2026-03-26 03:52:14 |   [Progress: 1/14] LGBM - ShapleyFromScratch
2026-03-26 03:53:01 |   [Progress: 2/14] LGBM + PC - AsymmetricShapley
2026-03-26 03:53:49 |   [Progress: 3/14] LGBM + PC - CausalShapley (SLOW - uses 10 inner samples)
2026-03-26 03:54:42 |   [Progress: 4/14] LGBM + PC - ShapleyFlow
2026-03-26 03:55:36 |   [Progress: 5/14] LGBM + LINGAM - AsymmetricShapley
2026-03-26 03:56:24 |   [Progress: 6/14] LGBM + LINGAM - CausalShapley (SLOW - uses 10 inner samples)
2026-03-26 03:57:16 |   [Progress: 7/14] LGBM + LINGAM - ShapleyFlow
2026-03-26 03:57:25 |   [Progress: 8/14] NN - ShapleyFromScratch
2026-03-26 03:58:09 |   [Progress: 9/14] NN + PC - AsymmetricShapley
2026-03-26 03:58:53 |   [Progress: 10/14] NN + PC - CausalShapley (SLOW - uses 10 inner samples)
2026-03-26 03:59:41 |   [Progress: 11/14] NN + PC - ShapleyFlow
2026-03-26 04:00:31 |   [Progress: 12/14] NN + LINGAM - AsymmetricShapley
2026-03-26 04:01:15 |   [Progress: 13/14] NN + LINGAM - CausalShapley (SLOW - uses 10 inner samples)
2026-03-26 04:02:03 |   [Progress: 14/14] NN + LINGAM - ShapleyFlow
2026-03-26 04:02:11 |   ✓ Completed mixed_no_conf_f10_s1000_p50 in 10.0 minutes
2026-03-26 04:02:11 | 
[Dataset 6/6] Processing mixed_conf_f10_s1000_p50
2026-03-26 04:02:11 |   [Progress: 1/14] LGBM - ShapleyFromScratch
2026-03-26 04:02:57 |   [Progress: 2/14] LGBM + PC - AsymmetricShapley
2026-03-26 04:03:42 |   [Progress: 3/14] LGBM + PC - CausalShapley (SLOW - uses 10 inner samples)
2026-03-26 04:04:58 |   [Progress: 4/14] LGBM + PC - ShapleyFlow
2026-03-26 04:05:52 |   [Progress: 5/14] LGBM + LINGAM - AsymmetricShapley
2026-03-26 04:06:38 |   [Progress: 6/14] LGBM + LINGAM - CausalShapley (SLOW - uses 10 inner samples)
2026-03-26 04:08:50 |   [Progress: 7/14] LGBM + LINGAM - ShapleyFlow
2026-03-26 04:20:38 |   [Progress: 8/14] NN - ShapleyFromScratch
2026-03-26 04:21:22 |   [Progress: 9/14] NN + PC - AsymmetricShapley
2026-03-26 04:22:06 |   [Progress: 10/14] NN + PC - CausalShapley (SLOW - uses 10 inner samples)
2026-03-26 04:23:19 |   [Progress: 11/14] NN + PC - ShapleyFlow
2026-03-26 04:24:08 |   [Progress: 12/14] NN + LINGAM - AsymmetricShapley
2026-03-26 04:24:53 |   [Progress: 13/14] NN + LINGAM - CausalShapley (SLOW - uses 10 inner samples)
2026-03-26 04:27:01 |   [Progress: 14/14] NN + LINGAM - ShapleyFlow
2026-03-26 04:37:53 |   ✓ Completed mixed_conf_f10_s1000_p50 in 35.7 minutes
2026-03-26 04:37:53 | 
================================================================================
2026-03-26 04:37:53 | Step 5 Complete: Shapley values calculated for all combinations
2026-03-26 04:37:53 | ================================================================================

2026-03-26 04:37:53 | ================================================================================
2026-03-26 04:37:53 | STEP 6: CALCULATING COMPARISON METRICS
2026-03-26 04:37:53 | ================================================================================
2026-03-26 04:37:53 | 
[Dataset 1/6] Processing linear_no_conf_f10_s1000_p50
2026-03-26 04:37:53 |   Processing LGBM + PC
2026-03-26 04:37:53 |     ✓ Saved metrics and visualization
2026-03-26 04:37:53 |   Processing LGBM + LINGAM
2026-03-26 04:37:53 |     ✓ Saved metrics and visualization
2026-03-26 04:37:53 |   Processing NN + PC
2026-03-26 04:37:53 |     ✓ Saved metrics and visualization
2026-03-26 04:37:53 |   Processing NN + LINGAM
2026-03-26 04:37:53 |     ✓ Saved metrics and visualization
2026-03-26 04:37:53 | 
[Dataset 2/6] Processing linear_conf_f10_s1000_p50
2026-03-26 04:37:53 |   Processing LGBM + PC
2026-03-26 04:37:54 |     ✓ Saved metrics and visualization
2026-03-26 04:37:54 |   Processing LGBM + LINGAM
2026-03-26 04:37:54 |     ✓ Saved metrics and visualization
2026-03-26 04:37:54 |   Processing NN + PC
2026-03-26 04:37:54 |     ✓ Saved metrics and visualization
2026-03-26 04:37:54 |   Processing NN + LINGAM
2026-03-26 04:37:54 |     ✓ Saved metrics and visualization
2026-03-26 04:37:54 | 
[Dataset 3/6] Processing nonlinear_no_conf_f10_s1000_p50
2026-03-26 04:37:54 |   Processing LGBM + PC
2026-03-26 04:37:54 |     ✓ Saved metrics and visualization
2026-03-26 04:37:54 |   Processing LGBM + LINGAM
2026-03-26 04:37:54 |     ✓ Saved metrics and visualization
2026-03-26 04:37:54 |   Processing NN + PC
2026-03-26 04:37:54 |     ✓ Saved metrics and visualization
2026-03-26 04:37:54 |   Processing NN + LINGAM
2026-03-26 04:37:54 |     ✓ Saved metrics and visualization
2026-03-26 04:37:54 | 
[Dataset 4/6] Processing nonlinear_conf_f10_s1000_p50
2026-03-26 04:37:54 |   Processing LGBM + PC
2026-03-26 04:37:55 |     ✓ Saved metrics and visualization
2026-03-26 04:37:55 |   Processing LGBM + LINGAM
2026-03-26 04:37:55 |     ✓ Saved metrics and visualization
2026-03-26 04:37:55 |   Processing NN + PC
2026-03-26 04:37:55 |     ✓ Saved metrics and visualization
2026-03-26 04:37:55 |   Processing NN + LINGAM
2026-03-26 04:37:55 |     ✓ Saved metrics and visualization
2026-03-26 04:37:55 | 
[Dataset 5/6] Processing mixed_no_conf_f10_s1000_p50
2026-03-26 04:37:55 |   Processing LGBM + PC
2026-03-26 04:37:55 |     ✓ Saved metrics and visualization
2026-03-26 04:37:55 |   Processing LGBM + LINGAM
2026-03-26 04:37:55 |     ✓ Saved metrics and visualization
2026-03-26 04:37:55 |   Processing NN + PC
2026-03-26 04:37:55 |     ✓ Saved metrics and visualization
2026-03-26 04:37:55 |   Processing NN + LINGAM
2026-03-26 04:37:55 |     ✓ Saved metrics and visualization
2026-03-26 04:37:55 | 
[Dataset 6/6] Processing mixed_conf_f10_s1000_p50
2026-03-26 04:37:55 |   Processing LGBM + PC
2026-03-26 04:37:56 |     ✓ Saved metrics and visualization
2026-03-26 04:37:56 |   Processing LGBM + LINGAM
2026-03-26 04:37:56 |     ✓ Saved metrics and visualization
2026-03-26 04:37:56 |   Processing NN + PC
2026-03-26 04:37:56 |     ✓ Saved metrics and visualization
2026-03-26 04:37:56 |   Processing NN + LINGAM
2026-03-26 04:37:56 |     ✓ Saved metrics and visualization
2026-03-26 04:37:56 | 
================================================================================
2026-03-26 04:37:56 | Step 6 Complete: Comparison metrics calculated for all combinations
2026-03-26 04:37:56 | ================================================================================

2026-03-26 04:37:56 | 
================================================================================
2026-03-26 04:37:56 | PIPELINE COMPLETED SUCCESSFULLY!
2026-03-26 04:37:56 | ================================================================================
2026-03-26 04:37:56 | 
Total execution time: 233.3 minutes (3.89 hours)
2026-03-26 04:37:56 | 
Results saved in:
2026-03-26 04:37:56 |   - Synthetic data: /Users/juanrios/Documents/master_thesis/data/synthetic
2026-03-26 04:37:56 |   - Processed data: /Users/juanrios/Documents/master_thesis/data/processed
2026-03-26 04:37:56 |   - Causal discovery: /Users/juanrios/Documents/master_thesis/data/causal
2026-03-26 04:37:56 |   - Models: /Users/juanrios/Documents/master_thesis/models
2026-03-26 04:37:56 |   - Explainability: /Users/juanrios/Documents/master_thesis/data/explainability
2026-03-26 04:37:56 |   - Logs: /Users/juanrios/Documents/master_thesis/logs
2026-03-26 04:37:56 | 
================================================================================

