2026-03-25 23:41:08 | Log file: /Users/juanrios/Documents/master_thesis/logs/pipeline_20260325_234108.log
2026-03-25 23:41:08 | 
================================================================================
2026-03-25 23:41:08 | EXPERIMENTAL PIPELINE: CAUSAL FEATURE IMPORTANCE COMPARISON
2026-03-25 23:41:08 | ================================================================================
2026-03-25 23:41:08 | 
Configuration:
2026-03-25 23:41:08 |   - Features: 10
2026-03-25 23:41:08 |   - Samples: 1000
2026-03-25 23:41:08 |   - Y Parents Ratio: 0.5
2026-03-25 23:41:08 |   - Random State: 42
2026-03-25 23:41:08 |   - Shapley Samples: 100
2026-03-25 23:41:08 | 
Directories:
2026-03-25 23:41:08 |   - Synthetic Data: /Users/juanrios/Documents/master_thesis/data/synthetic
2026-03-25 23:41:08 |   - Processed Data: /Users/juanrios/Documents/master_thesis/data/processed
2026-03-25 23:41:08 |   - Causal Discovery: /Users/juanrios/Documents/master_thesis/data/causal
2026-03-25 23:41:08 |   - Explainability: /Users/juanrios/Documents/master_thesis/data/explainability
2026-03-25 23:41:08 |   - Models: /Users/juanrios/Documents/master_thesis/models
2026-03-25 23:41:08 |   - Logs: /Users/juanrios/Documents/master_thesis/logs
2026-03-25 23:41:08 | 
================================================================================

2026-03-25 23:41:08 | ================================================================================
2026-03-25 23:41:08 | STEP 1: GENERATING SYNTHETIC DATASETS
2026-03-25 23:41:08 | ================================================================================
2026-03-25 23:41:08 | 
[Dataset 1/6] Generating linear system without confounders
2026-03-25 23:41:08 |   ✓ Saved: linear_no_conf_f10_s1000_p50 | Features: 10, Samples: 1000, Y parents: 5, Edges: 31, Confounders: 0
2026-03-25 23:41:08 | 
[Dataset 2/6] Generating linear system with confounders
2026-03-25 23:41:08 |   ✓ Saved: linear_conf_f10_s1000_p50 | Features: 10, Samples: 1000, Y parents: 5, Edges: 31, Confounders: 2
2026-03-25 23:41:08 | 
[Dataset 3/6] Generating nonlinear system without confounders
2026-03-25 23:41:08 |   ✓ Saved: nonlinear_no_conf_f10_s1000_p50 | Features: 10, Samples: 1000, Y parents: 5, Edges: 31, Confounders: 0
2026-03-25 23:41:08 | 
[Dataset 4/6] Generating nonlinear system with confounders
2026-03-25 23:41:08 |   ✓ Saved: nonlinear_conf_f10_s1000_p50 | Features: 10, Samples: 1000, Y parents: 5, Edges: 31, Confounders: 2
2026-03-25 23:41:08 | 
[Dataset 5/6] Generating mixed system without confounders
2026-03-25 23:41:08 |   ✓ Saved: mixed_no_conf_f10_s1000_p50 | Features: 10, Samples: 1000, Y parents: 5, Edges: 31, Confounders: 0
2026-03-25 23:41:08 | 
[Dataset 6/6] Generating mixed system with confounders
2026-03-25 23:41:08 |   ✓ Saved: mixed_conf_f10_s1000_p50 | Features: 10, Samples: 1000, Y parents: 5, Edges: 31, Confounders: 2
2026-03-25 23:41:08 | 
================================================================================
2026-03-25 23:41:08 | Step 1 Complete: 6 datasets generated
2026-03-25 23:41:08 | ================================================================================

2026-03-25 23:41:08 | ================================================================================
2026-03-25 23:41:08 | STEP 2: CREATING TRAIN/TEST SPLITS
2026-03-25 23:41:08 | ================================================================================
2026-03-25 23:41:08 | 
[Dataset 1/6] Processing linear_no_conf_f10_s1000_p50...
2026-03-25 23:41:08 |   ✓ Train: (800, 11), Test: (200, 11)
2026-03-25 23:41:08 | 
[Dataset 2/6] Processing linear_conf_f10_s1000_p50...
2026-03-25 23:41:08 |   ✓ Train: (800, 11), Test: (200, 11)
2026-03-25 23:41:08 | 
[Dataset 3/6] Processing nonlinear_no_conf_f10_s1000_p50...
2026-03-25 23:41:08 |   ✓ Train: (800, 11), Test: (200, 11)
2026-03-25 23:41:08 | 
[Dataset 4/6] Processing nonlinear_conf_f10_s1000_p50...
2026-03-25 23:41:08 |   ✓ Train: (800, 11), Test: (200, 11)
2026-03-25 23:41:08 | 
[Dataset 5/6] Processing mixed_no_conf_f10_s1000_p50...
2026-03-25 23:41:08 |   ✓ Train: (800, 11), Test: (200, 11)
2026-03-25 23:41:08 | 
[Dataset 6/6] Processing mixed_conf_f10_s1000_p50...
2026-03-25 23:41:08 |   ✓ Train: (800, 11), Test: (200, 11)
2026-03-25 23:41:08 | 
================================================================================
2026-03-25 23:41:08 | Step 2 Complete: Train/test splits created for 6 datasets
2026-03-25 23:41:08 | ================================================================================

2026-03-25 23:41:08 | ================================================================================
2026-03-25 23:41:08 | STEP 3: RUNNING CAUSAL DISCOVERY
2026-03-25 23:41:08 | ================================================================================
2026-03-25 23:41:08 | 
[Dataset 1/6] Processing linear_no_conf_f10_s1000_p50
2026-03-25 23:41:08 |   Running LiNGAM...
2026-03-25 23:41:09 |   Running PC...
2026-03-25 23:41:09 |   Extracting train adjacency matrices for Step 5...
2026-03-25 23:41:09 |   ✓ LINGAM: F1=0.444, Precision=0.390, Recall=0.516
2026-03-25 23:41:09 |   ✓ PC: F1=0.426, Precision=0.433, Recall=0.419
2026-03-25 23:41:09 | 
[Dataset 2/6] Processing linear_conf_f10_s1000_p50
2026-03-25 23:41:09 |   Running LiNGAM...
2026-03-25 23:41:10 |   Running PC...
2026-03-25 23:41:10 |   Extracting train adjacency matrices for Step 5...
2026-03-25 23:41:10 |   ✓ LINGAM: F1=0.219, Precision=0.190, Recall=0.258
2026-03-25 23:41:10 |   ✓ PC: F1=0.441, Precision=0.464, Recall=0.419
2026-03-25 23:41:10 | 
[Dataset 3/6] Processing nonlinear_no_conf_f10_s1000_p50
2026-03-25 23:41:10 |   Running LiNGAM...
2026-03-25 23:41:10 |   Running PC...
2026-03-25 23:41:10 |   Extracting train adjacency matrices for Step 5...
2026-03-25 23:41:10 |   ✓ LINGAM: F1=0.389, Precision=0.341, Recall=0.452
2026-03-25 23:41:11 |   ✓ PC: F1=0.441, Precision=0.464, Recall=0.419
2026-03-25 23:41:11 | 
[Dataset 4/6] Processing nonlinear_conf_f10_s1000_p50
2026-03-25 23:41:11 |   Running LiNGAM...
2026-03-25 23:41:11 |   Running PC...
2026-03-25 23:41:11 |   Extracting train adjacency matrices for Step 5...
2026-03-25 23:41:11 |   ✓ LINGAM: F1=0.344, Precision=0.333, Recall=0.355
2026-03-25 23:41:11 |   ✓ PC: F1=0.349, Precision=0.344, Recall=0.355
2026-03-25 23:41:12 | 
[Dataset 5/6] Processing mixed_no_conf_f10_s1000_p50
2026-03-25 23:41:12 |   Running LiNGAM...
2026-03-25 23:41:12 |   Running PC...
2026-03-25 23:41:12 |   Extracting train adjacency matrices for Step 5...
2026-03-25 23:41:12 |   ✓ LINGAM: F1=0.051, Precision=0.125, Recall=0.032
2026-03-25 23:41:12 |   ✓ PC: F1=0.205, Precision=0.500, Recall=0.129
2026-03-25 23:41:12 | 
[Dataset 6/6] Processing mixed_conf_f10_s1000_p50
2026-03-25 23:41:12 |   Running LiNGAM...
2026-03-25 23:41:12 |   Running PC...
2026-03-25 23:41:12 |   Extracting train adjacency matrices for Step 5...
2026-03-25 23:41:12 |   ✓ LINGAM: F1=0.540, Precision=0.531, Recall=0.548
2026-03-25 23:41:13 |   ✓ PC: F1=0.431, Precision=0.412, Recall=0.452
2026-03-25 23:41:13 | 
================================================================================
2026-03-25 23:41:13 | Step 3 Complete: Causal discovery completed for 6 datasets
2026-03-25 23:41:13 | ================================================================================

2026-03-25 23:41:13 | ================================================================================
2026-03-25 23:41:13 | STEP 4: TRAINING PREDICTIVE MODELS
2026-03-25 23:41:13 | ================================================================================
2026-03-25 23:41:13 | 
[Dataset 1/6] Training models for linear_no_conf_f10_s1000_p50
2026-03-25 23:41:13 |   Training LGBM...
2026-03-25 23:41:27 |   ✓ LGBM: R²=0.8975, MSE=0.9159, MAE=0.7553, RMSE=0.9570
2026-03-25 23:41:27 |   Training NN...
2026-03-25 23:41:33 |   ✓ NN: R²=0.9352, MSE=0.5795, MAE=0.5982, RMSE=0.7613
2026-03-25 23:41:33 | 
[Dataset 2/6] Training models for linear_conf_f10_s1000_p50
2026-03-25 23:41:33 |   Training LGBM...
2026-03-25 23:41:51 |   ✓ LGBM: R²=0.8009, MSE=2.2554, MAE=1.1762, RMSE=1.5018
2026-03-25 23:41:51 |   Training NN...
2026-03-25 23:41:55 |   ✓ NN: R²=0.8582, MSE=1.6066, MAE=1.0304, RMSE=1.2675
2026-03-25 23:41:55 | 
[Dataset 3/6] Training models for nonlinear_no_conf_f10_s1000_p50
2026-03-25 23:41:55 |   Training LGBM...
2026-03-25 23:42:05 |   ✓ LGBM: R²=0.5566, MSE=0.5268, MAE=0.4824, RMSE=0.7258
2026-03-25 23:42:05 |   Training NN...
2026-03-25 23:42:11 |   ✓ NN: R²=0.5676, MSE=0.5137, MAE=0.4800, RMSE=0.7167
2026-03-25 23:42:11 | 
[Dataset 4/6] Training models for nonlinear_conf_f10_s1000_p50
2026-03-25 23:42:11 |   Training LGBM...
2026-03-25 23:42:27 |   ✓ LGBM: R²=0.7290, MSE=0.4223, MAE=0.5014, RMSE=0.6498
2026-03-25 23:42:27 |   Training NN...
2026-03-25 23:42:33 |   ✓ NN: R²=0.7274, MSE=0.4248, MAE=0.5006, RMSE=0.6518
2026-03-25 23:42:33 | 
[Dataset 5/6] Training models for mixed_no_conf_f10_s1000_p50
2026-03-25 23:42:33 |   Training LGBM...
2026-03-25 23:42:49 |   ✓ LGBM: R²=0.7238, MSE=0.3864, MAE=0.5027, RMSE=0.6216
2026-03-25 23:42:49 |   Training NN...
2026-03-25 23:42:54 |   ✓ NN: R²=0.7640, MSE=0.3302, MAE=0.4768, RMSE=0.5746
2026-03-25 23:42:54 | 
[Dataset 6/6] Training models for mixed_conf_f10_s1000_p50
2026-03-25 23:42:54 |   Training LGBM...
2026-03-25 23:43:06 |   ✓ LGBM: R²=0.7430, MSE=0.3100, MAE=0.4477, RMSE=0.5567
2026-03-25 23:43:06 |   Training NN...
2026-03-25 23:43:13 |   ✓ NN: R²=0.7733, MSE=0.2734, MAE=0.4200, RMSE=0.5229
2026-03-25 23:43:13 | 
================================================================================
2026-03-25 23:43:13 | Step 4 Complete: Models trained for 6 datasets
2026-03-25 23:43:13 | ================================================================================

2026-03-25 23:43:13 | ================================================================================
2026-03-25 23:43:13 | STEP 5: CALCULATING SHAPLEY VALUES
2026-03-25 23:43:13 | ================================================================================
2026-03-25 23:43:13 | 
[Dataset 1/6] Processing linear_no_conf_f10_s1000_p50
2026-03-25 23:43:13 |   [Progress: 1/14] LGBM - ShapleyFromScratch
2026-03-25 23:44:13 |   [Progress: 2/14] LGBM + PC - AsymmetricShapley
2026-03-25 23:45:14 |   [Progress: 3/14] LGBM + PC - CausalShapley (SLOW - uses 10 inner samples)
2026-03-25 23:46:10 |   [Progress: 4/14] LGBM + PC - ShapleyFlow
2026-03-25 23:47:59 |   [Progress: 5/14] LGBM + LINGAM - AsymmetricShapley
2026-03-25 23:49:00 |   [Progress: 6/14] LGBM + LINGAM - CausalShapley (SLOW - uses 10 inner samples)
2026-03-25 23:51:14 |   [Progress: 7/14] LGBM + LINGAM - ShapleyFlow
2026-03-26 00:12:20 |   [Progress: 8/14] NN - ShapleyFromScratch
2026-03-26 00:13:10 |   [Progress: 9/14] NN + PC - AsymmetricShapley
2026-03-26 00:14:00 |   [Progress: 10/14] NN + PC - CausalShapley (SLOW - uses 10 inner samples)
2026-03-26 00:14:48 |   [Progress: 11/14] NN + PC - ShapleyFlow
2026-03-26 00:16:25 |   [Progress: 12/14] NN + LINGAM - AsymmetricShapley
2026-03-26 00:17:15 |   [Progress: 13/14] NN + LINGAM - CausalShapley (SLOW - uses 10 inner samples)
2026-03-26 00:19:16 |   [Progress: 14/14] NN + LINGAM - ShapleyFlow
