2026-04-05 21:47:45 | Log file: /Users/juanrios/Documents/master_thesis/logs/pipeline_20260405_214745.log
2026-04-05 21:47:45 | 
================================================================================
2026-04-05 21:47:45 | EXPERIMENTAL PIPELINE: CAUSAL FEATURE IMPORTANCE COMPARISON
2026-04-05 21:47:45 | ================================================================================
2026-04-05 21:47:45 | 
================================================================================
2026-04-05 21:47:45 | CONFIGURATION PARAMETERS
2026-04-05 21:47:45 | ================================================================================
2026-04-05 21:47:45 | 
1. DATASET PARAMETERS:
2026-04-05 21:47:45 |    - N_FEATURES: 50
2026-04-05 21:47:45 |    - N_SAMPLES: 1000
2026-04-05 21:47:45 |    - Y_PARENTS_RATIO: 0.5
2026-04-05 21:47:45 |    - NOISE_STD: 0.5
2026-04-05 21:47:45 |    - EDGE_PROBABILITY: 0.2
2026-04-05 21:47:45 |    - MIN_CONNECTED_EDGES: 2
2026-04-05 21:47:45 |    - RANDOM_STATE: 42
2026-04-05 21:47:45 | 
2. MODEL TRAINING PARAMETERS:
2026-04-05 21:47:45 |    - TEST_SIZE: 0.2
2026-04-05 21:47:45 |    - BACKGROUND_RATIO: 0.3
2026-04-05 21:47:45 |    - TEST_INSTANCES_RATIO: 0.5
2026-04-05 21:47:45 | 
3. EXPLAINABILITY PARAMETERS:
2026-04-05 21:47:45 |    - N_SHAPLEY_SAMPLES: 100
2026-04-05 21:47:45 |    - M_INNER_SAMPLES_CAUSAL: 10
2026-04-05 21:47:45 | 
4. CAUSAL DISCOVERY PARAMETERS:
2026-04-05 21:47:45 |    - LINGAM_ALPHA: 0.01
2026-04-05 21:47:45 |    - PC_ALPHA: 0.01
2026-04-05 21:47:45 |    - INDEP_TEST: fisherz
2026-04-05 21:47:45 | 
5. TARGET CONFIGURATION:
2026-04-05 21:47:45 |    - TARGET_DATASET: mixed_conf_f50_s1000_p50
2026-04-05 21:47:45 |    - MODEL: LGBM (only)
2026-04-05 21:47:45 | 
6. DIRECTORIES:
2026-04-05 21:47:45 |    - BASE_DIR: /Users/juanrios/Documents/master_thesis
2026-04-05 21:47:45 |    - SYNTHETIC_DIR: /Users/juanrios/Documents/master_thesis/data/synthetic
2026-04-05 21:47:45 |    - PROCESSED_DIR: /Users/juanrios/Documents/master_thesis/data/processed
2026-04-05 21:47:45 |    - CAUSAL_DIR: /Users/juanrios/Documents/master_thesis/data/causal
2026-04-05 21:47:45 |    - EXPLAINABILITY_DIR: /Users/juanrios/Documents/master_thesis/data/explainability
2026-04-05 21:47:45 |    - MODELS_DIR: /Users/juanrios/Documents/master_thesis/models
2026-04-05 21:47:45 |    - LOGS_DIR: /Users/juanrios/Documents/master_thesis/logs
2026-04-05 21:47:45 | 
================================================================================

2026-04-05 21:47:45 | ================================================================================
2026-04-05 21:47:45 | STEP 1: GENERATING SYNTHETIC DATASETS
2026-04-05 21:47:45 | ================================================================================
2026-04-05 21:47:45 | 
[Dataset 1/6] Generating linear system without confounders
2026-04-05 21:47:45 |   ✓ Saved: linear_no_conf_f50_s1000_p50 | Features: 50, Samples: 1000, Y parents: 25, Edges: 291, Confounders: 0
2026-04-05 21:47:45 | 
[Dataset 2/6] Generating linear system with confounders
2026-04-05 21:47:45 |   ✓ Saved: linear_conf_f50_s1000_p50 | Features: 50, Samples: 1000, Y parents: 25, Edges: 291, Confounders: 5
2026-04-05 21:47:45 | 
[Dataset 3/6] Generating nonlinear system without confounders
2026-04-05 21:47:45 |   ✓ Saved: nonlinear_no_conf_f50_s1000_p50 | Features: 50, Samples: 1000, Y parents: 25, Edges: 291, Confounders: 0
2026-04-05 21:47:45 | 
[Dataset 4/6] Generating nonlinear system with confounders
2026-04-05 21:47:45 |   ✓ Saved: nonlinear_conf_f50_s1000_p50 | Features: 50, Samples: 1000, Y parents: 25, Edges: 291, Confounders: 5
2026-04-05 21:47:45 | 
[Dataset 5/6] Generating mixed system without confounders
2026-04-05 21:47:45 |   ✓ Saved: mixed_no_conf_f50_s1000_p50 | Features: 50, Samples: 1000, Y parents: 25, Edges: 291, Confounders: 0
2026-04-05 21:47:45 | 
[Dataset 6/6] Generating mixed system with confounders
2026-04-05 21:47:45 |   ✓ Saved: mixed_conf_f50_s1000_p50 | Features: 50, Samples: 1000, Y parents: 25, Edges: 291, Confounders: 5
2026-04-05 21:47:45 | 
================================================================================
2026-04-05 21:47:45 | Step 1 Complete: 6 datasets generated
2026-04-05 21:47:45 | ================================================================================

2026-04-05 21:47:45 | ================================================================================
2026-04-05 21:47:45 | STEP 2: CREATING TRAIN/TEST SPLITS
2026-04-05 21:47:45 | ================================================================================
2026-04-05 21:47:45 | 
[Dataset 1/6] Processing linear_no_conf_f50_s1000_p50...
2026-04-05 21:47:45 |   ✓ Train: (800, 51), Test: (200, 51)
2026-04-05 21:47:45 | 
[Dataset 2/6] Processing linear_conf_f50_s1000_p50...
2026-04-05 21:47:45 |   ✓ Train: (800, 51), Test: (200, 51)
2026-04-05 21:47:45 | 
[Dataset 3/6] Processing nonlinear_no_conf_f50_s1000_p50...
2026-04-05 21:47:45 |   ✓ Train: (800, 51), Test: (200, 51)
2026-04-05 21:47:45 | 
[Dataset 4/6] Processing nonlinear_conf_f50_s1000_p50...
2026-04-05 21:47:45 |   ✓ Train: (800, 51), Test: (200, 51)
2026-04-05 21:47:45 | 
[Dataset 5/6] Processing mixed_no_conf_f50_s1000_p50...
2026-04-05 21:47:45 |   ✓ Train: (800, 51), Test: (200, 51)
2026-04-05 21:47:45 | 
[Dataset 6/6] Processing mixed_conf_f50_s1000_p50...
2026-04-05 21:47:45 |   ✓ Train: (800, 51), Test: (200, 51)
2026-04-05 21:47:45 | 
================================================================================
2026-04-05 21:47:45 | Step 2 Complete: Train/test splits created for 6 datasets
2026-04-05 21:47:45 | ================================================================================

2026-04-05 21:47:45 | ================================================================================
2026-04-05 21:47:45 | STEP 3: RUNNING CAUSAL DISCOVERY
2026-04-05 21:47:45 | ================================================================================
2026-04-05 21:47:45 | 
[Dataset 1/6] Processing linear_no_conf_f50_s1000_p50
2026-04-05 21:47:45 |   Running LiNGAM...
2026-04-05 21:47:51 |   Running PC...
2026-04-05 21:47:55 |   Extracting train adjacency matrices for Step 5...
2026-04-05 21:47:55 |   ✓ LINGAM: F1=0.282, Precision=0.240, Recall=0.340
2026-04-05 21:47:56 |   ✓ PC: F1=0.302, Precision=0.425, Recall=0.234
2026-04-05 21:47:57 | 
[Dataset 2/6] Processing linear_conf_f50_s1000_p50
2026-04-05 21:47:57 |   Running LiNGAM...
2026-04-05 21:48:03 |   Running PC...
2026-04-05 21:48:07 |   Extracting train adjacency matrices for Step 5...
2026-04-05 21:48:07 |   ✓ LINGAM: F1=0.222, Precision=0.188, Recall=0.271
2026-04-05 21:48:08 |   ✓ PC: F1=0.309, Precision=0.423, Recall=0.244
2026-04-05 21:48:08 | 
[Dataset 3/6] Processing nonlinear_no_conf_f50_s1000_p50
2026-04-05 21:48:08 |   Running LiNGAM...
2026-04-05 21:48:14 |   Running PC...
2026-04-05 21:48:17 |   Extracting train adjacency matrices for Step 5...
2026-04-05 21:48:17 |   ✓ LINGAM: F1=0.192, Precision=0.212, Recall=0.175
2026-04-05 21:48:17 |   ✓ PC: F1=0.251, Precision=0.328, Recall=0.203
2026-04-05 21:48:18 | 
[Dataset 4/6] Processing nonlinear_conf_f50_s1000_p50
2026-04-05 21:48:18 |   Running LiNGAM...
2026-04-05 21:48:31 |   Running PC...
2026-04-05 21:48:50 |   Extracting train adjacency matrices for Step 5...
2026-04-05 21:48:50 |   ✓ LINGAM: F1=0.196, Precision=0.236, Recall=0.168
2026-04-05 21:48:50 |   ✓ PC: F1=0.213, Precision=0.250, Recall=0.186
2026-04-05 21:48:51 | 
[Dataset 5/6] Processing mixed_no_conf_f50_s1000_p50
2026-04-05 21:48:51 |   Running LiNGAM...
2026-04-05 21:48:56 |   Running PC...
2026-04-05 21:48:56 |   Extracting train adjacency matrices for Step 5...
2026-04-05 21:48:56 |   ✓ LINGAM: F1=0.031, Precision=0.152, Recall=0.017
2026-04-05 21:48:57 |   ✓ PC: F1=0.074, Precision=0.375, Recall=0.041
2026-04-05 21:48:57 | 
[Dataset 6/6] Processing mixed_conf_f50_s1000_p50
2026-04-05 21:48:57 |   Running LiNGAM...
2026-04-05 21:49:04 |   Running PC...
2026-04-05 21:49:10 |   Extracting train adjacency matrices for Step 5...
2026-04-05 21:49:10 |   ✓ LINGAM: F1=0.154, Precision=0.181, Recall=0.134
2026-04-05 21:49:11 |   ✓ PC: F1=0.194, Precision=0.250, Recall=0.158
2026-04-05 21:49:11 | 
================================================================================
2026-04-05 21:49:11 | Step 3 Complete: Causal discovery completed for 6 datasets
2026-04-05 21:49:11 | ================================================================================

2026-04-05 21:49:11 | ================================================================================
2026-04-05 21:49:11 | STEP 4: TRAINING PREDICTIVE MODELS (LGBM only, mixed_conf_f50_s1000_p50 dataset)
2026-04-05 21:49:11 | ================================================================================
2026-04-05 21:49:11 | 
[Dataset 1/1] Training LGBM model for mixed_conf_f50_s1000_p50
2026-04-05 21:49:11 |   Training LGBM...
2026-04-05 21:49:24 |   ✓ LGBM: R²=0.7035, MSE=0.4095, MAE=0.5035, RMSE=0.6399
2026-04-05 21:49:24 | 
================================================================================
2026-04-05 21:49:24 | Step 4 Complete: LGBM model trained for mixed_conf_f50_s1000_p50
2026-04-05 21:49:24 | ================================================================================

2026-04-05 21:49:24 | ================================================================================
2026-04-05 21:49:24 | STEP 5: CALCULATING SHAPLEY VALUES (mixed_no_conf + LGBM only)
2026-04-05 21:49:24 | ================================================================================
2026-04-05 21:49:24 | 
[Dataset 1/1] Processing mixed_conf_f50_s1000_p50
2026-04-05 21:49:24 |   [Progress: 1/7] LGBM - ShapleyFromScratch
2026-04-05 21:54:24 |   [Progress: 2/7] LGBM + PC - AsymmetricShapley
2026-04-05 21:59:24 |   [Progress: 3/7] LGBM + PC - CausalShapley (SLOW - uses 10 inner samples)
2026-04-05 22:38:59 |   [Progress: 4/7] LGBM + PC - ShapleyFlow
