2026-04-05 23:26:58 | Log file: /Users/juanrios/Documents/master_thesis/logs/pipeline_20260405_232658.log
2026-04-05 23:26:58 | 
================================================================================
2026-04-05 23:26:58 | EXPERIMENTAL PIPELINE: CAUSAL FEATURE IMPORTANCE COMPARISON
2026-04-05 23:26:58 | ================================================================================
2026-04-05 23:26:58 | 
================================================================================
2026-04-05 23:26:58 | CONFIGURATION PARAMETERS
2026-04-05 23:26:58 | ================================================================================
2026-04-05 23:26:58 | 
1. DATASET PARAMETERS:
2026-04-05 23:26:58 |    - N_FEATURES: 50
2026-04-05 23:26:58 |    - N_SAMPLES: 1000
2026-04-05 23:26:58 |    - Y_PARENTS_RATIO: 0.5
2026-04-05 23:26:58 |    - NOISE_STD: 0.5
2026-04-05 23:26:58 |    - EDGE_PROBABILITY: 0.2
2026-04-05 23:26:58 |    - MIN_CONNECTED_EDGES: 2
2026-04-05 23:26:58 |    - RANDOM_STATE: 42
2026-04-05 23:26:58 | 
2. MODEL TRAINING PARAMETERS:
2026-04-05 23:26:58 |    - TEST_SIZE: 0.2
2026-04-05 23:26:58 |    - BACKGROUND_RATIO: 0.3
2026-04-05 23:26:58 |    - TEST_INSTANCES_RATIO: 0.5
2026-04-05 23:26:58 | 
3. EXPLAINABILITY PARAMETERS:
2026-04-05 23:26:58 |    - N_SHAPLEY_SAMPLES: 100
2026-04-05 23:26:58 |    - M_INNER_SAMPLES_CAUSAL: 10
2026-04-05 23:26:58 | 
4. CAUSAL DISCOVERY PARAMETERS:
2026-04-05 23:26:58 |    - LINGAM_ALPHA: 0.01
2026-04-05 23:26:58 |    - PC_ALPHA: 0.01
2026-04-05 23:26:58 |    - INDEP_TEST: fisherz
2026-04-05 23:26:58 | 
5. TARGET CONFIGURATION:
2026-04-05 23:26:58 |    - TARGET_DATASET: mixed_conf_f50_s1000_p50
2026-04-05 23:26:58 |    - MODEL: LGBM (only)
2026-04-05 23:26:58 | 
6. DIRECTORIES:
2026-04-05 23:26:58 |    - BASE_DIR: /Users/juanrios/Documents/master_thesis
2026-04-05 23:26:58 |    - SYNTHETIC_DIR: /Users/juanrios/Documents/master_thesis/data/synthetic
2026-04-05 23:26:58 |    - PROCESSED_DIR: /Users/juanrios/Documents/master_thesis/data/processed
2026-04-05 23:26:58 |    - CAUSAL_DIR: /Users/juanrios/Documents/master_thesis/data/causal
2026-04-05 23:26:58 |    - EXPLAINABILITY_DIR: /Users/juanrios/Documents/master_thesis/data/explainability
2026-04-05 23:26:58 |    - MODELS_DIR: /Users/juanrios/Documents/master_thesis/models
2026-04-05 23:26:58 |    - LOGS_DIR: /Users/juanrios/Documents/master_thesis/logs
2026-04-05 23:26:58 | 
================================================================================

2026-04-05 23:26:58 | ================================================================================
2026-04-05 23:26:58 | STEP 1: GENERATING SYNTHETIC DATASETS
2026-04-05 23:26:58 | ================================================================================
2026-04-05 23:26:58 | 
[Dataset 1/6] Generating linear system without confounders
2026-04-05 23:26:58 |   ✓ Saved: linear_no_conf_f50_s1000_p50 | Features: 50, Samples: 1000, Y parents: 25, Edges: 291, Confounders: 0
2026-04-05 23:26:58 | 
[Dataset 2/6] Generating linear system with confounders
2026-04-05 23:26:58 |   ✓ Saved: linear_conf_f50_s1000_p50 | Features: 50, Samples: 1000, Y parents: 25, Edges: 291, Confounders: 5
2026-04-05 23:26:58 | 
[Dataset 3/6] Generating nonlinear system without confounders
2026-04-05 23:26:58 |   ✓ Saved: nonlinear_no_conf_f50_s1000_p50 | Features: 50, Samples: 1000, Y parents: 25, Edges: 291, Confounders: 0
2026-04-05 23:26:58 | 
[Dataset 4/6] Generating nonlinear system with confounders
2026-04-05 23:26:58 |   ✓ Saved: nonlinear_conf_f50_s1000_p50 | Features: 50, Samples: 1000, Y parents: 25, Edges: 291, Confounders: 5
2026-04-05 23:26:58 | 
[Dataset 5/6] Generating mixed system without confounders
2026-04-05 23:26:58 |   ✓ Saved: mixed_no_conf_f50_s1000_p50 | Features: 50, Samples: 1000, Y parents: 25, Edges: 291, Confounders: 0
2026-04-05 23:26:58 | 
[Dataset 6/6] Generating mixed system with confounders
2026-04-05 23:26:58 |   ✓ Saved: mixed_conf_f50_s1000_p50 | Features: 50, Samples: 1000, Y parents: 25, Edges: 291, Confounders: 5
2026-04-05 23:26:58 | 
================================================================================
2026-04-05 23:26:58 | Step 1 Complete: 6 datasets generated
2026-04-05 23:26:58 | ================================================================================

2026-04-05 23:26:58 | ================================================================================
2026-04-05 23:26:58 | STEP 2: CREATING TRAIN/TEST SPLITS
2026-04-05 23:26:58 | ================================================================================
2026-04-05 23:26:58 | 
[Dataset 1/6] Processing linear_no_conf_f50_s1000_p50...
2026-04-05 23:26:58 |   ✓ Train: (800, 51), Test: (200, 51)
2026-04-05 23:26:58 | 
[Dataset 2/6] Processing linear_conf_f50_s1000_p50...
2026-04-05 23:26:58 |   ✓ Train: (800, 51), Test: (200, 51)
2026-04-05 23:26:58 | 
[Dataset 3/6] Processing nonlinear_no_conf_f50_s1000_p50...
2026-04-05 23:26:58 |   ✓ Train: (800, 51), Test: (200, 51)
2026-04-05 23:26:58 | 
[Dataset 4/6] Processing nonlinear_conf_f50_s1000_p50...
2026-04-05 23:26:58 |   ✓ Train: (800, 51), Test: (200, 51)
2026-04-05 23:26:58 | 
[Dataset 5/6] Processing mixed_no_conf_f50_s1000_p50...
2026-04-05 23:26:58 |   ✓ Train: (800, 51), Test: (200, 51)
2026-04-05 23:26:58 | 
[Dataset 6/6] Processing mixed_conf_f50_s1000_p50...
2026-04-05 23:26:58 |   ✓ Train: (800, 51), Test: (200, 51)
2026-04-05 23:26:58 | 
================================================================================
2026-04-05 23:26:58 | Step 2 Complete: Train/test splits created for 6 datasets
2026-04-05 23:26:58 | ================================================================================

2026-04-05 23:26:58 | ================================================================================
2026-04-05 23:26:58 | STEP 3: RUNNING CAUSAL DISCOVERY
2026-04-05 23:26:58 | ================================================================================
2026-04-05 23:26:58 | 
[Dataset 1/6] Processing linear_no_conf_f50_s1000_p50
2026-04-05 23:26:58 |   Running LiNGAM...
2026-04-05 23:27:04 |   Running PC...
2026-04-05 23:27:08 |   Extracting train adjacency matrices for Step 5...
2026-04-05 23:27:08 |   ✓ LINGAM: F1=0.282, Precision=0.240, Recall=0.340
2026-04-05 23:27:10 |   ✓ PC: F1=0.302, Precision=0.425, Recall=0.234
2026-04-05 23:27:10 | 
[Dataset 2/6] Processing linear_conf_f50_s1000_p50
2026-04-05 23:27:10 |   Running LiNGAM...
2026-04-05 23:27:17 |   Running PC...
2026-04-05 23:27:21 |   Extracting train adjacency matrices for Step 5...
2026-04-05 23:27:21 |   ✓ LINGAM: F1=0.222, Precision=0.188, Recall=0.271
2026-04-05 23:27:22 |   ✓ PC: F1=0.309, Precision=0.423, Recall=0.244
2026-04-05 23:27:22 | 
[Dataset 3/6] Processing nonlinear_no_conf_f50_s1000_p50
2026-04-05 23:27:22 |   Running LiNGAM...
2026-04-05 23:27:28 |   Running PC...
2026-04-05 23:27:31 |   Extracting train adjacency matrices for Step 5...
2026-04-05 23:27:31 |   ✓ LINGAM: F1=0.192, Precision=0.212, Recall=0.175
2026-04-05 23:27:32 |   ✓ PC: F1=0.251, Precision=0.328, Recall=0.203
2026-04-05 23:27:32 | 
[Dataset 4/6] Processing nonlinear_conf_f50_s1000_p50
2026-04-05 23:27:32 |   Running LiNGAM...
2026-04-05 23:27:45 |   Running PC...
2026-04-05 23:28:04 |   Extracting train adjacency matrices for Step 5...
2026-04-05 23:28:04 |   ✓ LINGAM: F1=0.196, Precision=0.236, Recall=0.168
2026-04-05 23:28:05 |   ✓ PC: F1=0.213, Precision=0.250, Recall=0.186
2026-04-05 23:28:05 | 
[Dataset 5/6] Processing mixed_no_conf_f50_s1000_p50
2026-04-05 23:28:05 |   Running LiNGAM...
2026-04-05 23:28:10 |   Running PC...
2026-04-05 23:28:10 |   Extracting train adjacency matrices for Step 5...
2026-04-05 23:28:10 |   ✓ LINGAM: F1=0.031, Precision=0.152, Recall=0.017
2026-04-05 23:28:11 |   ✓ PC: F1=0.074, Precision=0.375, Recall=0.041
2026-04-05 23:28:11 | 
[Dataset 6/6] Processing mixed_conf_f50_s1000_p50
2026-04-05 23:28:11 |   Running LiNGAM...
2026-04-05 23:28:18 |   Running PC...
2026-04-05 23:28:24 |   Extracting train adjacency matrices for Step 5...
2026-04-05 23:28:24 |   ✓ LINGAM: F1=0.154, Precision=0.181, Recall=0.134
