2026-04-06 00:29:51 | Log file: /Users/juanrios/Documents/master_thesis/logs/pipeline_20260406_002951.log
2026-04-06 00:29:51 | 
================================================================================
2026-04-06 00:29:51 | EXPERIMENTAL PIPELINE: CAUSAL FEATURE IMPORTANCE COMPARISON
2026-04-06 00:29:51 | ================================================================================
2026-04-06 00:29:51 | 
================================================================================
2026-04-06 00:29:51 | CONFIGURATION PARAMETERS
2026-04-06 00:29:51 | ================================================================================
2026-04-06 00:29:51 | 
1. DATASET PARAMETERS:
2026-04-06 00:29:51 |    - N_FEATURES: 50
2026-04-06 00:29:51 |    - N_SAMPLES: 1000
2026-04-06 00:29:51 |    - Y_PARENTS_RATIO: 0.5
2026-04-06 00:29:51 |    - NOISE_STD: 0.5
2026-04-06 00:29:51 |    - EDGE_PROBABILITY: 0.2
2026-04-06 00:29:51 |    - MIN_CONNECTED_EDGES: 2
2026-04-06 00:29:51 |    - RANDOM_STATE: 42
2026-04-06 00:29:51 | 
2. MODEL TRAINING PARAMETERS:
2026-04-06 00:29:51 |    - TEST_SIZE: 0.2
2026-04-06 00:29:51 |    - BACKGROUND_RATIO: 0.3
2026-04-06 00:29:51 |    - TEST_INSTANCES_RATIO: 0.5
2026-04-06 00:29:51 | 
3. EXPLAINABILITY PARAMETERS:
2026-04-06 00:29:51 |    - N_SHAPLEY_SAMPLES: 50
2026-04-06 00:29:51 |    - M_INNER_SAMPLES_CAUSAL: 10
2026-04-06 00:29:51 | 
4. CAUSAL DISCOVERY PARAMETERS:
2026-04-06 00:29:51 |    - LINGAM_ALPHA: 0.01
2026-04-06 00:29:51 |    - PC_ALPHA: 0.01
2026-04-06 00:29:51 |    - INDEP_TEST: fisherz
2026-04-06 00:29:51 | 
5. TARGET CONFIGURATION:
2026-04-06 00:29:51 |    - TARGET_DATASET: mixed_conf_f50_s1000_p50
2026-04-06 00:29:51 |    - MODEL: LGBM (only)
2026-04-06 00:29:51 | 
6. DIRECTORIES:
2026-04-06 00:29:51 |    - BASE_DIR: /Users/juanrios/Documents/master_thesis
2026-04-06 00:29:51 |    - SYNTHETIC_DIR: /Users/juanrios/Documents/master_thesis/data/synthetic
2026-04-06 00:29:51 |    - PROCESSED_DIR: /Users/juanrios/Documents/master_thesis/data/processed
2026-04-06 00:29:51 |    - CAUSAL_DIR: /Users/juanrios/Documents/master_thesis/data/causal
2026-04-06 00:29:51 |    - EXPLAINABILITY_DIR: /Users/juanrios/Documents/master_thesis/data/explainability
2026-04-06 00:29:51 |    - MODELS_DIR: /Users/juanrios/Documents/master_thesis/models
2026-04-06 00:29:51 |    - LOGS_DIR: /Users/juanrios/Documents/master_thesis/logs
2026-04-06 00:29:51 | 
================================================================================

2026-04-06 00:29:51 | ================================================================================
2026-04-06 00:29:51 | STEP 1: GENERATING SYNTHETIC DATASETS
2026-04-06 00:29:51 | ================================================================================
2026-04-06 00:29:51 | 
[Dataset 1/6] Generating linear system without confounders
2026-04-06 00:29:51 |   ✓ Saved: linear_no_conf_f50_s1000_p50 | Features: 50, Samples: 1000, Y parents: 25, Edges: 291, Confounders: 0
2026-04-06 00:29:51 | 
[Dataset 2/6] Generating linear system with confounders
2026-04-06 00:29:51 |   ✓ Saved: linear_conf_f50_s1000_p50 | Features: 50, Samples: 1000, Y parents: 25, Edges: 291, Confounders: 5
2026-04-06 00:29:51 | 
[Dataset 3/6] Generating nonlinear system without confounders
2026-04-06 00:29:51 |   ✓ Saved: nonlinear_no_conf_f50_s1000_p50 | Features: 50, Samples: 1000, Y parents: 25, Edges: 291, Confounders: 0
2026-04-06 00:29:51 | 
[Dataset 4/6] Generating nonlinear system with confounders
2026-04-06 00:29:51 |   ✓ Saved: nonlinear_conf_f50_s1000_p50 | Features: 50, Samples: 1000, Y parents: 25, Edges: 291, Confounders: 5
2026-04-06 00:29:51 | 
[Dataset 5/6] Generating mixed system without confounders
2026-04-06 00:29:51 |   ✓ Saved: mixed_no_conf_f50_s1000_p50 | Features: 50, Samples: 1000, Y parents: 25, Edges: 291, Confounders: 0
2026-04-06 00:29:51 | 
[Dataset 6/6] Generating mixed system with confounders
2026-04-06 00:29:51 |   ✓ Saved: mixed_conf_f50_s1000_p50 | Features: 50, Samples: 1000, Y parents: 25, Edges: 291, Confounders: 5
2026-04-06 00:29:51 | 
================================================================================
2026-04-06 00:29:51 | Step 1 Complete: 6 datasets generated
2026-04-06 00:29:51 | ================================================================================

2026-04-06 00:29:51 | ================================================================================
2026-04-06 00:29:51 | STEP 2: CREATING TRAIN/TEST SPLITS
2026-04-06 00:29:51 | ================================================================================
2026-04-06 00:29:51 | 
[Dataset 1/6] Processing linear_no_conf_f50_s1000_p50...
2026-04-06 00:29:51 |   ✓ Train: (800, 51), Test: (200, 51)
2026-04-06 00:29:51 | 
[Dataset 2/6] Processing linear_conf_f50_s1000_p50...
2026-04-06 00:29:51 |   ✓ Train: (800, 51), Test: (200, 51)
2026-04-06 00:29:51 | 
[Dataset 3/6] Processing nonlinear_no_conf_f50_s1000_p50...
2026-04-06 00:29:51 |   ✓ Train: (800, 51), Test: (200, 51)
2026-04-06 00:29:51 | 
[Dataset 4/6] Processing nonlinear_conf_f50_s1000_p50...
2026-04-06 00:29:51 |   ✓ Train: (800, 51), Test: (200, 51)
2026-04-06 00:29:51 | 
[Dataset 5/6] Processing mixed_no_conf_f50_s1000_p50...
2026-04-06 00:29:51 |   ✓ Train: (800, 51), Test: (200, 51)
2026-04-06 00:29:51 | 
[Dataset 6/6] Processing mixed_conf_f50_s1000_p50...
2026-04-06 00:29:51 |   ✓ Train: (800, 51), Test: (200, 51)
2026-04-06 00:29:51 | 
================================================================================
2026-04-06 00:29:51 | Step 2 Complete: Train/test splits created for 6 datasets
2026-04-06 00:29:51 | ================================================================================

2026-04-06 00:29:51 | ================================================================================
2026-04-06 00:29:51 | STEP 3: RUNNING CAUSAL DISCOVERY
2026-04-06 00:29:51 | ================================================================================
2026-04-06 00:29:51 | 
[Dataset 1/6] Processing linear_no_conf_f50_s1000_p50
2026-04-06 00:29:51 |   Running LiNGAM...
2026-04-06 00:29:58 |   Running PC...
2026-04-06 00:30:02 |   Extracting train adjacency matrices for Step 5...
2026-04-06 00:30:02 |   ✓ LINGAM: F1=0.282, Precision=0.240, Recall=0.340
2026-04-06 00:30:03 |   ✓ PC: F1=0.302, Precision=0.425, Recall=0.234
2026-04-06 00:30:04 | 
[Dataset 2/6] Processing linear_conf_f50_s1000_p50
2026-04-06 00:30:04 |   Running LiNGAM...
2026-04-06 00:30:10 |   Running PC...
2026-04-06 00:30:14 |   Extracting train adjacency matrices for Step 5...
2026-04-06 00:30:14 |   ✓ LINGAM: F1=0.222, Precision=0.188, Recall=0.271
2026-04-06 00:30:15 |   ✓ PC: F1=0.309, Precision=0.423, Recall=0.244
2026-04-06 00:30:16 | 
[Dataset 3/6] Processing nonlinear_no_conf_f50_s1000_p50
2026-04-06 00:30:16 |   Running LiNGAM...
2026-04-06 00:30:22 |   Running PC...
2026-04-06 00:30:24 |   Extracting train adjacency matrices for Step 5...
2026-04-06 00:30:24 |   ✓ LINGAM: F1=0.192, Precision=0.212, Recall=0.175
2026-04-06 00:30:25 |   ✓ PC: F1=0.251, Precision=0.328, Recall=0.203
2026-04-06 00:30:26 | 
[Dataset 4/6] Processing nonlinear_conf_f50_s1000_p50
2026-04-06 00:30:26 |   Running LiNGAM...
2026-04-06 00:30:40 |   Running PC...
2026-04-06 00:30:58 |   Extracting train adjacency matrices for Step 5...
2026-04-06 00:30:58 |   ✓ LINGAM: F1=0.196, Precision=0.236, Recall=0.168
2026-04-06 00:30:59 |   ✓ PC: F1=0.213, Precision=0.250, Recall=0.186
2026-04-06 00:31:00 | 
[Dataset 5/6] Processing mixed_no_conf_f50_s1000_p50
2026-04-06 00:31:00 |   Running LiNGAM...
2026-04-06 00:31:04 |   Running PC...
2026-04-06 00:31:05 |   Extracting train adjacency matrices for Step 5...
2026-04-06 00:31:05 |   ✓ LINGAM: F1=0.031, Precision=0.152, Recall=0.017
2026-04-06 00:31:05 |   ✓ PC: F1=0.074, Precision=0.375, Recall=0.041
2026-04-06 00:31:06 | 
[Dataset 6/6] Processing mixed_conf_f50_s1000_p50
2026-04-06 00:31:06 |   Running LiNGAM...
2026-04-06 00:31:13 |   Running PC...
2026-04-06 00:31:18 |   Extracting train adjacency matrices for Step 5...
2026-04-06 00:31:18 |   ✓ LINGAM: F1=0.154, Precision=0.181, Recall=0.134
2026-04-06 00:31:19 |   ✓ PC: F1=0.194, Precision=0.250, Recall=0.158
2026-04-06 00:31:20 | 
================================================================================
2026-04-06 00:31:20 | Step 3 Complete: Causal discovery completed for 6 datasets
2026-04-06 00:31:20 | ================================================================================

2026-04-06 00:31:20 | ================================================================================
2026-04-06 00:31:20 | STEP 4: TRAINING PREDICTIVE MODELS (LGBM only, mixed_conf_f50_s1000_p50 dataset)
2026-04-06 00:31:20 | ================================================================================
2026-04-06 00:31:20 | 
[Dataset 1/1] Training LGBM model for mixed_conf_f50_s1000_p50
2026-04-06 00:31:20 |   Training LGBM...
2026-04-06 00:31:32 |   ✓ LGBM: R²=0.7035, MSE=0.4095, MAE=0.5035, RMSE=0.6399
2026-04-06 00:31:32 | 
================================================================================
2026-04-06 00:31:32 | Step 4 Complete: LGBM model trained for mixed_conf_f50_s1000_p50
2026-04-06 00:31:32 | ================================================================================

2026-04-06 00:31:32 | ================================================================================
2026-04-06 00:31:32 | STEP 5: CALCULATING SHAPLEY VALUES (mixed_no_conf + LGBM only)
2026-04-06 00:31:32 | ================================================================================
2026-04-06 00:31:32 | 
[Dataset 1/1] Processing mixed_conf_f50_s1000_p50
2026-04-06 00:31:32 |   [Progress: 1/7] LGBM - ShapleyFromScratch
2026-04-06 00:34:05 |   [Progress: 2/7] LGBM + PC - ShapleyFlow
2026-04-06 00:34:05 |     → ShapleyFlowWrapper: 51 features, 85 edges, 11 sources
2026-04-06 00:34:05 |     → Computing Shapley Flow for 100 instances...
2026-04-06 00:34:05 |     → Instance 1/100
2026-04-06 00:34:05 |     → ShapleyFlow: 85 edges, 11 sources, 50 trials
2026-04-06 00:34:06 |     → Trial 1/50 completed (1860 evaluations)
2026-04-06 00:34:14 |     → Trial 10/50 completed (1860 evaluations)
2026-04-06 00:34:24 |     → Trial 20/50 completed (1860 evaluations)
2026-04-06 00:34:34 |     → Trial 30/50 completed (1860 evaluations)
2026-04-06 00:34:44 |     → Trial 40/50 completed (1860 evaluations)
2026-04-06 00:34:54 |     → Trial 50/50 completed (1860 evaluations)
2026-04-06 00:34:54 |     → Instance 2/100
2026-04-06 00:34:54 |     → ShapleyFlow: 85 edges, 11 sources, 50 trials
2026-04-06 00:34:55 |     → Trial 1/50 completed (1860 evaluations)
2026-04-06 00:35:04 |     → Trial 10/50 completed (1860 evaluations)
2026-04-06 00:35:14 |     → Trial 20/50 completed (1860 evaluations)
2026-04-06 00:35:24 |     → Trial 30/50 completed (1860 evaluations)
2026-04-06 00:35:33 |     → Trial 40/50 completed (1860 evaluations)
2026-04-06 00:35:43 |     → Trial 50/50 completed (1860 evaluations)
2026-04-06 00:35:43 |     → Instance 3/100
2026-04-06 00:35:43 |     → ShapleyFlow: 85 edges, 11 sources, 50 trials
2026-04-06 00:35:44 |     → Trial 1/50 completed (1860 evaluations)
2026-04-06 00:35:53 |     → Trial 10/50 completed (1860 evaluations)
2026-04-06 00:36:03 |     → Trial 20/50 completed (1860 evaluations)
2026-04-06 00:36:12 |     → Trial 30/50 completed (1860 evaluations)
2026-04-06 00:36:22 |     → Trial 40/50 completed (1860 evaluations)
2026-04-06 00:36:32 |     → Trial 50/50 completed (1860 evaluations)
2026-04-06 00:36:32 |     → Instance 4/100
2026-04-06 00:36:32 |     → ShapleyFlow: 85 edges, 11 sources, 50 trials
2026-04-06 00:36:33 |     → Trial 1/50 completed (1860 evaluations)
2026-04-06 00:36:42 |     → Trial 10/50 completed (1860 evaluations)
2026-04-06 00:36:51 |     → Trial 20/50 completed (1860 evaluations)
2026-04-06 00:37:01 |     → Trial 30/50 completed (1860 evaluations)
2026-04-06 00:37:11 |     → Trial 40/50 completed (1860 evaluations)
2026-04-06 00:37:20 |     → Trial 50/50 completed (1860 evaluations)
2026-04-06 00:37:20 |     → Instance 5/100
2026-04-06 00:37:20 |     → ShapleyFlow: 85 edges, 11 sources, 50 trials
2026-04-06 00:37:21 |     → Trial 1/50 completed (1860 evaluations)
2026-04-06 00:37:30 |     → Trial 10/50 completed (1860 evaluations)
2026-04-06 00:37:40 |     → Trial 20/50 completed (1860 evaluations)
2026-04-06 00:37:49 |     → Trial 30/50 completed (1860 evaluations)
2026-04-06 00:37:59 |     → Trial 40/50 completed (1860 evaluations)
2026-04-06 00:38:09 |     → Trial 50/50 completed (1860 evaluations)
2026-04-06 00:38:09 |     → Instance 6/100
2026-04-06 00:38:09 |     → ShapleyFlow: 85 edges, 11 sources, 50 trials
2026-04-06 00:38:10 |     → Trial 1/50 completed (1860 evaluations)
2026-04-06 00:38:19 |     → Trial 10/50 completed (1860 evaluations)
2026-04-06 00:38:28 |     → Trial 20/50 completed (1860 evaluations)
2026-04-06 00:38:38 |     → Trial 30/50 completed (1860 evaluations)
2026-04-06 00:38:48 |     → Trial 40/50 completed (1860 evaluations)
2026-04-06 00:38:58 |     → Trial 50/50 completed (1860 evaluations)
2026-04-06 00:38:58 |     → Instance 7/100
2026-04-06 00:38:58 |     → ShapleyFlow: 85 edges, 11 sources, 50 trials
2026-04-06 00:38:59 |     → Trial 1/50 completed (1860 evaluations)
2026-04-06 00:39:07 |     → Trial 10/50 completed (1860 evaluations)
2026-04-06 00:39:17 |     → Trial 20/50 completed (1860 evaluations)
2026-04-06 00:39:27 |     → Trial 30/50 completed (1860 evaluations)
2026-04-06 00:39:37 |     → Trial 40/50 completed (1860 evaluations)
2026-04-06 00:39:47 |     → Trial 50/50 completed (1860 evaluations)
2026-04-06 00:39:47 |     → Instance 8/100
2026-04-06 00:39:47 |     → ShapleyFlow: 85 edges, 11 sources, 50 trials
2026-04-06 00:39:48 |     → Trial 1/50 completed (1860 evaluations)
2026-04-06 00:39:57 |     → Trial 10/50 completed (1860 evaluations)
2026-04-06 00:40:06 |     → Trial 20/50 completed (1860 evaluations)
2026-04-06 00:40:16 |     → Trial 30/50 completed (1860 evaluations)
2026-04-06 00:40:26 |     → Trial 40/50 completed (1860 evaluations)
2026-04-06 00:40:35 |     → Trial 50/50 completed (1860 evaluations)
2026-04-06 00:40:35 |     → Instance 9/100
2026-04-06 00:40:35 |     → ShapleyFlow: 85 edges, 11 sources, 50 trials
2026-04-06 00:40:36 |     → Trial 1/50 completed (1860 evaluations)
2026-04-06 00:40:45 |     → Trial 10/50 completed (1860 evaluations)
2026-04-06 00:40:55 |     → Trial 20/50 completed (1860 evaluations)
2026-04-06 00:41:05 |     → Trial 30/50 completed (1860 evaluations)
2026-04-06 00:41:15 |     → Trial 40/50 completed (1860 evaluations)
2026-04-06 00:41:24 |     → Trial 50/50 completed (1860 evaluations)
2026-04-06 00:41:24 |     → Instance 10/100
2026-04-06 00:41:24 |     → ShapleyFlow: 85 edges, 11 sources, 50 trials
2026-04-06 00:41:25 |     → Trial 1/50 completed (1860 evaluations)
2026-04-06 00:41:34 |     → Trial 10/50 completed (1860 evaluations)
2026-04-06 00:41:44 |     → Trial 20/50 completed (1860 evaluations)
2026-04-06 00:41:53 |     → Trial 30/50 completed (1860 evaluations)
2026-04-06 00:42:03 |     → Trial 40/50 completed (1860 evaluations)
2026-04-06 00:42:13 |     → Trial 50/50 completed (1860 evaluations)
2026-04-06 00:42:13 |     → Instance 11/100
2026-04-06 00:42:13 |     → ShapleyFlow: 85 edges, 11 sources, 50 trials
2026-04-06 00:42:14 |     → Trial 1/50 completed (1860 evaluations)
2026-04-06 00:42:22 |     → Trial 10/50 completed (1860 evaluations)
2026-04-06 00:42:32 |     → Trial 20/50 completed (1860 evaluations)
2026-04-06 00:42:42 |     → Trial 30/50 completed (1860 evaluations)
2026-04-06 00:42:52 |     → Trial 40/50 completed (1860 evaluations)
2026-04-06 00:43:01 |     → Trial 50/50 completed (1860 evaluations)
2026-04-06 00:43:01 |     → Instance 12/100
2026-04-06 00:43:01 |     → ShapleyFlow: 85 edges, 11 sources, 50 trials
2026-04-06 00:43:02 |     → Trial 1/50 completed (1860 evaluations)
2026-04-06 00:43:11 |     → Trial 10/50 completed (1860 evaluations)
2026-04-06 00:43:21 |     → Trial 20/50 completed (1860 evaluations)
2026-04-06 00:43:30 |     → Trial 30/50 completed (1860 evaluations)
2026-04-06 00:43:40 |     → Trial 40/50 completed (1860 evaluations)
2026-04-06 00:43:49 |     → Trial 50/50 completed (1860 evaluations)
2026-04-06 00:43:49 |     → Instance 13/100
2026-04-06 00:43:49 |     → ShapleyFlow: 85 edges, 11 sources, 50 trials
2026-04-06 00:43:50 |     → Trial 1/50 completed (1860 evaluations)
2026-04-06 00:43:59 |     → Trial 10/50 completed (1860 evaluations)
2026-04-06 00:44:09 |     → Trial 20/50 completed (1860 evaluations)
2026-04-06 00:44:18 |     → Trial 30/50 completed (1860 evaluations)
2026-04-06 00:44:28 |     → Trial 40/50 completed (1860 evaluations)
2026-04-06 00:44:37 |     → Trial 50/50 completed (1860 evaluations)
2026-04-06 00:44:38 |     → Instance 14/100
2026-04-06 00:44:38 |     → ShapleyFlow: 85 edges, 11 sources, 50 trials
2026-04-06 00:44:39 |     → Trial 1/50 completed (1860 evaluations)
2026-04-06 00:44:47 |     → Trial 10/50 completed (1860 evaluations)
2026-04-06 00:44:57 |     → Trial 20/50 completed (1860 evaluations)
2026-04-06 00:45:06 |     → Trial 30/50 completed (1860 evaluations)
2026-04-06 00:45:16 |     → Trial 40/50 completed (1860 evaluations)
2026-04-06 00:45:26 |     → Trial 50/50 completed (1860 evaluations)
2026-04-06 00:45:26 |     → Instance 15/100
2026-04-06 00:45:26 |     → ShapleyFlow: 85 edges, 11 sources, 50 trials
2026-04-06 00:45:27 |     → Trial 1/50 completed (1860 evaluations)
2026-04-06 00:45:36 |     → Trial 10/50 completed (1860 evaluations)
2026-04-06 00:45:45 |     → Trial 20/50 completed (1860 evaluations)
2026-04-06 00:45:55 |     → Trial 30/50 completed (1860 evaluations)
2026-04-06 00:46:04 |     → Trial 40/50 completed (1860 evaluations)
2026-04-06 00:46:14 |     → Trial 50/50 completed (1860 evaluations)
2026-04-06 00:46:14 |     → Instance 16/100
2026-04-06 00:46:14 |     → ShapleyFlow: 85 edges, 11 sources, 50 trials
2026-04-06 00:46:15 |     → Trial 1/50 completed (1860 evaluations)
2026-04-06 00:46:24 |     → Trial 10/50 completed (1860 evaluations)
2026-04-06 00:46:33 |     → Trial 20/50 completed (1860 evaluations)
2026-04-06 00:46:43 |     → Trial 30/50 completed (1860 evaluations)
2026-04-06 00:46:53 |     → Trial 40/50 completed (1860 evaluations)
2026-04-06 00:47:02 |     → Trial 50/50 completed (1860 evaluations)
2026-04-06 00:47:02 |     → Instance 17/100
2026-04-06 00:47:02 |     → ShapleyFlow: 85 edges, 11 sources, 50 trials
2026-04-06 00:47:03 |     → Trial 1/50 completed (1860 evaluations)
2026-04-06 00:47:12 |     → Trial 10/50 completed (1860 evaluations)
2026-04-06 00:47:22 |     → Trial 20/50 completed (1860 evaluations)
2026-04-06 00:47:32 |     → Trial 30/50 completed (1860 evaluations)
2026-04-06 00:47:41 |     → Trial 40/50 completed (1860 evaluations)
2026-04-06 00:47:51 |     → Trial 50/50 completed (1860 evaluations)
2026-04-06 00:47:51 |     → Instance 18/100
2026-04-06 00:47:51 |     → ShapleyFlow: 85 edges, 11 sources, 50 trials
2026-04-06 00:47:52 |     → Trial 1/50 completed (1860 evaluations)
2026-04-06 00:48:01 |     → Trial 10/50 completed (1860 evaluations)
2026-04-06 00:48:10 |     → Trial 20/50 completed (1860 evaluations)
2026-04-06 00:48:20 |     → Trial 30/50 completed (1860 evaluations)
2026-04-06 00:48:30 |     → Trial 40/50 completed (1860 evaluations)
2026-04-06 00:48:39 |     → Trial 50/50 completed (1860 evaluations)
2026-04-06 00:48:39 |     → Instance 19/100
2026-04-06 00:48:39 |     → ShapleyFlow: 85 edges, 11 sources, 50 trials
2026-04-06 00:48:40 |     → Trial 1/50 completed (1860 evaluations)
2026-04-06 00:48:49 |     → Trial 10/50 completed (1860 evaluations)
2026-04-06 00:48:59 |     → Trial 20/50 completed (1860 evaluations)
2026-04-06 00:49:08 |     → Trial 30/50 completed (1860 evaluations)
2026-04-06 00:49:18 |     → Trial 40/50 completed (1860 evaluations)
2026-04-06 00:49:28 |     → Trial 50/50 completed (1860 evaluations)
2026-04-06 00:49:28 |     → Instance 20/100
2026-04-06 00:49:28 |     → ShapleyFlow: 85 edges, 11 sources, 50 trials
2026-04-06 00:49:29 |     → Trial 1/50 completed (1860 evaluations)
2026-04-06 00:49:38 |     → Trial 10/50 completed (1860 evaluations)
2026-04-06 00:49:47 |     → Trial 20/50 completed (1860 evaluations)
2026-04-06 00:49:57 |     → Trial 30/50 completed (1860 evaluations)
2026-04-06 00:50:07 |     → Trial 40/50 completed (1860 evaluations)
2026-04-06 00:50:16 |     → Trial 50/50 completed (1860 evaluations)
2026-04-06 00:50:16 |     → Instance 21/100
2026-04-06 00:50:16 |     → ShapleyFlow: 85 edges, 11 sources, 50 trials
2026-04-06 00:50:17 |     → Trial 1/50 completed (1860 evaluations)
2026-04-06 00:50:26 |     → Trial 10/50 completed (1860 evaluations)
2026-04-06 00:50:36 |     → Trial 20/50 completed (1860 evaluations)
2026-04-06 00:50:45 |     → Trial 30/50 completed (1860 evaluations)
2026-04-06 00:50:55 |     → Trial 40/50 completed (1860 evaluations)
2026-04-06 00:51:05 |     → Trial 50/50 completed (1860 evaluations)
2026-04-06 00:51:05 |     → Instance 22/100
2026-04-06 00:51:05 |     → ShapleyFlow: 85 edges, 11 sources, 50 trials
2026-04-06 00:51:06 |     → Trial 1/50 completed (1860 evaluations)
2026-04-06 00:51:15 |     → Trial 10/50 completed (1860 evaluations)
2026-04-06 00:51:24 |     → Trial 20/50 completed (1860 evaluations)
2026-04-06 00:51:34 |     → Trial 30/50 completed (1860 evaluations)
2026-04-06 00:51:44 |     → Trial 40/50 completed (1860 evaluations)
2026-04-06 00:51:53 |     → Trial 50/50 completed (1860 evaluations)
2026-04-06 00:51:53 |     → Instance 23/100
2026-04-06 00:51:53 |     → ShapleyFlow: 85 edges, 11 sources, 50 trials
2026-04-06 00:51:54 |     → Trial 1/50 completed (1860 evaluations)
2026-04-06 00:52:03 |     → Trial 10/50 completed (1860 evaluations)
2026-04-06 00:52:13 |     → Trial 20/50 completed (1860 evaluations)
2026-04-06 00:52:22 |     → Trial 30/50 completed (1860 evaluations)
2026-04-06 00:52:32 |     → Trial 40/50 completed (1860 evaluations)
2026-04-06 00:52:41 |     → Trial 50/50 completed (1860 evaluations)
2026-04-06 00:52:41 |     → Instance 24/100
2026-04-06 00:52:41 |     → ShapleyFlow: 85 edges, 11 sources, 50 trials
2026-04-06 00:52:42 |     → Trial 1/50 completed (1860 evaluations)
2026-04-06 00:52:51 |     → Trial 10/50 completed (1860 evaluations)
2026-04-06 00:53:01 |     → Trial 20/50 completed (1860 evaluations)
2026-04-06 00:53:10 |     → Trial 30/50 completed (1860 evaluations)
2026-04-06 00:53:20 |     → Trial 40/50 completed (1860 evaluations)
2026-04-06 00:53:29 |     → Trial 50/50 completed (1860 evaluations)
2026-04-06 00:53:30 |     → Instance 25/100
2026-04-06 00:53:30 |     → ShapleyFlow: 85 edges, 11 sources, 50 trials
2026-04-06 00:53:30 |     → Trial 1/50 completed (1860 evaluations)
2026-04-06 00:53:39 |     → Trial 10/50 completed (1860 evaluations)
2026-04-06 00:53:49 |     → Trial 20/50 completed (1860 evaluations)
2026-04-06 00:53:58 |     → Trial 30/50 completed (1860 evaluations)
2026-04-06 00:54:08 |     → Trial 40/50 completed (1860 evaluations)
2026-04-06 00:54:17 |     → Trial 50/50 completed (1860 evaluations)
2026-04-06 00:54:17 |     → Instance 26/100
2026-04-06 00:54:17 |     → ShapleyFlow: 85 edges, 11 sources, 50 trials
2026-04-06 00:54:18 |     → Trial 1/50 completed (1860 evaluations)
2026-04-06 00:54:27 |     → Trial 10/50 completed (1860 evaluations)
2026-04-06 00:54:37 |     → Trial 20/50 completed (1860 evaluations)
2026-04-06 00:54:46 |     → Trial 30/50 completed (1860 evaluations)
2026-04-06 00:54:56 |     → Trial 40/50 completed (1860 evaluations)
2026-04-06 00:55:05 |     → Trial 50/50 completed (1860 evaluations)
2026-04-06 00:55:06 |     → Instance 27/100
2026-04-06 00:55:06 |     → ShapleyFlow: 85 edges, 11 sources, 50 trials
2026-04-06 00:55:06 |     → Trial 1/50 completed (1860 evaluations)
2026-04-06 00:55:15 |     → Trial 10/50 completed (1860 evaluations)
2026-04-06 00:55:25 |     → Trial 20/50 completed (1860 evaluations)
2026-04-06 00:55:34 |     → Trial 30/50 completed (1860 evaluations)
2026-04-06 00:55:44 |     → Trial 40/50 completed (1860 evaluations)
2026-04-06 00:55:53 |     → Trial 50/50 completed (1860 evaluations)
2026-04-06 00:55:53 |     → Instance 28/100
2026-04-06 00:55:53 |     → ShapleyFlow: 85 edges, 11 sources, 50 trials
2026-04-06 00:55:54 |     → Trial 1/50 completed (1860 evaluations)
2026-04-06 00:56:03 |     → Trial 10/50 completed (1860 evaluations)
2026-04-06 00:56:13 |     → Trial 20/50 completed (1860 evaluations)
2026-04-06 00:56:22 |     → Trial 30/50 completed (1860 evaluations)
2026-04-06 00:56:32 |     → Trial 40/50 completed (1860 evaluations)
2026-04-06 00:56:41 |     → Trial 50/50 completed (1860 evaluations)
2026-04-06 00:56:41 |     → Instance 29/100
2026-04-06 00:56:41 |     → ShapleyFlow: 85 edges, 11 sources, 50 trials
2026-04-06 00:56:42 |     → Trial 1/50 completed (1860 evaluations)
2026-04-06 00:56:51 |     → Trial 10/50 completed (1860 evaluations)
2026-04-06 00:57:01 |     → Trial 20/50 completed (1860 evaluations)
2026-04-06 00:57:10 |     → Trial 30/50 completed (1860 evaluations)
2026-04-06 00:57:20 |     → Trial 40/50 completed (1860 evaluations)
2026-04-06 00:57:29 |     → Trial 50/50 completed (1860 evaluations)
2026-04-06 00:57:29 |     → Instance 30/100
2026-04-06 00:57:29 |     → ShapleyFlow: 85 edges, 11 sources, 50 trials
2026-04-06 00:57:30 |     → Trial 1/50 completed (1860 evaluations)
2026-04-06 00:57:39 |     → Trial 10/50 completed (1860 evaluations)
2026-04-06 00:57:49 |     → Trial 20/50 completed (1860 evaluations)
2026-04-06 00:57:58 |     → Trial 30/50 completed (1860 evaluations)
2026-04-06 00:58:08 |     → Trial 40/50 completed (1860 evaluations)
2026-04-06 00:58:17 |     → Trial 50/50 completed (1860 evaluations)
2026-04-06 00:58:17 |     → Instance 31/100
2026-04-06 00:58:17 |     → ShapleyFlow: 85 edges, 11 sources, 50 trials
2026-04-06 00:58:18 |     → Trial 1/50 completed (1860 evaluations)
2026-04-06 00:58:27 |     → Trial 10/50 completed (1860 evaluations)
2026-04-06 00:58:37 |     → Trial 20/50 completed (1860 evaluations)
2026-04-06 00:58:46 |     → Trial 30/50 completed (1860 evaluations)
2026-04-06 00:58:56 |     → Trial 40/50 completed (1860 evaluations)
2026-04-06 00:59:05 |     → Trial 50/50 completed (1860 evaluations)
2026-04-06 00:59:05 |     → Instance 32/100
2026-04-06 00:59:05 |     → ShapleyFlow: 85 edges, 11 sources, 50 trials
2026-04-06 00:59:06 |     → Trial 1/50 completed (1860 evaluations)
2026-04-06 00:59:15 |     → Trial 10/50 completed (1860 evaluations)
2026-04-06 00:59:25 |     → Trial 20/50 completed (1860 evaluations)
2026-04-06 00:59:34 |     → Trial 30/50 completed (1860 evaluations)
2026-04-06 00:59:44 |     → Trial 40/50 completed (1860 evaluations)
2026-04-06 00:59:53 |     → Trial 50/50 completed (1860 evaluations)
2026-04-06 00:59:53 |     → Instance 33/100
2026-04-06 00:59:53 |     → ShapleyFlow: 85 edges, 11 sources, 50 trials
2026-04-06 00:59:54 |     → Trial 1/50 completed (1860 evaluations)
2026-04-06 01:00:03 |     → Trial 10/50 completed (1860 evaluations)
2026-04-06 01:00:12 |     → Trial 20/50 completed (1860 evaluations)
2026-04-06 01:00:22 |     → Trial 30/50 completed (1860 evaluations)
2026-04-06 01:00:32 |     → Trial 40/50 completed (1860 evaluations)
2026-04-06 01:00:41 |     → Trial 50/50 completed (1860 evaluations)
2026-04-06 01:00:41 |     → Instance 34/100
2026-04-06 01:00:41 |     → ShapleyFlow: 85 edges, 11 sources, 50 trials
2026-04-06 01:00:42 |     → Trial 1/50 completed (1860 evaluations)
2026-04-06 01:00:51 |     → Trial 10/50 completed (1860 evaluations)
2026-04-06 01:01:00 |     → Trial 20/50 completed (1860 evaluations)
2026-04-06 01:01:10 |     → Trial 30/50 completed (1860 evaluations)
2026-04-06 01:01:20 |     → Trial 40/50 completed (1860 evaluations)
2026-04-06 01:01:29 |     → Trial 50/50 completed (1860 evaluations)
2026-04-06 01:01:29 |     → Instance 35/100
2026-04-06 01:01:29 |     → ShapleyFlow: 85 edges, 11 sources, 50 trials
2026-04-06 01:01:30 |     → Trial 1/50 completed (1860 evaluations)
2026-04-06 01:01:39 |     → Trial 10/50 completed (1860 evaluations)
2026-04-06 01:01:48 |     → Trial 20/50 completed (1860 evaluations)
2026-04-06 01:01:58 |     → Trial 30/50 completed (1860 evaluations)
2026-04-06 01:02:07 |     → Trial 40/50 completed (1860 evaluations)
2026-04-06 01:02:17 |     → Trial 50/50 completed (1860 evaluations)
2026-04-06 01:02:17 |     → Instance 36/100
2026-04-06 01:02:17 |     → ShapleyFlow: 85 edges, 11 sources, 50 trials
2026-04-06 01:02:18 |     → Trial 1/50 completed (1860 evaluations)
2026-04-06 01:02:27 |     → Trial 10/50 completed (1860 evaluations)
2026-04-06 01:02:36 |     → Trial 20/50 completed (1860 evaluations)
2026-04-06 01:02:46 |     → Trial 30/50 completed (1860 evaluations)
2026-04-06 01:02:55 |     → Trial 40/50 completed (1860 evaluations)
2026-04-06 01:03:05 |     → Trial 50/50 completed (1860 evaluations)
2026-04-06 01:03:05 |     → Instance 37/100
2026-04-06 01:03:05 |     → ShapleyFlow: 85 edges, 11 sources, 50 trials
2026-04-06 01:03:06 |     → Trial 1/50 completed (1860 evaluations)
2026-04-06 01:03:15 |     → Trial 10/50 completed (1860 evaluations)
2026-04-06 01:03:24 |     → Trial 20/50 completed (1860 evaluations)
2026-04-06 01:03:34 |     → Trial 30/50 completed (1860 evaluations)
2026-04-06 01:03:43 |     → Trial 40/50 completed (1860 evaluations)
2026-04-06 01:03:53 |     → Trial 50/50 completed (1860 evaluations)
2026-04-06 01:03:53 |     → Instance 38/100
2026-04-06 01:03:53 |     → ShapleyFlow: 85 edges, 11 sources, 50 trials
2026-04-06 01:03:54 |     → Trial 1/50 completed (1860 evaluations)
2026-04-06 01:04:03 |     → Trial 10/50 completed (1860 evaluations)
2026-04-06 01:04:12 |     → Trial 20/50 completed (1860 evaluations)
2026-04-06 01:04:22 |     → Trial 30/50 completed (1860 evaluations)
2026-04-06 01:04:31 |     → Trial 40/50 completed (1860 evaluations)
2026-04-06 01:04:41 |     → Trial 50/50 completed (1860 evaluations)
2026-04-06 01:04:41 |     → Instance 39/100
2026-04-06 01:04:41 |     → ShapleyFlow: 85 edges, 11 sources, 50 trials
2026-04-06 01:04:42 |     → Trial 1/50 completed (1860 evaluations)
2026-04-06 01:04:51 |     → Trial 10/50 completed (1860 evaluations)
2026-04-06 01:05:00 |     → Trial 20/50 completed (1860 evaluations)
2026-04-06 01:05:10 |     → Trial 30/50 completed (1860 evaluations)
2026-04-06 01:05:19 |     → Trial 40/50 completed (1860 evaluations)
2026-04-06 01:05:29 |     → Trial 50/50 completed (1860 evaluations)
2026-04-06 01:05:29 |     → Instance 40/100
2026-04-06 01:05:29 |     → ShapleyFlow: 85 edges, 11 sources, 50 trials
2026-04-06 01:05:30 |     → Trial 1/50 completed (1860 evaluations)
2026-04-06 01:05:39 |     → Trial 10/50 completed (1860 evaluations)
2026-04-06 01:05:48 |     → Trial 20/50 completed (1860 evaluations)
2026-04-06 01:05:58 |     → Trial 30/50 completed (1860 evaluations)
2026-04-06 01:06:07 |     → Trial 40/50 completed (1860 evaluations)
2026-04-06 01:06:17 |     → Trial 50/50 completed (1860 evaluations)
2026-04-06 01:06:17 |     → Instance 41/100
2026-04-06 01:06:17 |     → ShapleyFlow: 85 edges, 11 sources, 50 trials
2026-04-06 01:06:18 |     → Trial 1/50 completed (1860 evaluations)
2026-04-06 01:06:27 |     → Trial 10/50 completed (1860 evaluations)
2026-04-06 01:06:36 |     → Trial 20/50 completed (1860 evaluations)
2026-04-06 01:06:46 |     → Trial 30/50 completed (1860 evaluations)
2026-04-06 01:06:56 |     → Trial 40/50 completed (1860 evaluations)
2026-04-06 01:07:05 |     → Trial 50/50 completed (1860 evaluations)
2026-04-06 01:07:05 |     → Instance 42/100
2026-04-06 01:07:05 |     → ShapleyFlow: 85 edges, 11 sources, 50 trials
2026-04-06 01:07:06 |     → Trial 1/50 completed (1860 evaluations)
2026-04-06 01:07:15 |     → Trial 10/50 completed (1860 evaluations)
2026-04-06 01:07:24 |     → Trial 20/50 completed (1860 evaluations)
2026-04-06 01:07:34 |     → Trial 30/50 completed (1860 evaluations)
2026-04-06 01:07:44 |     → Trial 40/50 completed (1860 evaluations)
2026-04-06 01:07:53 |     → Trial 50/50 completed (1860 evaluations)
2026-04-06 01:07:53 |     → Instance 43/100
2026-04-06 01:07:53 |     → ShapleyFlow: 85 edges, 11 sources, 50 trials
2026-04-06 01:07:54 |     → Trial 1/50 completed (1860 evaluations)
2026-04-06 01:08:03 |     → Trial 10/50 completed (1860 evaluations)
2026-04-06 01:08:13 |     → Trial 20/50 completed (1860 evaluations)
2026-04-06 01:08:22 |     → Trial 30/50 completed (1860 evaluations)
2026-04-06 01:08:32 |     → Trial 40/50 completed (1860 evaluations)
2026-04-06 01:08:42 |     → Trial 50/50 completed (1860 evaluations)
2026-04-06 01:08:42 |     → Instance 44/100
2026-04-06 01:08:42 |     → ShapleyFlow: 85 edges, 11 sources, 50 trials
2026-04-06 01:08:43 |     → Trial 1/50 completed (1860 evaluations)
2026-04-06 01:08:51 |     → Trial 10/50 completed (1860 evaluations)
2026-04-06 01:09:01 |     → Trial 20/50 completed (1860 evaluations)
2026-04-06 01:09:11 |     → Trial 30/50 completed (1860 evaluations)
2026-04-06 01:09:20 |     → Trial 40/50 completed (1860 evaluations)
2026-04-06 01:09:30 |     → Trial 50/50 completed (1860 evaluations)
2026-04-06 01:09:30 |     → Instance 45/100
2026-04-06 01:09:30 |     → ShapleyFlow: 85 edges, 11 sources, 50 trials
2026-04-06 01:09:31 |     → Trial 1/50 completed (1860 evaluations)
2026-04-06 01:09:40 |     → Trial 10/50 completed (1860 evaluations)
2026-04-06 01:09:49 |     → Trial 20/50 completed (1860 evaluations)
2026-04-06 01:09:59 |     → Trial 30/50 completed (1860 evaluations)
2026-04-06 01:10:09 |     → Trial 40/50 completed (1860 evaluations)
2026-04-06 01:10:18 |     → Trial 50/50 completed (1860 evaluations)
2026-04-06 01:10:18 |     → Instance 46/100
2026-04-06 01:10:18 |     → ShapleyFlow: 85 edges, 11 sources, 50 trials
2026-04-06 01:10:19 |     → Trial 1/50 completed (1860 evaluations)
2026-04-06 01:10:28 |     → Trial 10/50 completed (1860 evaluations)
2026-04-06 01:10:38 |     → Trial 20/50 completed (1860 evaluations)
2026-04-06 01:10:47 |     → Trial 30/50 completed (1860 evaluations)
2026-04-06 01:10:57 |     → Trial 40/50 completed (1860 evaluations)
2026-04-06 01:11:07 |     → Trial 50/50 completed (1860 evaluations)
2026-04-06 01:11:07 |     → Instance 47/100
2026-04-06 01:11:07 |     → ShapleyFlow: 85 edges, 11 sources, 50 trials
2026-04-06 01:11:08 |     → Trial 1/50 completed (1860 evaluations)
2026-04-06 01:11:16 |     → Trial 10/50 completed (1860 evaluations)
2026-04-06 01:11:26 |     → Trial 20/50 completed (1860 evaluations)
2026-04-06 01:11:35 |     → Trial 30/50 completed (1860 evaluations)
2026-04-06 01:11:45 |     → Trial 40/50 completed (1860 evaluations)
2026-04-06 01:11:55 |     → Trial 50/50 completed (1860 evaluations)
2026-04-06 01:11:55 |     → Instance 48/100
2026-04-06 01:11:55 |     → ShapleyFlow: 85 edges, 11 sources, 50 trials
2026-04-06 01:11:56 |     → Trial 1/50 completed (1860 evaluations)
2026-04-06 01:12:04 |     → Trial 10/50 completed (1860 evaluations)
2026-04-06 01:12:14 |     → Trial 20/50 completed (1860 evaluations)
2026-04-06 01:12:24 |     → Trial 30/50 completed (1860 evaluations)
2026-04-06 01:12:33 |     → Trial 40/50 completed (1860 evaluations)
2026-04-06 01:12:43 |     → Trial 50/50 completed (1860 evaluations)
2026-04-06 01:12:43 |     → Instance 49/100
2026-04-06 01:12:43 |     → ShapleyFlow: 85 edges, 11 sources, 50 trials
2026-04-06 01:12:44 |     → Trial 1/50 completed (1860 evaluations)
2026-04-06 01:12:52 |     → Trial 10/50 completed (1860 evaluations)
2026-04-06 01:13:02 |     → Trial 20/50 completed (1860 evaluations)
2026-04-06 01:13:12 |     → Trial 30/50 completed (1860 evaluations)
2026-04-06 01:13:21 |     → Trial 40/50 completed (1860 evaluations)
2026-04-06 01:13:31 |     → Trial 50/50 completed (1860 evaluations)
2026-04-06 01:13:31 |     → Instance 50/100
2026-04-06 01:13:31 |     → ShapleyFlow: 85 edges, 11 sources, 50 trials
2026-04-06 01:13:32 |     → Trial 1/50 completed (1860 evaluations)
2026-04-06 01:13:41 |     → Trial 10/50 completed (1860 evaluations)
2026-04-06 01:13:50 |     → Trial 20/50 completed (1860 evaluations)
2026-04-06 01:14:00 |     → Trial 30/50 completed (1860 evaluations)
2026-04-06 01:14:10 |     → Trial 40/50 completed (1860 evaluations)
2026-04-06 01:14:19 |     → Trial 50/50 completed (1860 evaluations)
2026-04-06 01:14:19 |     → Instance 51/100
2026-04-06 01:14:19 |     → ShapleyFlow: 85 edges, 11 sources, 50 trials
2026-04-06 01:14:20 |     → Trial 1/50 completed (1860 evaluations)
2026-04-06 01:14:29 |     → Trial 10/50 completed (1860 evaluations)
2026-04-06 01:14:39 |     → Trial 20/50 completed (1860 evaluations)
2026-04-06 01:14:48 |     → Trial 30/50 completed (1860 evaluations)
2026-04-06 01:14:58 |     → Trial 40/50 completed (1860 evaluations)
2026-04-06 01:15:07 |     → Trial 50/50 completed (1860 evaluations)
2026-04-06 01:15:07 |     → Instance 52/100
2026-04-06 01:15:07 |     → ShapleyFlow: 85 edges, 11 sources, 50 trials
2026-04-06 01:15:08 |     → Trial 1/50 completed (1860 evaluations)
2026-04-06 01:15:17 |     → Trial 10/50 completed (1860 evaluations)
2026-04-06 01:15:27 |     → Trial 20/50 completed (1860 evaluations)
2026-04-06 01:15:36 |     → Trial 30/50 completed (1860 evaluations)
2026-04-06 01:15:46 |     → Trial 40/50 completed (1860 evaluations)
2026-04-06 01:15:56 |     → Trial 50/50 completed (1860 evaluations)
2026-04-06 01:15:56 |     → Instance 53/100
2026-04-06 01:15:56 |     → ShapleyFlow: 85 edges, 11 sources, 50 trials
2026-04-06 01:15:57 |     → Trial 1/50 completed (1860 evaluations)
2026-04-06 01:16:05 |     → Trial 10/50 completed (1860 evaluations)
2026-04-06 01:16:15 |     → Trial 20/50 completed (1860 evaluations)
2026-04-06 01:16:25 |     → Trial 30/50 completed (1860 evaluations)
2026-04-06 01:16:34 |     → Trial 40/50 completed (1860 evaluations)
2026-04-06 01:16:44 |     → Trial 50/50 completed (1860 evaluations)
2026-04-06 01:16:44 |     → Instance 54/100
2026-04-06 01:16:44 |     → ShapleyFlow: 85 edges, 11 sources, 50 trials
2026-04-06 01:16:45 |     → Trial 1/50 completed (1860 evaluations)
2026-04-06 01:16:54 |     → Trial 10/50 completed (1860 evaluations)
2026-04-06 01:17:03 |     → Trial 20/50 completed (1860 evaluations)
2026-04-06 01:17:13 |     → Trial 30/50 completed (1860 evaluations)
2026-04-06 01:17:23 |     → Trial 40/50 completed (1860 evaluations)
2026-04-06 01:17:32 |     → Trial 50/50 completed (1860 evaluations)
2026-04-06 01:17:32 |     → Instance 55/100
2026-04-06 01:17:32 |     → ShapleyFlow: 85 edges, 11 sources, 50 trials
2026-04-06 01:17:33 |     → Trial 1/50 completed (1860 evaluations)
2026-04-06 01:17:42 |     → Trial 10/50 completed (1860 evaluations)
2026-04-06 01:17:52 |     → Trial 20/50 completed (1860 evaluations)
2026-04-06 01:18:01 |     → Trial 30/50 completed (1860 evaluations)
2026-04-06 01:18:11 |     → Trial 40/50 completed (1860 evaluations)
2026-04-06 01:18:20 |     → Trial 50/50 completed (1860 evaluations)
2026-04-06 01:18:20 |     → Instance 56/100
2026-04-06 01:18:20 |     → ShapleyFlow: 85 edges, 11 sources, 50 trials
2026-04-06 01:18:21 |     → Trial 1/50 completed (1860 evaluations)
2026-04-06 01:18:30 |     → Trial 10/50 completed (1860 evaluations)
2026-04-06 01:18:40 |     → Trial 20/50 completed (1860 evaluations)
2026-04-06 01:18:49 |     → Trial 30/50 completed (1860 evaluations)
2026-04-06 01:18:59 |     → Trial 40/50 completed (1860 evaluations)
2026-04-06 01:19:08 |     → Trial 50/50 completed (1860 evaluations)
2026-04-06 01:19:08 |     → Instance 57/100
2026-04-06 01:19:08 |     → ShapleyFlow: 85 edges, 11 sources, 50 trials
2026-04-06 01:19:09 |     → Trial 1/50 completed (1860 evaluations)
2026-04-06 01:19:18 |     → Trial 10/50 completed (1860 evaluations)
2026-04-06 01:19:28 |     → Trial 20/50 completed (1860 evaluations)
2026-04-06 01:19:37 |     → Trial 30/50 completed (1860 evaluations)
2026-04-06 01:19:47 |     → Trial 40/50 completed (1860 evaluations)
2026-04-06 01:19:56 |     → Trial 50/50 completed (1860 evaluations)
2026-04-06 01:19:56 |     → Instance 58/100
2026-04-06 01:19:56 |     → ShapleyFlow: 85 edges, 11 sources, 50 trials
2026-04-06 01:19:57 |     → Trial 1/50 completed (1860 evaluations)
2026-04-06 01:20:06 |     → Trial 10/50 completed (1860 evaluations)
2026-04-06 01:20:16 |     → Trial 20/50 completed (1860 evaluations)
2026-04-06 01:20:25 |     → Trial 30/50 completed (1860 evaluations)
2026-04-06 01:20:35 |     → Trial 40/50 completed (1860 evaluations)
2026-04-06 01:20:45 |     → Trial 50/50 completed (1860 evaluations)
2026-04-06 01:20:45 |     → Instance 59/100
2026-04-06 01:20:45 |     → ShapleyFlow: 85 edges, 11 sources, 50 trials
2026-04-06 01:20:46 |     → Trial 1/50 completed (1860 evaluations)
2026-04-06 01:20:54 |     → Trial 10/50 completed (1860 evaluations)
2026-04-06 01:21:04 |     → Trial 20/50 completed (1860 evaluations)
2026-04-06 01:21:14 |     → Trial 30/50 completed (1860 evaluations)
2026-04-06 01:21:23 |     → Trial 40/50 completed (1860 evaluations)
2026-04-06 01:21:33 |     → Trial 50/50 completed (1860 evaluations)
2026-04-06 01:21:33 |     → Instance 60/100
2026-04-06 01:21:33 |     → ShapleyFlow: 85 edges, 11 sources, 50 trials
2026-04-06 01:21:34 |     → Trial 1/50 completed (1860 evaluations)
2026-04-06 01:21:43 |     → Trial 10/50 completed (1860 evaluations)
2026-04-06 01:21:52 |     → Trial 20/50 completed (1860 evaluations)
2026-04-06 01:22:02 |     → Trial 30/50 completed (1860 evaluations)
2026-04-06 01:22:12 |     → Trial 40/50 completed (1860 evaluations)
2026-04-06 01:22:22 |     → Trial 50/50 completed (1860 evaluations)
2026-04-06 01:22:22 |     → Instance 61/100
2026-04-06 01:22:22 |     → ShapleyFlow: 85 edges, 11 sources, 50 trials
2026-04-06 01:22:23 |     → Trial 1/50 completed (1860 evaluations)
2026-04-06 01:22:31 |     → Trial 10/50 completed (1860 evaluations)
2026-04-06 01:22:41 |     → Trial 20/50 completed (1860 evaluations)
2026-04-06 01:22:51 |     → Trial 30/50 completed (1860 evaluations)
2026-04-06 01:23:00 |     → Trial 40/50 completed (1860 evaluations)
2026-04-06 01:23:10 |     → Trial 50/50 completed (1860 evaluations)
2026-04-06 01:23:10 |     → Instance 62/100
2026-04-06 01:23:10 |     → ShapleyFlow: 85 edges, 11 sources, 50 trials
2026-04-06 01:23:11 |     → Trial 1/50 completed (1860 evaluations)
2026-04-06 01:23:20 |     → Trial 10/50 completed (1860 evaluations)
2026-04-06 01:23:30 |     → Trial 20/50 completed (1860 evaluations)
2026-04-06 01:23:39 |     → Trial 30/50 completed (1860 evaluations)
2026-04-06 01:23:49 |     → Trial 40/50 completed (1860 evaluations)
2026-04-06 01:23:59 |     → Trial 50/50 completed (1860 evaluations)
2026-04-06 01:23:59 |     → Instance 63/100
2026-04-06 01:23:59 |     → ShapleyFlow: 85 edges, 11 sources, 50 trials
2026-04-06 01:24:00 |     → Trial 1/50 completed (1860 evaluations)
2026-04-06 01:24:09 |     → Trial 10/50 completed (1860 evaluations)
2026-04-06 01:24:19 |     → Trial 20/50 completed (1860 evaluations)
2026-04-06 01:24:29 |     → Trial 30/50 completed (1860 evaluations)
2026-04-06 01:24:39 |     → Trial 40/50 completed (1860 evaluations)
2026-04-06 01:24:50 |     → Trial 50/50 completed (1860 evaluations)
2026-04-06 01:24:50 |     → Instance 64/100
2026-04-06 01:24:50 |     → ShapleyFlow: 85 edges, 11 sources, 50 trials
2026-04-06 01:24:51 |     → Trial 1/50 completed (1860 evaluations)
2026-04-06 01:25:00 |     → Trial 10/50 completed (1860 evaluations)
2026-04-06 01:25:11 |     → Trial 20/50 completed (1860 evaluations)
2026-04-06 01:25:21 |     → Trial 30/50 completed (1860 evaluations)
2026-04-06 01:25:31 |     → Trial 40/50 completed (1860 evaluations)
2026-04-06 01:25:41 |     → Trial 50/50 completed (1860 evaluations)
2026-04-06 01:25:41 |     → Instance 65/100
2026-04-06 01:25:41 |     → ShapleyFlow: 85 edges, 11 sources, 50 trials
2026-04-06 01:25:42 |     → Trial 1/50 completed (1860 evaluations)
2026-04-06 01:25:51 |     → Trial 10/50 completed (1860 evaluations)
2026-04-06 01:26:01 |     → Trial 20/50 completed (1860 evaluations)
2026-04-06 01:26:11 |     → Trial 30/50 completed (1860 evaluations)
2026-04-06 01:26:22 |     → Trial 40/50 completed (1860 evaluations)
2026-04-06 01:26:32 |     → Trial 50/50 completed (1860 evaluations)
2026-04-06 01:26:32 |     → Instance 66/100
2026-04-06 01:26:32 |     → ShapleyFlow: 85 edges, 11 sources, 50 trials
2026-04-06 01:26:33 |     → Trial 1/50 completed (1860 evaluations)
2026-04-06 01:26:42 |     → Trial 10/50 completed (1860 evaluations)
2026-04-06 01:26:52 |     → Trial 20/50 completed (1860 evaluations)
2026-04-06 01:27:02 |     → Trial 30/50 completed (1860 evaluations)
2026-04-06 01:27:12 |     → Trial 40/50 completed (1860 evaluations)
2026-04-06 01:27:22 |     → Trial 50/50 completed (1860 evaluations)
2026-04-06 01:27:22 |     → Instance 67/100
2026-04-06 01:27:22 |     → ShapleyFlow: 85 edges, 11 sources, 50 trials
2026-04-06 01:27:23 |     → Trial 1/50 completed (1860 evaluations)
2026-04-06 01:27:32 |     → Trial 10/50 completed (1860 evaluations)
2026-04-06 01:27:43 |     → Trial 20/50 completed (1860 evaluations)
2026-04-06 01:27:53 |     → Trial 30/50 completed (1860 evaluations)
2026-04-06 01:28:03 |     → Trial 40/50 completed (1860 evaluations)
2026-04-06 01:28:13 |     → Trial 50/50 completed (1860 evaluations)
2026-04-06 01:28:13 |     → Instance 68/100
2026-04-06 01:28:13 |     → ShapleyFlow: 85 edges, 11 sources, 50 trials
2026-04-06 01:28:14 |     → Trial 1/50 completed (1860 evaluations)
2026-04-06 01:28:24 |     → Trial 10/50 completed (1860 evaluations)
2026-04-06 01:28:34 |     → Trial 20/50 completed (1860 evaluations)
2026-04-06 01:28:44 |     → Trial 30/50 completed (1860 evaluations)
2026-04-06 01:28:55 |     → Trial 40/50 completed (1860 evaluations)
2026-04-06 01:29:05 |     → Trial 50/50 completed (1860 evaluations)
2026-04-06 01:29:05 |     → Instance 69/100
2026-04-06 01:29:05 |     → ShapleyFlow: 85 edges, 11 sources, 50 trials
2026-04-06 01:29:06 |     → Trial 1/50 completed (1860 evaluations)
2026-04-06 01:29:15 |     → Trial 10/50 completed (1860 evaluations)
2026-04-06 01:29:26 |     → Trial 20/50 completed (1860 evaluations)
2026-04-06 01:29:36 |     → Trial 30/50 completed (1860 evaluations)
2026-04-06 01:29:46 |     → Trial 40/50 completed (1860 evaluations)
2026-04-06 01:29:57 |     → Trial 50/50 completed (1860 evaluations)
2026-04-06 01:29:57 |     → Instance 70/100
2026-04-06 01:29:57 |     → ShapleyFlow: 85 edges, 11 sources, 50 trials
2026-04-06 01:29:58 |     → Trial 1/50 completed (1860 evaluations)
2026-04-06 01:30:07 |     → Trial 10/50 completed (1860 evaluations)
2026-04-06 01:30:17 |     → Trial 20/50 completed (1860 evaluations)
2026-04-06 01:30:27 |     → Trial 30/50 completed (1860 evaluations)
2026-04-06 01:30:37 |     → Trial 40/50 completed (1860 evaluations)
2026-04-06 01:30:47 |     → Trial 50/50 completed (1860 evaluations)
2026-04-06 01:30:47 |     → Instance 71/100
2026-04-06 01:30:47 |     → ShapleyFlow: 85 edges, 11 sources, 50 trials
2026-04-06 01:30:48 |     → Trial 1/50 completed (1860 evaluations)
2026-04-06 01:30:58 |     → Trial 10/50 completed (1860 evaluations)
2026-04-06 01:31:08 |     → Trial 20/50 completed (1860 evaluations)
2026-04-06 01:31:18 |     → Trial 30/50 completed (1860 evaluations)
2026-04-06 01:31:28 |     → Trial 40/50 completed (1860 evaluations)
2026-04-06 01:31:38 |     → Trial 50/50 completed (1860 evaluations)
2026-04-06 01:31:38 |     → Instance 72/100
2026-04-06 01:31:38 |     → ShapleyFlow: 85 edges, 11 sources, 50 trials
2026-04-06 01:31:39 |     → Trial 1/50 completed (1860 evaluations)
2026-04-06 01:31:48 |     → Trial 10/50 completed (1860 evaluations)
2026-04-06 01:31:58 |     → Trial 20/50 completed (1860 evaluations)
2026-04-06 01:32:09 |     → Trial 30/50 completed (1860 evaluations)
2026-04-06 01:32:19 |     → Trial 40/50 completed (1860 evaluations)
2026-04-06 01:32:29 |     → Trial 50/50 completed (1860 evaluations)
2026-04-06 01:32:29 |     → Instance 73/100
2026-04-06 01:32:29 |     → ShapleyFlow: 85 edges, 11 sources, 50 trials
2026-04-06 01:32:30 |     → Trial 1/50 completed (1860 evaluations)
2026-04-06 01:32:40 |     → Trial 10/50 completed (1860 evaluations)
2026-04-06 01:32:50 |     → Trial 20/50 completed (1860 evaluations)
2026-04-06 01:33:01 |     → Trial 30/50 completed (1860 evaluations)
2026-04-06 01:33:11 |     → Trial 40/50 completed (1860 evaluations)
2026-04-06 01:33:21 |     → Trial 50/50 completed (1860 evaluations)
2026-04-06 01:33:21 |     → Instance 74/100
2026-04-06 01:33:21 |     → ShapleyFlow: 85 edges, 11 sources, 50 trials
2026-04-06 01:33:22 |     → Trial 1/50 completed (1860 evaluations)
2026-04-06 01:33:32 |     → Trial 10/50 completed (1860 evaluations)
2026-04-06 01:33:42 |     → Trial 20/50 completed (1860 evaluations)
2026-04-06 01:33:52 |     → Trial 30/50 completed (1860 evaluations)
2026-04-06 01:34:02 |     → Trial 40/50 completed (1860 evaluations)
2026-04-06 01:34:12 |     → Trial 50/50 completed (1860 evaluations)
2026-04-06 01:34:12 |     → Instance 75/100
2026-04-06 01:34:12 |     → ShapleyFlow: 85 edges, 11 sources, 50 trials
2026-04-06 01:34:13 |     → Trial 1/50 completed (1860 evaluations)
2026-04-06 01:34:22 |     → Trial 10/50 completed (1860 evaluations)
2026-04-06 01:34:32 |     → Trial 20/50 completed (1860 evaluations)
2026-04-06 01:34:42 |     → Trial 30/50 completed (1860 evaluations)
2026-04-06 01:34:52 |     → Trial 40/50 completed (1860 evaluations)
2026-04-06 01:35:02 |     → Trial 50/50 completed (1860 evaluations)
2026-04-06 01:35:02 |     → Instance 76/100
2026-04-06 01:35:02 |     → ShapleyFlow: 85 edges, 11 sources, 50 trials
2026-04-06 01:35:03 |     → Trial 1/50 completed (1860 evaluations)
2026-04-06 01:35:12 |     → Trial 10/50 completed (1860 evaluations)
2026-04-06 01:35:22 |     → Trial 20/50 completed (1860 evaluations)
2026-04-06 01:35:31 |     → Trial 30/50 completed (1860 evaluations)
2026-04-06 01:35:41 |     → Trial 40/50 completed (1860 evaluations)
2026-04-06 01:35:51 |     → Trial 50/50 completed (1860 evaluations)
2026-04-06 01:35:51 |     → Instance 77/100
2026-04-06 01:35:51 |     → ShapleyFlow: 85 edges, 11 sources, 50 trials
2026-04-06 01:35:52 |     → Trial 1/50 completed (1860 evaluations)
2026-04-06 01:36:01 |     → Trial 10/50 completed (1860 evaluations)
2026-04-06 01:36:10 |     → Trial 20/50 completed (1860 evaluations)
2026-04-06 01:36:20 |     → Trial 30/50 completed (1860 evaluations)
2026-04-06 01:36:30 |     → Trial 40/50 completed (1860 evaluations)
2026-04-06 01:36:40 |     → Trial 50/50 completed (1860 evaluations)
2026-04-06 01:36:40 |     → Instance 78/100
2026-04-06 01:36:40 |     → ShapleyFlow: 85 edges, 11 sources, 50 trials
2026-04-06 01:36:41 |     → Trial 1/50 completed (1860 evaluations)
2026-04-06 01:36:49 |     → Trial 10/50 completed (1860 evaluations)
2026-04-06 01:36:59 |     → Trial 20/50 completed (1860 evaluations)
2026-04-06 01:37:09 |     → Trial 30/50 completed (1860 evaluations)
2026-04-06 01:37:18 |     → Trial 40/50 completed (1860 evaluations)
2026-04-06 01:37:28 |     → Trial 50/50 completed (1860 evaluations)
2026-04-06 01:37:28 |     → Instance 79/100
2026-04-06 01:37:28 |     → ShapleyFlow: 85 edges, 11 sources, 50 trials
2026-04-06 01:37:29 |     → Trial 1/50 completed (1860 evaluations)
2026-04-06 01:37:38 |     → Trial 10/50 completed (1860 evaluations)
2026-04-06 01:37:48 |     → Trial 20/50 completed (1860 evaluations)
2026-04-06 01:37:57 |     → Trial 30/50 completed (1860 evaluations)
2026-04-06 01:38:07 |     → Trial 40/50 completed (1860 evaluations)
2026-04-06 01:38:16 |     → Trial 50/50 completed (1860 evaluations)
2026-04-06 01:38:17 |     → Instance 80/100
2026-04-06 01:38:17 |     → ShapleyFlow: 85 edges, 11 sources, 50 trials
2026-04-06 01:38:17 |     → Trial 1/50 completed (1860 evaluations)
2026-04-06 01:38:26 |     → Trial 10/50 completed (1860 evaluations)
2026-04-06 01:38:36 |     → Trial 20/50 completed (1860 evaluations)
2026-04-06 01:38:46 |     → Trial 30/50 completed (1860 evaluations)
2026-04-06 01:38:55 |     → Trial 40/50 completed (1860 evaluations)
2026-04-06 01:39:05 |     → Trial 50/50 completed (1860 evaluations)
2026-04-06 01:39:05 |     → Instance 81/100
2026-04-06 01:39:05 |     → ShapleyFlow: 85 edges, 11 sources, 50 trials
2026-04-06 01:39:06 |     → Trial 1/50 completed (1860 evaluations)
2026-04-06 01:39:15 |     → Trial 10/50 completed (1860 evaluations)
2026-04-06 01:39:24 |     → Trial 20/50 completed (1860 evaluations)
2026-04-06 01:39:34 |     → Trial 30/50 completed (1860 evaluations)
2026-04-06 01:39:44 |     → Trial 40/50 completed (1860 evaluations)
2026-04-06 01:39:53 |     → Trial 50/50 completed (1860 evaluations)
2026-04-06 01:39:53 |     → Instance 82/100
2026-04-06 01:39:53 |     → ShapleyFlow: 85 edges, 11 sources, 50 trials
2026-04-06 01:39:54 |     → Trial 1/50 completed (1860 evaluations)
2026-04-06 01:40:03 |     → Trial 10/50 completed (1860 evaluations)
2026-04-06 01:40:13 |     → Trial 20/50 completed (1860 evaluations)
2026-04-06 01:40:22 |     → Trial 30/50 completed (1860 evaluations)
2026-04-06 01:40:32 |     → Trial 40/50 completed (1860 evaluations)
2026-04-06 01:40:41 |     → Trial 50/50 completed (1860 evaluations)
2026-04-06 01:40:41 |     → Instance 83/100
2026-04-06 01:40:41 |     → ShapleyFlow: 85 edges, 11 sources, 50 trials
2026-04-06 01:40:42 |     → Trial 1/50 completed (1860 evaluations)
2026-04-06 01:40:51 |     → Trial 10/50 completed (1860 evaluations)
2026-04-06 01:41:01 |     → Trial 20/50 completed (1860 evaluations)
2026-04-06 01:41:10 |     → Trial 30/50 completed (1860 evaluations)
2026-04-06 01:41:20 |     → Trial 40/50 completed (1860 evaluations)
2026-04-06 01:41:30 |     → Trial 50/50 completed (1860 evaluations)
2026-04-06 01:41:30 |     → Instance 84/100
2026-04-06 01:41:30 |     → ShapleyFlow: 85 edges, 11 sources, 50 trials
2026-04-06 01:41:31 |     → Trial 1/50 completed (1860 evaluations)
2026-04-06 01:41:39 |     → Trial 10/50 completed (1860 evaluations)
2026-04-06 01:41:49 |     → Trial 20/50 completed (1860 evaluations)
2026-04-06 01:41:58 |     → Trial 30/50 completed (1860 evaluations)
2026-04-06 01:42:08 |     → Trial 40/50 completed (1860 evaluations)
2026-04-06 01:42:18 |     → Trial 50/50 completed (1860 evaluations)
2026-04-06 01:42:18 |     → Instance 85/100
2026-04-06 01:42:18 |     → ShapleyFlow: 85 edges, 11 sources, 50 trials
2026-04-06 01:42:19 |     → Trial 1/50 completed (1860 evaluations)
2026-04-06 01:42:27 |     → Trial 10/50 completed (1860 evaluations)
2026-04-06 01:42:37 |     → Trial 20/50 completed (1860 evaluations)
2026-04-06 01:42:46 |     → Trial 30/50 completed (1860 evaluations)
2026-04-06 01:42:56 |     → Trial 40/50 completed (1860 evaluations)
2026-04-06 01:43:06 |     → Trial 50/50 completed (1860 evaluations)
2026-04-06 01:43:06 |     → Instance 86/100
2026-04-06 01:43:06 |     → ShapleyFlow: 85 edges, 11 sources, 50 trials
2026-04-06 01:43:07 |     → Trial 1/50 completed (1860 evaluations)
2026-04-06 01:43:15 |     → Trial 10/50 completed (1860 evaluations)
2026-04-06 01:43:25 |     → Trial 20/50 completed (1860 evaluations)
2026-04-06 01:43:34 |     → Trial 30/50 completed (1860 evaluations)
2026-04-06 01:43:44 |     → Trial 40/50 completed (1860 evaluations)
2026-04-06 01:43:54 |     → Trial 50/50 completed (1860 evaluations)
2026-04-06 01:43:54 |     → Instance 87/100
2026-04-06 01:43:54 |     → ShapleyFlow: 85 edges, 11 sources, 50 trials
2026-04-06 01:43:55 |     → Trial 1/50 completed (1860 evaluations)
2026-04-06 01:44:03 |     → Trial 10/50 completed (1860 evaluations)
2026-04-06 01:44:13 |     → Trial 20/50 completed (1860 evaluations)
2026-04-06 01:44:23 |     → Trial 30/50 completed (1860 evaluations)
2026-04-06 01:44:32 |     → Trial 40/50 completed (1860 evaluations)
2026-04-06 01:44:42 |     → Trial 50/50 completed (1860 evaluations)
2026-04-06 01:44:42 |     → Instance 88/100
2026-04-06 01:44:42 |     → ShapleyFlow: 85 edges, 11 sources, 50 trials
2026-04-06 01:44:43 |     → Trial 1/50 completed (1860 evaluations)
2026-04-06 01:44:51 |     → Trial 10/50 completed (1860 evaluations)
2026-04-06 01:45:01 |     → Trial 20/50 completed (1860 evaluations)
2026-04-06 01:45:11 |     → Trial 30/50 completed (1860 evaluations)
2026-04-06 01:45:20 |     → Trial 40/50 completed (1860 evaluations)
2026-04-06 01:45:30 |     → Trial 50/50 completed (1860 evaluations)
2026-04-06 01:45:30 |     → Instance 89/100
2026-04-06 01:45:30 |     → ShapleyFlow: 85 edges, 11 sources, 50 trials
2026-04-06 01:45:31 |     → Trial 1/50 completed (1860 evaluations)
2026-04-06 01:45:40 |     → Trial 10/50 completed (1860 evaluations)
2026-04-06 01:45:49 |     → Trial 20/50 completed (1860 evaluations)
2026-04-06 01:45:59 |     → Trial 30/50 completed (1860 evaluations)
2026-04-06 01:46:09 |     → Trial 40/50 completed (1860 evaluations)
2026-04-06 01:46:18 |     → Trial 50/50 completed (1860 evaluations)
2026-04-06 01:46:18 |     → Instance 90/100
2026-04-06 01:46:18 |     → ShapleyFlow: 85 edges, 11 sources, 50 trials
2026-04-06 01:46:19 |     → Trial 1/50 completed (1860 evaluations)
2026-04-06 01:46:28 |     → Trial 10/50 completed (1860 evaluations)
2026-04-06 01:46:37 |     → Trial 20/50 completed (1860 evaluations)
2026-04-06 01:46:47 |     → Trial 30/50 completed (1860 evaluations)
2026-04-06 01:46:57 |     → Trial 40/50 completed (1860 evaluations)
2026-04-06 01:47:06 |     → Trial 50/50 completed (1860 evaluations)
2026-04-06 01:47:06 |     → Instance 91/100
2026-04-06 01:47:06 |     → ShapleyFlow: 85 edges, 11 sources, 50 trials
2026-04-06 01:47:07 |     → Trial 1/50 completed (1860 evaluations)
2026-04-06 01:47:16 |     → Trial 10/50 completed (1860 evaluations)
2026-04-06 01:47:26 |     → Trial 20/50 completed (1860 evaluations)
2026-04-06 01:47:35 |     → Trial 30/50 completed (1860 evaluations)
2026-04-06 01:47:45 |     → Trial 40/50 completed (1860 evaluations)
2026-04-06 01:47:54 |     → Trial 50/50 completed (1860 evaluations)
2026-04-06 01:47:54 |     → Instance 92/100
2026-04-06 01:47:54 |     → ShapleyFlow: 85 edges, 11 sources, 50 trials
2026-04-06 01:47:55 |     → Trial 1/50 completed (1860 evaluations)
2026-04-06 01:48:04 |     → Trial 10/50 completed (1860 evaluations)
2026-04-06 01:48:14 |     → Trial 20/50 completed (1860 evaluations)
2026-04-06 01:48:23 |     → Trial 30/50 completed (1860 evaluations)
2026-04-06 01:48:33 |     → Trial 40/50 completed (1860 evaluations)
2026-04-06 01:48:42 |     → Trial 50/50 completed (1860 evaluations)
2026-04-06 01:48:42 |     → Instance 93/100
2026-04-06 01:48:42 |     → ShapleyFlow: 85 edges, 11 sources, 50 trials
2026-04-06 01:48:43 |     → Trial 1/50 completed (1860 evaluations)
2026-04-06 01:48:52 |     → Trial 10/50 completed (1860 evaluations)
2026-04-06 01:49:01 |     → Trial 20/50 completed (1860 evaluations)
2026-04-06 01:49:11 |     → Trial 30/50 completed (1860 evaluations)
2026-04-06 01:49:21 |     → Trial 40/50 completed (1860 evaluations)
2026-04-06 01:49:30 |     → Trial 50/50 completed (1860 evaluations)
2026-04-06 01:49:30 |     → Instance 94/100
2026-04-06 01:49:30 |     → ShapleyFlow: 85 edges, 11 sources, 50 trials
2026-04-06 01:49:31 |     → Trial 1/50 completed (1860 evaluations)
2026-04-06 01:49:40 |     → Trial 10/50 completed (1860 evaluations)
2026-04-06 01:49:49 |     → Trial 20/50 completed (1860 evaluations)
2026-04-06 01:49:59 |     → Trial 30/50 completed (1860 evaluations)
2026-04-06 01:50:09 |     → Trial 40/50 completed (1860 evaluations)
2026-04-06 01:50:18 |     → Trial 50/50 completed (1860 evaluations)
2026-04-06 01:50:18 |     → Instance 95/100
2026-04-06 01:50:18 |     → ShapleyFlow: 85 edges, 11 sources, 50 trials
2026-04-06 01:50:19 |     → Trial 1/50 completed (1860 evaluations)
2026-04-06 01:50:28 |     → Trial 10/50 completed (1860 evaluations)
2026-04-06 01:50:37 |     → Trial 20/50 completed (1860 evaluations)
2026-04-06 01:50:47 |     → Trial 30/50 completed (1860 evaluations)
2026-04-06 01:50:57 |     → Trial 40/50 completed (1860 evaluations)
2026-04-06 01:51:06 |     → Trial 50/50 completed (1860 evaluations)
2026-04-06 01:51:06 |     → Instance 96/100
2026-04-06 01:51:06 |     → ShapleyFlow: 85 edges, 11 sources, 50 trials
2026-04-06 01:51:07 |     → Trial 1/50 completed (1860 evaluations)
2026-04-06 01:51:16 |     → Trial 10/50 completed (1860 evaluations)
2026-04-06 01:51:25 |     → Trial 20/50 completed (1860 evaluations)
2026-04-06 01:51:35 |     → Trial 30/50 completed (1860 evaluations)
2026-04-06 01:51:45 |     → Trial 40/50 completed (1860 evaluations)
2026-04-06 01:51:54 |     → Trial 50/50 completed (1860 evaluations)
2026-04-06 01:51:54 |     → Instance 97/100
2026-04-06 01:51:54 |     → ShapleyFlow: 85 edges, 11 sources, 50 trials
2026-04-06 01:51:55 |     → Trial 1/50 completed (1860 evaluations)
2026-04-06 01:52:04 |     → Trial 10/50 completed (1860 evaluations)
2026-04-06 01:52:13 |     → Trial 20/50 completed (1860 evaluations)
2026-04-06 01:52:23 |     → Trial 30/50 completed (1860 evaluations)
2026-04-06 01:52:32 |     → Trial 40/50 completed (1860 evaluations)
2026-04-06 01:52:42 |     → Trial 50/50 completed (1860 evaluations)
2026-04-06 01:52:42 |     → Instance 98/100
2026-04-06 01:52:42 |     → ShapleyFlow: 85 edges, 11 sources, 50 trials
2026-04-06 01:52:43 |     → Trial 1/50 completed (1860 evaluations)
2026-04-06 01:52:51 |     → Trial 10/50 completed (1860 evaluations)
2026-04-06 01:53:01 |     → Trial 20/50 completed (1860 evaluations)
2026-04-06 01:53:11 |     → Trial 30/50 completed (1860 evaluations)
2026-04-06 01:53:20 |     → Trial 40/50 completed (1860 evaluations)
2026-04-06 01:53:30 |     → Trial 50/50 completed (1860 evaluations)
2026-04-06 01:53:30 |     → Instance 99/100
2026-04-06 01:53:30 |     → ShapleyFlow: 85 edges, 11 sources, 50 trials
2026-04-06 01:53:31 |     → Trial 1/50 completed (1860 evaluations)
2026-04-06 01:53:39 |     → Trial 10/50 completed (1860 evaluations)
2026-04-06 01:53:49 |     → Trial 20/50 completed (1860 evaluations)
2026-04-06 01:53:59 |     → Trial 30/50 completed (1860 evaluations)
2026-04-06 01:54:08 |     → Trial 40/50 completed (1860 evaluations)
2026-04-06 01:54:18 |     → Trial 50/50 completed (1860 evaluations)
2026-04-06 01:54:18 |     → Instance 100/100
2026-04-06 01:54:18 |     → ShapleyFlow: 85 edges, 11 sources, 50 trials
2026-04-06 01:54:19 |     → Trial 1/50 completed (1860 evaluations)
2026-04-06 01:54:28 |     → Trial 10/50 completed (1860 evaluations)
2026-04-06 01:54:37 |     → Trial 20/50 completed (1860 evaluations)
2026-04-06 01:54:47 |     → Trial 30/50 completed (1860 evaluations)
2026-04-06 01:54:56 |     → Trial 40/50 completed (1860 evaluations)
2026-04-06 01:55:06 |     → Trial 50/50 completed (1860 evaluations)
2026-04-06 01:55:06 |     → All instances completed
2026-04-06 01:55:06 |   [Progress: 3/7] LGBM + LINGAM - ShapleyFlow
2026-04-06 01:55:06 |     → ShapleyFlowWrapper: 51 features, 215 edges, 12 sources
2026-04-06 01:55:06 |     → Computing Shapley Flow for 100 instances...
2026-04-06 01:55:06 |     → Instance 1/100
2026-04-06 01:55:06 |     → ShapleyFlow: 215 edges, 12 sources, 50 trials
2026-04-06 01:55:58 |     → Trial 1/50 completed (100030 evaluations)
2026-04-06 02:03:48 |     → Trial 10/50 completed (100018 evaluations)
2026-04-06 02:12:30 |     → Trial 20/50 completed (100028 evaluations)
2026-04-06 02:21:11 |     → Trial 30/50 completed (100036 evaluations)
2026-04-06 02:29:53 |     → Trial 40/50 completed (100027 evaluations)
2026-04-06 02:38:35 |     → Trial 50/50 completed (100011 evaluations)
2026-04-06 02:38:35 |     → Instance 2/100
2026-04-06 02:38:35 |     → ShapleyFlow: 215 edges, 12 sources, 50 trials
2026-04-06 02:39:27 |     → Trial 1/50 completed (100027 evaluations)
2026-04-06 02:47:15 |     → Trial 10/50 completed (100020 evaluations)
2026-04-06 02:55:55 |     → Trial 20/50 completed (100020 evaluations)
2026-04-06 03:04:36 |     → Trial 30/50 completed (100023 evaluations)
2026-04-06 03:13:16 |     → Trial 40/50 completed (100022 evaluations)
