2026-04-16 15:42:16 | Log file: /Users/juanrios/Documents/master_thesis/logs/pipeline_20260416_154216.log
2026-04-16 15:42:16 | 
================================================================================
2026-04-16 15:42:16 | EXPERIMENTAL PIPELINE: CAUSAL FEATURE IMPORTANCE COMPARISON
2026-04-16 15:42:16 | ================================================================================
2026-04-16 15:42:16 | 
================================================================================
2026-04-16 15:42:16 | CONFIGURATION PARAMETERS
2026-04-16 15:42:16 | ================================================================================
2026-04-16 15:42:16 | 
1. DATASET PARAMETERS:
2026-04-16 15:42:16 |    - N_FEATURES: 50
2026-04-16 15:42:16 |    - N_SAMPLES: 1000
2026-04-16 15:42:16 |    - Y_PARENTS_RATIO: 0.5
2026-04-16 15:42:16 |    - NOISE_STD: 0.5
2026-04-16 15:42:16 |    - EDGE_PROBABILITY: 0.2
2026-04-16 15:42:16 |    - MIN_CONNECTED_EDGES: 2
2026-04-16 15:42:16 |    - RANDOM_STATE: 42
2026-04-16 15:42:16 | 
2. MODEL TRAINING PARAMETERS:
2026-04-16 15:42:16 |    - TEST_SIZE: 0.2
2026-04-16 15:42:16 |    - BACKGROUND_RATIO: 0.3
2026-04-16 15:42:16 |    - TEST_INSTANCES_RATIO: 0.5
2026-04-16 15:42:16 | 
3. EXPLAINABILITY PARAMETERS:
2026-04-16 15:42:16 |    - N_SHAPLEY_SAMPLES: 50
2026-04-16 15:42:16 |    - M_INNER_SAMPLES_CAUSAL: 10
2026-04-16 15:42:16 | 
4. CAUSAL DISCOVERY PARAMETERS:
2026-04-16 15:42:16 |    - LINGAM_ALPHA: 0.01
2026-04-16 15:42:16 |    - PC_ALPHA: 0.01
2026-04-16 15:42:16 |    - INDEP_TEST: fisherz
2026-04-16 15:42:16 | 
5. TARGET CONFIGURATION:
2026-04-16 15:42:16 |    - TARGET_DATASETS: ['mixed_conf_f50_s1000_p50']
2026-04-16 15:42:16 |    - MODEL: LGBM (only)
2026-04-16 15:42:16 | 
6. DIRECTORIES:
2026-04-16 15:42:16 |    - BASE_DIR: /Users/juanrios/Documents/master_thesis
2026-04-16 15:42:16 |    - SYNTHETIC_DIR: /Users/juanrios/Documents/master_thesis/data/synthetic
2026-04-16 15:42:16 |    - PROCESSED_DIR: /Users/juanrios/Documents/master_thesis/data/processed
2026-04-16 15:42:16 |    - CAUSAL_DIR: /Users/juanrios/Documents/master_thesis/data/causal
2026-04-16 15:42:16 |    - EXPLAINABILITY_DIR: /Users/juanrios/Documents/master_thesis/data/explainability
2026-04-16 15:42:16 |    - MODELS_DIR: /Users/juanrios/Documents/master_thesis/models
2026-04-16 15:42:16 |    - LOGS_DIR: /Users/juanrios/Documents/master_thesis/logs
2026-04-16 15:42:16 | 
================================================================================

2026-04-16 15:42:16 | ================================================================================
2026-04-16 15:42:16 | STEP 1: GENERATING SYNTHETIC DATASETS
2026-04-16 15:42:16 | ================================================================================
2026-04-16 15:42:16 | 
[Dataset 1/6] Generating linear system without confounders
2026-04-16 15:42:16 |   ✓ Saved: linear_no_conf_f50_s1000_p50 | Features: 50, Samples: 1000, Y parents: 25, Edges: 291, Confounders: 0
2026-04-16 15:42:16 | 
[Dataset 2/6] Generating linear system with confounders
2026-04-16 15:42:16 |   ✓ Saved: linear_conf_f50_s1000_p50 | Features: 50, Samples: 1000, Y parents: 25, Edges: 291, Confounders: 5
2026-04-16 15:42:16 | 
[Dataset 3/6] Generating nonlinear system without confounders
2026-04-16 15:42:16 |   ✓ Saved: nonlinear_no_conf_f50_s1000_p50 | Features: 50, Samples: 1000, Y parents: 25, Edges: 291, Confounders: 0
2026-04-16 15:42:16 | 
[Dataset 4/6] Generating nonlinear system with confounders
2026-04-16 15:42:16 |   ✓ Saved: nonlinear_conf_f50_s1000_p50 | Features: 50, Samples: 1000, Y parents: 25, Edges: 291, Confounders: 5
2026-04-16 15:42:16 | 
[Dataset 5/6] Generating mixed system without confounders
2026-04-16 15:42:16 |   ✓ Saved: mixed_no_conf_f50_s1000_p50 | Features: 50, Samples: 1000, Y parents: 25, Edges: 291, Confounders: 0
2026-04-16 15:42:16 | 
[Dataset 6/6] Generating mixed system with confounders
2026-04-16 15:42:16 |   ✓ Saved: mixed_conf_f50_s1000_p50 | Features: 50, Samples: 1000, Y parents: 25, Edges: 291, Confounders: 5
2026-04-16 15:42:16 | 
================================================================================
2026-04-16 15:42:16 | Step 1 Complete: 6 datasets generated
2026-04-16 15:42:16 | ================================================================================

2026-04-16 15:42:16 | ================================================================================
2026-04-16 15:42:16 | STEP 5: CALCULATING SHAPLEY VALUES (1 datasets + LGBM only)
2026-04-16 15:42:16 | ================================================================================
2026-04-16 15:42:16 | 
[Dataset 1/1] Processing mixed_conf_f50_s1000_p50
2026-04-16 15:42:16 |   [Progress: 1/7] LGBM - ShapleyFromScratch
2026-04-16 15:42:17 | Starting ShapleyFromScratch computation for 100 instances
2026-04-16 15:42:17 | Using 50 samples per instance
2026-04-16 15:42:46 |   Completed 20/100 instances
2026-04-16 15:43:15 |   Completed 40/100 instances
2026-04-16 15:43:45 |   Completed 60/100 instances
2026-04-16 15:44:15 |   Completed 80/100 instances
2026-04-16 15:44:45 |   Completed 100/100 instances
2026-04-16 15:44:45 | Completed all 100 instances
2026-04-16 15:44:45 |   [Progress: 2/7] LGBM + PC - AsymmetricShapley
2026-04-16 15:44:45 |  Calculating asymmetric SHAP values
2026-04-16 15:44:45 | Starting Path-based Asymmetric Shapley computation for 100 instances
2026-04-16 15:44:45 | Using 50 samples per instance
2026-04-16 15:44:45 |     Sample 10/50 completed
2026-04-16 15:44:45 |     Sample 20/50 completed
2026-04-16 15:44:46 |     Sample 30/50 completed
2026-04-16 15:44:46 |     Sample 40/50 completed
2026-04-16 15:44:46 |     Sample 50/50 completed
2026-04-16 15:44:47 |     Sample 10/50 completed
2026-04-16 15:44:47 |     Sample 20/50 completed
2026-04-16 15:44:47 |     Sample 30/50 completed
2026-04-16 15:44:47 |     Sample 40/50 completed
2026-04-16 15:44:48 |     Sample 50/50 completed
2026-04-16 15:44:48 |     Sample 10/50 completed
2026-04-16 15:44:48 |     Sample 20/50 completed
2026-04-16 15:44:49 |     Sample 30/50 completed
2026-04-16 15:44:49 |     Sample 40/50 completed
2026-04-16 15:44:49 |     Sample 50/50 completed
2026-04-16 15:44:49 |     Sample 10/50 completed
2026-04-16 15:44:50 |     Sample 20/50 completed
2026-04-16 15:44:50 |     Sample 30/50 completed
2026-04-16 15:44:50 |     Sample 40/50 completed
2026-04-16 15:44:51 |     Sample 50/50 completed
2026-04-16 15:44:51 |     Sample 10/50 completed
2026-04-16 15:44:51 |     Sample 20/50 completed
2026-04-16 15:44:51 |     Sample 30/50 completed
2026-04-16 15:44:52 |     Sample 40/50 completed
2026-04-16 15:44:52 |     Sample 50/50 completed
2026-04-16 15:44:52 |     Sample 10/50 completed
2026-04-16 15:44:53 |     Sample 20/50 completed
2026-04-16 15:44:53 |     Sample 30/50 completed
2026-04-16 15:44:53 |     Sample 40/50 completed
2026-04-16 15:44:53 |     Sample 50/50 completed
2026-04-16 15:44:54 |     Sample 10/50 completed
2026-04-16 15:44:54 |     Sample 20/50 completed
2026-04-16 15:44:54 |     Sample 30/50 completed
2026-04-16 15:44:55 |     Sample 40/50 completed
2026-04-16 15:44:55 |     Sample 50/50 completed
2026-04-16 15:44:55 |     Sample 10/50 completed
2026-04-16 15:44:55 |     Sample 20/50 completed
2026-04-16 15:44:56 |     Sample 30/50 completed
2026-04-16 15:44:56 |     Sample 40/50 completed
2026-04-16 15:44:56 |     Sample 50/50 completed
2026-04-16 15:44:57 |     Sample 10/50 completed
2026-04-16 15:44:57 |     Sample 20/50 completed
2026-04-16 15:44:57 |     Sample 30/50 completed
2026-04-16 15:44:58 |     Sample 40/50 completed
2026-04-16 15:44:58 |     Sample 50/50 completed
2026-04-16 15:44:58 |     Sample 10/50 completed
2026-04-16 15:44:58 |     Sample 20/50 completed
2026-04-16 15:44:59 |     Sample 30/50 completed
2026-04-16 15:44:59 |     Sample 40/50 completed
2026-04-16 15:44:59 |     Sample 50/50 completed
2026-04-16 15:44:59 |     Sample 10/50 completed
2026-04-16 15:45:00 |     Sample 20/50 completed
2026-04-16 15:45:00 |     Sample 30/50 completed
2026-04-16 15:45:00 |     Sample 40/50 completed
2026-04-16 15:45:01 |     Sample 50/50 completed
2026-04-16 15:45:01 |     Sample 10/50 completed
2026-04-16 15:45:01 |     Sample 20/50 completed
2026-04-16 15:45:02 |     Sample 30/50 completed
2026-04-16 15:45:02 |     Sample 40/50 completed
2026-04-16 15:45:02 |     Sample 50/50 completed
2026-04-16 15:45:02 |     Sample 10/50 completed
2026-04-16 15:45:03 |     Sample 20/50 completed
2026-04-16 15:45:03 |     Sample 30/50 completed
2026-04-16 15:45:03 |     Sample 40/50 completed
2026-04-16 15:45:03 |     Sample 50/50 completed
2026-04-16 15:45:04 |     Sample 10/50 completed
2026-04-16 15:45:04 |     Sample 20/50 completed
2026-04-16 15:45:04 |     Sample 30/50 completed
2026-04-16 15:45:05 |     Sample 40/50 completed
2026-04-16 15:45:05 |     Sample 50/50 completed
2026-04-16 15:45:05 |     Sample 10/50 completed
2026-04-16 15:45:05 |     Sample 20/50 completed
2026-04-16 15:45:06 |     Sample 30/50 completed
2026-04-16 15:45:06 |     Sample 40/50 completed
2026-04-16 15:45:06 |     Sample 50/50 completed
2026-04-16 15:45:07 |     Sample 10/50 completed
2026-04-16 15:45:07 |     Sample 20/50 completed
2026-04-16 15:45:07 |     Sample 30/50 completed
2026-04-16 15:45:08 |     Sample 40/50 completed
2026-04-16 15:45:08 |     Sample 50/50 completed
2026-04-16 15:45:08 |     Sample 10/50 completed
2026-04-16 15:45:08 |     Sample 20/50 completed
2026-04-16 15:45:09 |     Sample 30/50 completed
2026-04-16 15:45:09 |     Sample 40/50 completed
2026-04-16 15:45:09 |     Sample 50/50 completed
2026-04-16 15:45:09 |     Sample 10/50 completed
2026-04-16 15:45:10 |     Sample 20/50 completed
2026-04-16 15:45:10 |     Sample 30/50 completed
2026-04-16 15:45:10 |     Sample 40/50 completed
2026-04-16 15:45:11 |     Sample 50/50 completed
2026-04-16 15:45:11 |     Sample 10/50 completed
2026-04-16 15:45:11 |     Sample 20/50 completed
2026-04-16 15:45:11 |     Sample 30/50 completed
2026-04-16 15:45:12 |     Sample 40/50 completed
2026-04-16 15:45:12 |     Sample 50/50 completed
2026-04-16 15:45:12 |     Sample 10/50 completed
2026-04-16 15:45:13 |     Sample 20/50 completed
2026-04-16 15:45:13 |     Sample 30/50 completed
2026-04-16 15:45:13 |     Sample 40/50 completed
2026-04-16 15:45:13 |     Sample 50/50 completed
2026-04-16 15:45:14 |     Sample 10/50 completed
2026-04-16 15:45:14 |     Sample 20/50 completed
2026-04-16 15:45:14 |     Sample 30/50 completed
2026-04-16 15:45:15 |     Sample 40/50 completed
2026-04-16 15:45:15 |     Sample 50/50 completed
2026-04-16 15:45:15 |     Sample 10/50 completed
2026-04-16 15:45:15 |     Sample 20/50 completed
2026-04-16 15:45:16 |     Sample 30/50 completed
2026-04-16 15:45:16 |     Sample 40/50 completed
2026-04-16 15:45:16 |     Sample 50/50 completed
2026-04-16 15:45:17 |     Sample 10/50 completed
2026-04-16 15:45:17 |     Sample 20/50 completed
2026-04-16 15:45:17 |     Sample 30/50 completed
2026-04-16 15:45:17 |     Sample 40/50 completed
2026-04-16 15:45:18 |     Sample 50/50 completed
2026-04-16 15:45:18 |     Sample 10/50 completed
2026-04-16 15:45:18 |     Sample 20/50 completed
2026-04-16 15:45:19 |     Sample 30/50 completed
2026-04-16 15:45:19 |     Sample 40/50 completed
2026-04-16 15:45:19 |     Sample 50/50 completed
2026-04-16 15:45:19 |     Sample 10/50 completed
2026-04-16 15:45:20 |     Sample 20/50 completed
2026-04-16 15:45:20 |     Sample 30/50 completed
2026-04-16 15:45:20 |     Sample 40/50 completed
2026-04-16 15:45:21 |     Sample 50/50 completed
2026-04-16 15:45:21 |     Sample 10/50 completed
2026-04-16 15:45:21 |     Sample 20/50 completed
2026-04-16 15:45:21 |     Sample 30/50 completed
2026-04-16 15:45:22 |     Sample 40/50 completed
2026-04-16 15:45:22 |     Sample 50/50 completed
2026-04-16 15:45:22 |     Sample 10/50 completed
2026-04-16 15:45:23 |     Sample 20/50 completed
2026-04-16 15:45:23 |     Sample 30/50 completed
2026-04-16 15:45:23 |     Sample 40/50 completed
2026-04-16 15:45:23 |     Sample 50/50 completed
2026-04-16 15:45:24 |     Sample 10/50 completed
2026-04-16 15:45:24 |     Sample 20/50 completed
2026-04-16 15:45:24 |     Sample 30/50 completed
2026-04-16 15:45:25 |     Sample 40/50 completed
2026-04-16 15:45:25 |     Sample 50/50 completed
2026-04-16 15:45:25 |     Sample 10/50 completed
2026-04-16 15:45:25 |     Sample 20/50 completed
2026-04-16 15:45:26 |     Sample 30/50 completed
2026-04-16 15:45:26 |     Sample 40/50 completed
2026-04-16 15:45:26 |     Sample 50/50 completed
2026-04-16 15:45:27 |     Sample 10/50 completed
2026-04-16 15:45:27 |     Sample 20/50 completed
2026-04-16 15:45:27 |     Sample 30/50 completed
2026-04-16 15:45:27 |     Sample 40/50 completed
2026-04-16 15:45:28 |     Sample 50/50 completed
2026-04-16 15:45:28 |     Sample 10/50 completed
2026-04-16 15:45:28 |     Sample 20/50 completed
2026-04-16 15:45:29 |     Sample 30/50 completed
2026-04-16 15:45:29 |     Sample 40/50 completed
2026-04-16 15:45:29 |     Sample 50/50 completed
2026-04-16 15:45:30 |     Sample 10/50 completed
2026-04-16 15:45:30 |     Sample 20/50 completed
2026-04-16 15:45:30 |     Sample 30/50 completed
2026-04-16 15:45:30 |     Sample 40/50 completed
2026-04-16 15:45:31 |     Sample 50/50 completed
2026-04-16 15:45:31 |     Sample 10/50 completed
2026-04-16 15:45:31 |     Sample 20/50 completed
2026-04-16 15:45:32 |     Sample 30/50 completed
2026-04-16 15:45:32 |     Sample 40/50 completed
2026-04-16 15:45:32 |     Sample 50/50 completed
2026-04-16 15:45:32 |     Sample 10/50 completed
2026-04-16 15:45:33 |     Sample 20/50 completed
2026-04-16 15:45:33 |     Sample 30/50 completed
2026-04-16 15:45:33 |     Sample 40/50 completed
2026-04-16 15:45:34 |     Sample 50/50 completed
2026-04-16 15:45:34 |     Sample 10/50 completed
2026-04-16 15:45:34 |     Sample 20/50 completed
2026-04-16 15:45:34 |     Sample 30/50 completed
2026-04-16 15:45:35 |     Sample 40/50 completed
2026-04-16 15:45:35 |     Sample 50/50 completed
2026-04-16 15:45:35 |     Sample 10/50 completed
2026-04-16 15:45:36 |     Sample 20/50 completed
2026-04-16 15:45:36 |     Sample 30/50 completed
2026-04-16 15:45:36 |     Sample 40/50 completed
2026-04-16 15:45:36 |     Sample 50/50 completed
2026-04-16 15:45:37 |     Sample 10/50 completed
2026-04-16 15:45:37 |     Sample 20/50 completed
2026-04-16 15:45:37 |     Sample 30/50 completed
2026-04-16 15:45:38 |     Sample 40/50 completed
2026-04-16 15:45:38 |     Sample 50/50 completed
2026-04-16 15:45:38 |     Sample 10/50 completed
2026-04-16 15:45:38 |     Sample 20/50 completed
2026-04-16 15:45:39 |     Sample 30/50 completed
2026-04-16 15:45:39 |     Sample 40/50 completed
2026-04-16 15:45:39 |     Sample 50/50 completed
2026-04-16 15:45:40 |     Sample 10/50 completed
2026-04-16 15:45:40 |     Sample 20/50 completed
2026-04-16 15:45:40 |     Sample 30/50 completed
2026-04-16 15:45:40 |     Sample 40/50 completed
2026-04-16 15:45:41 |     Sample 50/50 completed
2026-04-16 15:45:41 |     Sample 10/50 completed
2026-04-16 15:45:41 |     Sample 20/50 completed
2026-04-16 15:45:42 |     Sample 30/50 completed
2026-04-16 15:45:42 |     Sample 40/50 completed
2026-04-16 15:45:42 |     Sample 50/50 completed
2026-04-16 15:45:42 |     Sample 10/50 completed
2026-04-16 15:45:43 |     Sample 20/50 completed
2026-04-16 15:45:43 |     Sample 30/50 completed
2026-04-16 15:45:43 |     Sample 40/50 completed
2026-04-16 15:45:44 |     Sample 50/50 completed
2026-04-16 15:45:44 |     Sample 10/50 completed
2026-04-16 15:45:44 |     Sample 20/50 completed
2026-04-16 15:45:44 |     Sample 30/50 completed
2026-04-16 15:45:45 |     Sample 40/50 completed
2026-04-16 15:45:45 |     Sample 50/50 completed
2026-04-16 15:45:45 |     Sample 10/50 completed
2026-04-16 15:45:46 |     Sample 20/50 completed
2026-04-16 15:45:46 |     Sample 30/50 completed
2026-04-16 15:45:46 |     Sample 40/50 completed
2026-04-16 15:45:46 |     Sample 50/50 completed
2026-04-16 15:45:47 |     Sample 10/50 completed
2026-04-16 15:45:47 |     Sample 20/50 completed
2026-04-16 15:45:47 |     Sample 30/50 completed
2026-04-16 15:45:47 |     Sample 40/50 completed
2026-04-16 15:45:48 |     Sample 50/50 completed
2026-04-16 15:45:48 |     Sample 10/50 completed
2026-04-16 15:45:48 |     Sample 20/50 completed
2026-04-16 15:45:49 |     Sample 30/50 completed
2026-04-16 15:45:49 |     Sample 40/50 completed
2026-04-16 15:45:49 |     Sample 50/50 completed
2026-04-16 15:45:49 |     Sample 10/50 completed
2026-04-16 15:45:50 |     Sample 20/50 completed
2026-04-16 15:45:50 |     Sample 30/50 completed
2026-04-16 15:45:50 |     Sample 40/50 completed
2026-04-16 15:45:51 |     Sample 50/50 completed
2026-04-16 15:45:51 |     Sample 10/50 completed
2026-04-16 15:45:51 |     Sample 20/50 completed
2026-04-16 15:45:52 |     Sample 30/50 completed
2026-04-16 15:45:52 |     Sample 40/50 completed
2026-04-16 15:45:52 |     Sample 50/50 completed
2026-04-16 15:45:52 |     Sample 10/50 completed
2026-04-16 15:45:53 |     Sample 20/50 completed
2026-04-16 15:45:53 |     Sample 30/50 completed
2026-04-16 15:45:53 |     Sample 40/50 completed
2026-04-16 15:45:54 |     Sample 50/50 completed
2026-04-16 15:45:54 |     Sample 10/50 completed
2026-04-16 15:45:54 |     Sample 20/50 completed
2026-04-16 15:45:54 |     Sample 30/50 completed
2026-04-16 15:45:55 |     Sample 40/50 completed
2026-04-16 15:45:55 |     Sample 50/50 completed
2026-04-16 15:45:55 |     Sample 10/50 completed
2026-04-16 15:45:56 |     Sample 20/50 completed
2026-04-16 15:45:56 |     Sample 30/50 completed
2026-04-16 15:45:56 |     Sample 40/50 completed
2026-04-16 15:45:56 |     Sample 50/50 completed
2026-04-16 15:45:57 |     Sample 10/50 completed
2026-04-16 15:45:57 |     Sample 20/50 completed
2026-04-16 15:45:57 |     Sample 30/50 completed
2026-04-16 15:45:58 |     Sample 40/50 completed
2026-04-16 15:45:58 |     Sample 50/50 completed
2026-04-16 15:45:58 |     Sample 10/50 completed
2026-04-16 15:45:59 |     Sample 20/50 completed
2026-04-16 15:45:59 |     Sample 30/50 completed
2026-04-16 15:45:59 |     Sample 40/50 completed
2026-04-16 15:45:59 |     Sample 50/50 completed
2026-04-16 15:46:00 |     Sample 10/50 completed
2026-04-16 15:46:00 |     Sample 20/50 completed
2026-04-16 15:46:00 |     Sample 30/50 completed
2026-04-16 15:46:01 |     Sample 40/50 completed
2026-04-16 15:46:01 |     Sample 50/50 completed
2026-04-16 15:46:01 |     Sample 10/50 completed
2026-04-16 15:46:01 |     Sample 20/50 completed
2026-04-16 15:46:02 |     Sample 30/50 completed
2026-04-16 15:46:02 |     Sample 40/50 completed
2026-04-16 15:46:02 |     Sample 50/50 completed
2026-04-16 15:46:03 |     Sample 10/50 completed
2026-04-16 15:46:03 |     Sample 20/50 completed
2026-04-16 15:46:03 |     Sample 30/50 completed
2026-04-16 15:46:03 |     Sample 40/50 completed
2026-04-16 15:46:04 |     Sample 50/50 completed
2026-04-16 15:46:04 |     Sample 10/50 completed
2026-04-16 15:46:04 |     Sample 20/50 completed
2026-04-16 15:46:05 |     Sample 30/50 completed
2026-04-16 15:46:05 |     Sample 40/50 completed
2026-04-16 15:46:05 |     Sample 50/50 completed
2026-04-16 15:46:05 |     Sample 10/50 completed
2026-04-16 15:46:06 |     Sample 20/50 completed
2026-04-16 15:46:06 |     Sample 30/50 completed
2026-04-16 15:46:06 |     Sample 40/50 completed
2026-04-16 15:46:07 |     Sample 50/50 completed
2026-04-16 15:46:07 |     Sample 10/50 completed
2026-04-16 15:46:07 |     Sample 20/50 completed
2026-04-16 15:46:07 |     Sample 30/50 completed
2026-04-16 15:46:08 |     Sample 40/50 completed
2026-04-16 15:46:08 |     Sample 50/50 completed
2026-04-16 15:46:08 |     Sample 10/50 completed
2026-04-16 15:46:09 |     Sample 20/50 completed
2026-04-16 15:46:09 |     Sample 30/50 completed
2026-04-16 15:46:09 |     Sample 40/50 completed
2026-04-16 15:46:09 |     Sample 50/50 completed
2026-04-16 15:46:10 |     Sample 10/50 completed
2026-04-16 15:46:10 |     Sample 20/50 completed
2026-04-16 15:46:10 |     Sample 30/50 completed
2026-04-16 15:46:11 |     Sample 40/50 completed
2026-04-16 15:46:11 |     Sample 50/50 completed
2026-04-16 15:46:11 |     Sample 10/50 completed
2026-04-16 15:46:11 |     Sample 20/50 completed
2026-04-16 15:46:12 |     Sample 30/50 completed
2026-04-16 15:46:12 |     Sample 40/50 completed
2026-04-16 15:46:12 |     Sample 50/50 completed
2026-04-16 15:46:13 |     Sample 10/50 completed
2026-04-16 15:46:13 |     Sample 20/50 completed
2026-04-16 15:46:13 |     Sample 30/50 completed
2026-04-16 15:46:13 |     Sample 40/50 completed
2026-04-16 15:46:14 |     Sample 50/50 completed
2026-04-16 15:46:14 |     Sample 10/50 completed
2026-04-16 15:46:14 |     Sample 20/50 completed
2026-04-16 15:46:15 |     Sample 30/50 completed
2026-04-16 15:46:15 |     Sample 40/50 completed
2026-04-16 15:46:15 |     Sample 50/50 completed
2026-04-16 15:46:15 |     Sample 10/50 completed
2026-04-16 15:46:16 |     Sample 20/50 completed
2026-04-16 15:46:16 |     Sample 30/50 completed
2026-04-16 15:46:16 |     Sample 40/50 completed
2026-04-16 15:46:17 |     Sample 50/50 completed
2026-04-16 15:46:17 |     Sample 10/50 completed
2026-04-16 15:46:17 |     Sample 20/50 completed
2026-04-16 15:46:17 |     Sample 30/50 completed
2026-04-16 15:46:18 |     Sample 40/50 completed
2026-04-16 15:46:18 |     Sample 50/50 completed
2026-04-16 15:46:18 |     Sample 10/50 completed
2026-04-16 15:46:19 |     Sample 20/50 completed
2026-04-16 15:46:19 |     Sample 30/50 completed
2026-04-16 15:46:19 |     Sample 40/50 completed
2026-04-16 15:46:19 |     Sample 50/50 completed
2026-04-16 15:46:20 |     Sample 10/50 completed
2026-04-16 15:46:20 |     Sample 20/50 completed
2026-04-16 15:46:20 |     Sample 30/50 completed
2026-04-16 15:46:21 |     Sample 40/50 completed
2026-04-16 15:46:21 |     Sample 50/50 completed
2026-04-16 15:46:21 |     Sample 10/50 completed
2026-04-16 15:46:21 |     Sample 20/50 completed
2026-04-16 15:46:22 |     Sample 30/50 completed
2026-04-16 15:46:22 |     Sample 40/50 completed
2026-04-16 15:46:22 |     Sample 50/50 completed
2026-04-16 15:46:23 |     Sample 10/50 completed
2026-04-16 15:46:23 |     Sample 20/50 completed
2026-04-16 15:46:23 |     Sample 30/50 completed
2026-04-16 15:46:23 |     Sample 40/50 completed
2026-04-16 15:46:24 |     Sample 50/50 completed
2026-04-16 15:46:24 |     Sample 10/50 completed
2026-04-16 15:46:24 |     Sample 20/50 completed
2026-04-16 15:46:25 |     Sample 30/50 completed
2026-04-16 15:46:25 |     Sample 40/50 completed
2026-04-16 15:46:25 |     Sample 50/50 completed
2026-04-16 15:46:25 |     Sample 10/50 completed
2026-04-16 15:46:26 |     Sample 20/50 completed
2026-04-16 15:46:26 |     Sample 30/50 completed
2026-04-16 15:46:26 |     Sample 40/50 completed
2026-04-16 15:46:27 |     Sample 50/50 completed
2026-04-16 15:46:27 |     Sample 10/50 completed
2026-04-16 15:46:27 |     Sample 20/50 completed
2026-04-16 15:46:27 |     Sample 30/50 completed
2026-04-16 15:46:28 |     Sample 40/50 completed
2026-04-16 15:46:28 |     Sample 50/50 completed
2026-04-16 15:46:28 |     Sample 10/50 completed
2026-04-16 15:46:29 |     Sample 20/50 completed
2026-04-16 15:46:29 |     Sample 30/50 completed
2026-04-16 15:46:29 |     Sample 40/50 completed
2026-04-16 15:46:29 |     Sample 50/50 completed
2026-04-16 15:46:30 |     Sample 10/50 completed
2026-04-16 15:46:30 |     Sample 20/50 completed
2026-04-16 15:46:30 |     Sample 30/50 completed
2026-04-16 15:46:31 |     Sample 40/50 completed
2026-04-16 15:46:31 |     Sample 50/50 completed
2026-04-16 15:46:31 |     Sample 10/50 completed
2026-04-16 15:46:31 |     Sample 20/50 completed
2026-04-16 15:46:32 |     Sample 30/50 completed
2026-04-16 15:46:32 |     Sample 40/50 completed
2026-04-16 15:46:32 |     Sample 50/50 completed
2026-04-16 15:46:33 |     Sample 10/50 completed
2026-04-16 15:46:33 |     Sample 20/50 completed
2026-04-16 15:46:33 |     Sample 30/50 completed
2026-04-16 15:46:33 |     Sample 40/50 completed
2026-04-16 15:46:34 |     Sample 50/50 completed
2026-04-16 15:46:34 |     Sample 10/50 completed
2026-04-16 15:46:34 |     Sample 20/50 completed
2026-04-16 15:46:35 |     Sample 30/50 completed
2026-04-16 15:46:35 |     Sample 40/50 completed
2026-04-16 15:46:35 |     Sample 50/50 completed
2026-04-16 15:46:35 |     Sample 10/50 completed
2026-04-16 15:46:36 |     Sample 20/50 completed
2026-04-16 15:46:36 |     Sample 30/50 completed
2026-04-16 15:46:36 |     Sample 40/50 completed
2026-04-16 15:46:37 |     Sample 50/50 completed
2026-04-16 15:46:37 |     Sample 10/50 completed
2026-04-16 15:46:37 |     Sample 20/50 completed
2026-04-16 15:46:37 |     Sample 30/50 completed
2026-04-16 15:46:38 |     Sample 40/50 completed
2026-04-16 15:46:38 |     Sample 50/50 completed
2026-04-16 15:46:38 |     Sample 10/50 completed
2026-04-16 15:46:39 |     Sample 20/50 completed
2026-04-16 15:46:39 |     Sample 30/50 completed
2026-04-16 15:46:39 |     Sample 40/50 completed
2026-04-16 15:46:40 |     Sample 50/50 completed
2026-04-16 15:46:40 |     Sample 10/50 completed
2026-04-16 15:46:40 |     Sample 20/50 completed
2026-04-16 15:46:40 |     Sample 30/50 completed
2026-04-16 15:46:41 |     Sample 40/50 completed
2026-04-16 15:46:41 |     Sample 50/50 completed
2026-04-16 15:46:41 |     Sample 10/50 completed
2026-04-16 15:46:41 |     Sample 20/50 completed
2026-04-16 15:46:42 |     Sample 30/50 completed
2026-04-16 15:46:42 |     Sample 40/50 completed
2026-04-16 15:46:42 |     Sample 50/50 completed
2026-04-16 15:46:43 |     Sample 10/50 completed
2026-04-16 15:46:43 |     Sample 20/50 completed
2026-04-16 15:46:43 |     Sample 30/50 completed
2026-04-16 15:46:43 |     Sample 40/50 completed
2026-04-16 15:46:44 |     Sample 50/50 completed
2026-04-16 15:46:44 |     Sample 10/50 completed
2026-04-16 15:46:44 |     Sample 20/50 completed
2026-04-16 15:46:45 |     Sample 30/50 completed
2026-04-16 15:46:45 |     Sample 40/50 completed
2026-04-16 15:46:45 |     Sample 50/50 completed
2026-04-16 15:46:45 |     Sample 10/50 completed
2026-04-16 15:46:46 |     Sample 20/50 completed
2026-04-16 15:46:46 |     Sample 30/50 completed
2026-04-16 15:46:46 |     Sample 40/50 completed
2026-04-16 15:46:47 |     Sample 50/50 completed
2026-04-16 15:46:47 |     Sample 10/50 completed
2026-04-16 15:46:47 |     Sample 20/50 completed
2026-04-16 15:46:47 |     Sample 30/50 completed
2026-04-16 15:46:48 |     Sample 40/50 completed
2026-04-16 15:46:48 |     Sample 50/50 completed
2026-04-16 15:46:48 |     Sample 10/50 completed
2026-04-16 15:46:49 |     Sample 20/50 completed
2026-04-16 15:46:49 |     Sample 30/50 completed
2026-04-16 15:46:49 |     Sample 40/50 completed
2026-04-16 15:46:50 |     Sample 50/50 completed
2026-04-16 15:46:50 |     Sample 10/50 completed
2026-04-16 15:46:50 |     Sample 20/50 completed
2026-04-16 15:46:50 |     Sample 30/50 completed
2026-04-16 15:46:51 |     Sample 40/50 completed
2026-04-16 15:46:51 |     Sample 50/50 completed
2026-04-16 15:46:51 |     Sample 10/50 completed
2026-04-16 15:46:52 |     Sample 20/50 completed
2026-04-16 15:46:52 |     Sample 30/50 completed
2026-04-16 15:46:52 |     Sample 40/50 completed
2026-04-16 15:46:52 |     Sample 50/50 completed
2026-04-16 15:46:53 |     Sample 10/50 completed
2026-04-16 15:46:53 |     Sample 20/50 completed
2026-04-16 15:46:53 |     Sample 30/50 completed
2026-04-16 15:46:54 |     Sample 40/50 completed
2026-04-16 15:46:54 |     Sample 50/50 completed
2026-04-16 15:46:54 |     Sample 10/50 completed
2026-04-16 15:46:55 |     Sample 20/50 completed
2026-04-16 15:46:55 |     Sample 30/50 completed
2026-04-16 15:46:55 |     Sample 40/50 completed
2026-04-16 15:46:55 |     Sample 50/50 completed
2026-04-16 15:46:56 |     Sample 10/50 completed
2026-04-16 15:46:56 |     Sample 20/50 completed
2026-04-16 15:46:56 |     Sample 30/50 completed
2026-04-16 15:46:57 |     Sample 40/50 completed
2026-04-16 15:46:57 |     Sample 50/50 completed
2026-04-16 15:46:57 |     Sample 10/50 completed
2026-04-16 15:46:57 |     Sample 20/50 completed
2026-04-16 15:46:58 |     Sample 30/50 completed
2026-04-16 15:46:58 |     Sample 40/50 completed
2026-04-16 15:46:58 |     Sample 50/50 completed
2026-04-16 15:46:59 |     Sample 10/50 completed
2026-04-16 15:46:59 |     Sample 20/50 completed
2026-04-16 15:46:59 |     Sample 30/50 completed
2026-04-16 15:46:59 |     Sample 40/50 completed
2026-04-16 15:47:00 |     Sample 50/50 completed
2026-04-16 15:47:00 |     Sample 10/50 completed
2026-04-16 15:47:00 |     Sample 20/50 completed
2026-04-16 15:47:01 |     Sample 30/50 completed
2026-04-16 15:47:01 |     Sample 40/50 completed
2026-04-16 15:47:01 |     Sample 50/50 completed
2026-04-16 15:47:01 |     Sample 10/50 completed
2026-04-16 15:47:02 |     Sample 20/50 completed
2026-04-16 15:47:02 |     Sample 30/50 completed
2026-04-16 15:47:02 |     Sample 40/50 completed
2026-04-16 15:47:03 |     Sample 50/50 completed
2026-04-16 15:47:03 |     Sample 10/50 completed
2026-04-16 15:47:03 |     Sample 20/50 completed
2026-04-16 15:47:03 |     Sample 30/50 completed
2026-04-16 15:47:04 |     Sample 40/50 completed
2026-04-16 15:47:04 |     Sample 50/50 completed
2026-04-16 15:47:04 |     Sample 10/50 completed
2026-04-16 15:47:05 |     Sample 20/50 completed
2026-04-16 15:47:05 |     Sample 30/50 completed
2026-04-16 15:47:05 |     Sample 40/50 completed
2026-04-16 15:47:05 |     Sample 50/50 completed
2026-04-16 15:47:06 |     Sample 10/50 completed
2026-04-16 15:47:06 |     Sample 20/50 completed
2026-04-16 15:47:06 |     Sample 30/50 completed
2026-04-16 15:47:07 |     Sample 40/50 completed
2026-04-16 15:47:07 |     Sample 50/50 completed
2026-04-16 15:47:07 |     Sample 10/50 completed
2026-04-16 15:47:07 |     Sample 20/50 completed
2026-04-16 15:47:08 |     Sample 30/50 completed
2026-04-16 15:47:08 |     Sample 40/50 completed
2026-04-16 15:47:08 |     Sample 50/50 completed
2026-04-16 15:47:08 | Completed all 100 instances
2026-04-16 15:47:08 |   [Progress: 3/7] LGBM + LINGAM - AsymmetricShapley
2026-04-16 15:47:08 |  Calculating asymmetric SHAP values
2026-04-16 15:47:08 | Starting Path-based Asymmetric Shapley computation for 100 instances
2026-04-16 15:47:08 | Using 50 samples per instance
2026-04-16 15:47:34 |     Sample 10/50 completed
2026-04-16 15:47:59 |     Sample 20/50 completed
2026-04-16 15:48:23 |     Sample 30/50 completed
2026-04-16 15:48:49 |     Sample 40/50 completed
2026-04-16 15:49:14 |     Sample 50/50 completed
2026-04-16 15:49:40 |     Sample 10/50 completed
2026-04-16 15:50:06 |     Sample 20/50 completed
2026-04-16 15:50:32 |     Sample 30/50 completed
2026-04-16 15:50:56 |     Sample 40/50 completed
2026-04-16 15:51:21 |     Sample 50/50 completed
2026-04-16 15:51:44 |     Sample 10/50 completed
2026-04-16 15:52:09 |     Sample 20/50 completed
2026-04-16 15:52:33 |     Sample 30/50 completed
2026-04-16 15:52:56 |     Sample 40/50 completed
2026-04-16 15:53:20 |     Sample 50/50 completed
2026-04-16 15:53:44 |     Sample 10/50 completed
2026-04-16 15:54:09 |     Sample 20/50 completed
2026-04-16 16:09:35 |     Sample 30/50 completed
2026-04-16 16:10:00 |     Sample 40/50 completed
2026-04-16 16:25:21 |     Sample 50/50 completed
2026-04-16 16:25:44 |     Sample 10/50 completed
2026-04-16 16:41:08 |     Sample 20/50 completed
2026-04-16 16:41:32 |     Sample 30/50 completed
2026-04-16 16:57:21 |     Sample 40/50 completed
2026-04-16 16:57:44 |     Sample 50/50 completed
2026-04-16 16:58:07 |     Sample 10/50 completed
2026-04-16 17:07:26 |     Sample 20/50 completed
2026-04-16 17:07:52 |     Sample 30/50 completed
2026-04-16 17:08:17 |     Sample 40/50 completed
2026-04-16 17:08:42 |     Sample 50/50 completed
2026-04-16 17:09:07 |     Sample 10/50 completed
2026-04-16 17:09:32 |     Sample 20/50 completed
2026-04-16 17:09:55 |     Sample 30/50 completed
2026-04-16 17:10:21 |     Sample 40/50 completed
2026-04-16 17:10:46 |     Sample 50/50 completed
2026-04-16 17:11:10 |     Sample 10/50 completed
2026-04-16 17:11:34 |     Sample 20/50 completed
2026-04-16 17:12:00 |     Sample 30/50 completed
2026-04-16 17:12:26 |     Sample 40/50 completed
2026-04-16 17:12:52 |     Sample 50/50 completed
2026-04-16 17:13:18 |     Sample 10/50 completed
2026-04-16 17:13:45 |     Sample 20/50 completed
2026-04-16 17:14:09 |     Sample 30/50 completed
2026-04-16 17:14:34 |     Sample 40/50 completed
2026-04-16 17:15:00 |     Sample 50/50 completed
2026-04-16 17:15:24 |     Sample 10/50 completed
2026-04-16 17:15:49 |     Sample 20/50 completed
2026-04-16 17:16:15 |     Sample 30/50 completed
2026-04-16 17:16:40 |     Sample 40/50 completed
2026-04-16 17:17:04 |     Sample 50/50 completed
2026-04-16 17:17:30 |     Sample 10/50 completed
2026-04-16 17:17:55 |     Sample 20/50 completed
2026-04-16 17:18:20 |     Sample 30/50 completed
2026-04-16 17:18:45 |     Sample 40/50 completed
2026-04-16 17:19:09 |     Sample 50/50 completed
2026-04-16 17:19:34 |     Sample 10/50 completed
2026-04-16 17:20:00 |     Sample 20/50 completed
2026-04-16 17:20:24 |     Sample 30/50 completed
2026-04-16 17:20:49 |     Sample 40/50 completed
2026-04-16 17:21:17 |     Sample 50/50 completed
2026-04-16 17:21:43 |     Sample 10/50 completed
2026-04-16 17:22:08 |     Sample 20/50 completed
2026-04-16 17:22:35 |     Sample 30/50 completed
2026-04-16 17:23:00 |     Sample 40/50 completed
2026-04-16 17:23:25 |     Sample 50/50 completed
2026-04-16 17:23:49 |     Sample 10/50 completed
2026-04-16 17:24:15 |     Sample 20/50 completed
2026-04-16 17:24:41 |     Sample 30/50 completed
2026-04-16 17:25:07 |     Sample 40/50 completed
2026-04-16 17:25:34 |     Sample 50/50 completed
2026-04-16 17:25:59 |     Sample 10/50 completed
2026-04-16 17:26:24 |     Sample 20/50 completed
2026-04-16 17:26:50 |     Sample 30/50 completed
2026-04-16 17:27:15 |     Sample 40/50 completed
2026-04-16 17:27:41 |     Sample 50/50 completed
2026-04-16 17:28:08 |     Sample 10/50 completed
2026-04-16 17:28:34 |     Sample 20/50 completed
2026-04-16 17:28:58 |     Sample 30/50 completed
2026-04-16 17:29:25 |     Sample 40/50 completed
2026-04-16 17:29:52 |     Sample 50/50 completed
2026-04-16 17:30:17 |     Sample 10/50 completed
2026-04-16 17:30:42 |     Sample 20/50 completed
2026-04-16 17:31:06 |     Sample 30/50 completed
2026-04-16 17:31:31 |     Sample 40/50 completed
2026-04-16 17:31:56 |     Sample 50/50 completed
2026-04-16 17:32:21 |     Sample 10/50 completed
2026-04-16 17:32:47 |     Sample 20/50 completed
2026-04-16 17:33:12 |     Sample 30/50 completed
2026-04-16 17:33:38 |     Sample 40/50 completed
2026-04-16 17:34:03 |     Sample 50/50 completed
2026-04-16 17:34:31 |     Sample 10/50 completed
2026-04-16 17:34:57 |     Sample 20/50 completed
2026-04-16 17:35:21 |     Sample 30/50 completed
2026-04-16 17:35:48 |     Sample 40/50 completed
2026-04-16 17:36:13 |     Sample 50/50 completed
2026-04-16 17:36:39 |     Sample 10/50 completed
2026-04-16 17:37:04 |     Sample 20/50 completed
2026-04-16 17:37:31 |     Sample 30/50 completed
2026-04-16 17:37:54 |     Sample 40/50 completed
2026-04-16 17:38:21 |     Sample 50/50 completed
2026-04-16 17:38:47 |     Sample 10/50 completed
2026-04-16 17:39:13 |     Sample 20/50 completed
2026-04-16 17:39:39 |     Sample 30/50 completed
2026-04-16 17:40:06 |     Sample 40/50 completed
2026-04-16 17:40:31 |     Sample 50/50 completed
2026-04-16 17:40:54 |     Sample 10/50 completed
2026-04-16 17:41:19 |     Sample 20/50 completed
2026-04-16 17:41:43 |     Sample 30/50 completed
2026-04-16 17:42:10 |     Sample 40/50 completed
2026-04-16 17:42:37 |     Sample 50/50 completed
2026-04-16 17:43:01 |     Sample 10/50 completed
2026-04-16 17:43:27 |     Sample 20/50 completed
2026-04-16 17:43:51 |     Sample 30/50 completed
2026-04-16 17:44:16 |     Sample 40/50 completed
2026-04-16 17:44:41 |     Sample 50/50 completed
2026-04-16 17:45:06 |     Sample 10/50 completed
2026-04-16 17:45:31 |     Sample 20/50 completed
2026-04-16 17:45:58 |     Sample 30/50 completed
2026-04-16 17:46:22 |     Sample 40/50 completed
2026-04-16 17:46:46 |     Sample 50/50 completed
2026-04-16 17:47:11 |     Sample 10/50 completed
2026-04-16 17:47:36 |     Sample 20/50 completed
2026-04-16 17:48:02 |     Sample 30/50 completed
2026-04-16 17:48:28 |     Sample 40/50 completed
2026-04-16 17:48:53 |     Sample 50/50 completed
2026-04-16 17:49:19 |     Sample 10/50 completed
2026-04-16 17:49:45 |     Sample 20/50 completed
2026-04-16 17:50:10 |     Sample 30/50 completed
2026-04-16 17:50:34 |     Sample 40/50 completed
2026-04-16 17:51:01 |     Sample 50/50 completed
2026-04-16 17:51:27 |     Sample 10/50 completed
2026-04-16 17:51:52 |     Sample 20/50 completed
2026-04-16 17:52:18 |     Sample 30/50 completed
2026-04-16 17:52:45 |     Sample 40/50 completed
2026-04-16 17:53:11 |     Sample 50/50 completed
2026-04-16 17:53:36 |     Sample 10/50 completed
2026-04-16 17:54:03 |     Sample 20/50 completed
2026-04-16 17:54:28 |     Sample 30/50 completed
2026-04-16 17:54:51 |     Sample 40/50 completed
2026-04-16 17:55:15 |     Sample 50/50 completed
2026-04-16 17:55:38 |     Sample 10/50 completed
2026-04-16 17:56:03 |     Sample 20/50 completed
2026-04-16 17:56:27 |     Sample 30/50 completed
2026-04-16 17:56:52 |     Sample 40/50 completed
2026-04-16 17:57:16 |     Sample 50/50 completed
2026-04-16 17:57:41 |     Sample 10/50 completed
2026-04-16 17:58:06 |     Sample 20/50 completed
2026-04-16 17:58:30 |     Sample 30/50 completed
2026-04-16 17:58:53 |     Sample 40/50 completed
2026-04-16 17:59:19 |     Sample 50/50 completed
2026-04-16 17:59:45 |     Sample 10/50 completed
2026-04-16 18:00:10 |     Sample 20/50 completed
2026-04-16 18:00:35 |     Sample 30/50 completed
2026-04-16 18:01:02 |     Sample 40/50 completed
2026-04-16 18:01:27 |     Sample 50/50 completed
2026-04-16 18:01:53 |     Sample 10/50 completed
2026-04-16 18:02:18 |     Sample 20/50 completed
2026-04-16 18:02:43 |     Sample 30/50 completed
2026-04-16 18:03:09 |     Sample 40/50 completed
2026-04-16 18:03:35 |     Sample 50/50 completed
2026-04-16 18:03:58 |     Sample 10/50 completed
2026-04-16 18:04:23 |     Sample 20/50 completed
2026-04-16 18:04:49 |     Sample 30/50 completed
2026-04-16 18:05:13 |     Sample 40/50 completed
2026-04-16 18:05:36 |     Sample 50/50 completed
2026-04-16 18:06:00 |     Sample 10/50 completed
2026-04-16 18:06:26 |     Sample 20/50 completed
2026-04-16 18:06:52 |     Sample 30/50 completed
2026-04-16 18:07:18 |     Sample 40/50 completed
2026-04-16 18:07:42 |     Sample 50/50 completed
2026-04-16 18:08:07 |     Sample 10/50 completed
2026-04-16 18:08:32 |     Sample 20/50 completed
2026-04-16 18:08:56 |     Sample 30/50 completed
2026-04-16 18:09:22 |     Sample 40/50 completed
2026-04-16 18:09:48 |     Sample 50/50 completed
2026-04-16 18:10:12 |     Sample 10/50 completed
2026-04-16 18:10:39 |     Sample 20/50 completed
2026-04-16 18:11:04 |     Sample 30/50 completed
2026-04-16 18:11:27 |     Sample 40/50 completed
2026-04-16 18:11:52 |     Sample 50/50 completed
2026-04-16 18:12:18 |     Sample 10/50 completed
2026-04-16 18:12:43 |     Sample 20/50 completed
2026-04-16 18:13:09 |     Sample 30/50 completed
2026-04-16 18:13:33 |     Sample 40/50 completed
2026-04-16 18:13:59 |     Sample 50/50 completed
2026-04-16 18:14:23 |     Sample 10/50 completed
2026-04-16 18:14:48 |     Sample 20/50 completed
2026-04-16 18:15:13 |     Sample 30/50 completed
2026-04-16 18:15:38 |     Sample 40/50 completed
2026-04-16 18:16:02 |     Sample 50/50 completed
2026-04-16 18:16:29 |     Sample 10/50 completed
2026-04-16 18:16:54 |     Sample 20/50 completed
2026-04-16 18:17:18 |     Sample 30/50 completed
2026-04-16 18:17:42 |     Sample 40/50 completed
2026-04-16 18:18:08 |     Sample 50/50 completed
2026-04-16 18:18:33 |     Sample 10/50 completed
2026-04-16 18:18:58 |     Sample 20/50 completed
2026-04-16 18:19:23 |     Sample 30/50 completed
2026-04-16 18:19:48 |     Sample 40/50 completed
2026-04-16 18:20:14 |     Sample 50/50 completed
2026-04-16 18:20:39 |     Sample 10/50 completed
2026-04-16 18:21:06 |     Sample 20/50 completed
2026-04-16 18:21:31 |     Sample 30/50 completed
2026-04-16 18:21:56 |     Sample 40/50 completed
2026-04-16 18:22:20 |     Sample 50/50 completed
2026-04-16 18:22:45 |     Sample 10/50 completed
2026-04-16 18:23:09 |     Sample 20/50 completed
2026-04-16 18:23:35 |     Sample 30/50 completed
2026-04-16 18:24:01 |     Sample 40/50 completed
2026-04-16 18:24:26 |     Sample 50/50 completed
2026-04-16 18:24:51 |     Sample 10/50 completed
2026-04-16 18:25:14 |     Sample 20/50 completed
2026-04-16 18:25:40 |     Sample 30/50 completed
2026-04-16 18:26:04 |     Sample 40/50 completed
2026-04-16 18:26:29 |     Sample 50/50 completed
2026-04-16 18:26:54 |     Sample 10/50 completed
2026-04-16 18:27:20 |     Sample 20/50 completed
2026-04-16 18:27:45 |     Sample 30/50 completed
2026-04-16 18:28:10 |     Sample 40/50 completed
2026-04-16 18:28:36 |     Sample 50/50 completed
2026-04-16 18:29:02 |     Sample 10/50 completed
2026-04-16 18:29:26 |     Sample 20/50 completed
2026-04-16 18:29:53 |     Sample 30/50 completed
2026-04-16 18:30:17 |     Sample 40/50 completed
2026-04-16 18:30:41 |     Sample 50/50 completed
2026-04-16 18:31:07 |     Sample 10/50 completed
2026-04-16 18:31:31 |     Sample 20/50 completed
2026-04-16 18:31:56 |     Sample 30/50 completed
2026-04-16 18:32:22 |     Sample 40/50 completed
2026-04-16 18:32:47 |     Sample 50/50 completed
2026-04-16 18:33:13 |     Sample 10/50 completed
2026-04-16 18:33:37 |     Sample 20/50 completed
2026-04-16 18:34:04 |     Sample 30/50 completed
2026-04-16 18:34:29 |     Sample 40/50 completed
2026-04-16 18:34:54 |     Sample 50/50 completed
2026-04-16 18:35:19 |     Sample 10/50 completed
2026-04-16 18:35:42 |     Sample 20/50 completed
2026-04-16 18:36:07 |     Sample 30/50 completed
2026-04-16 18:36:32 |     Sample 40/50 completed
2026-04-16 18:36:59 |     Sample 50/50 completed
2026-04-16 18:37:24 |     Sample 10/50 completed
2026-04-16 18:37:49 |     Sample 20/50 completed
2026-04-16 18:38:14 |     Sample 30/50 completed
2026-04-16 18:38:39 |     Sample 40/50 completed
2026-04-16 18:39:04 |     Sample 50/50 completed
2026-04-16 18:39:31 |     Sample 10/50 completed
2026-04-16 18:39:55 |     Sample 20/50 completed
2026-04-16 18:40:22 |     Sample 30/50 completed
2026-04-16 18:40:49 |     Sample 40/50 completed
2026-04-16 18:41:14 |     Sample 50/50 completed
2026-04-16 18:41:39 |     Sample 10/50 completed
2026-04-16 18:42:06 |     Sample 20/50 completed
2026-04-16 18:42:32 |     Sample 30/50 completed
2026-04-16 18:42:57 |     Sample 40/50 completed
2026-04-16 18:43:21 |     Sample 50/50 completed
2026-04-16 18:43:45 |     Sample 10/50 completed
2026-04-16 18:44:12 |     Sample 20/50 completed
2026-04-16 18:44:39 |     Sample 30/50 completed
2026-04-16 18:45:04 |     Sample 40/50 completed
2026-04-16 18:45:30 |     Sample 50/50 completed
2026-04-16 18:45:57 |     Sample 10/50 completed
2026-04-16 18:46:23 |     Sample 20/50 completed
2026-04-16 18:46:47 |     Sample 30/50 completed
2026-04-16 18:47:11 |     Sample 40/50 completed
2026-04-16 18:47:34 |     Sample 50/50 completed
2026-04-16 18:47:59 |     Sample 10/50 completed
2026-04-16 18:48:24 |     Sample 20/50 completed
2026-04-16 18:48:49 |     Sample 30/50 completed
2026-04-16 18:49:14 |     Sample 40/50 completed
2026-04-16 18:49:38 |     Sample 50/50 completed
2026-04-16 18:50:04 |     Sample 10/50 completed
2026-04-16 18:50:30 |     Sample 20/50 completed
2026-04-16 18:50:55 |     Sample 30/50 completed
2026-04-16 18:51:19 |     Sample 40/50 completed
2026-04-16 18:51:45 |     Sample 50/50 completed
2026-04-16 18:52:11 |     Sample 10/50 completed
2026-04-16 18:52:36 |     Sample 20/50 completed
2026-04-16 18:53:00 |     Sample 30/50 completed
2026-04-16 18:53:26 |     Sample 40/50 completed
2026-04-16 18:53:50 |     Sample 50/50 completed
2026-04-16 18:54:15 |     Sample 10/50 completed
2026-04-16 18:54:40 |     Sample 20/50 completed
2026-04-16 18:55:05 |     Sample 30/50 completed
2026-04-16 18:55:30 |     Sample 40/50 completed
2026-04-16 18:55:55 |     Sample 50/50 completed
2026-04-16 18:56:20 |     Sample 10/50 completed
2026-04-16 18:56:45 |     Sample 20/50 completed
2026-04-16 18:57:12 |     Sample 30/50 completed
2026-04-16 18:57:36 |     Sample 40/50 completed
2026-04-16 18:58:02 |     Sample 50/50 completed
2026-04-16 18:58:27 |     Sample 10/50 completed
2026-04-16 18:58:53 |     Sample 20/50 completed
2026-04-16 18:59:16 |     Sample 30/50 completed
2026-04-16 18:59:42 |     Sample 40/50 completed
2026-04-16 19:00:06 |     Sample 50/50 completed
2026-04-16 19:00:33 |     Sample 10/50 completed
2026-04-16 19:00:58 |     Sample 20/50 completed
2026-04-16 19:01:24 |     Sample 30/50 completed
2026-04-16 19:01:49 |     Sample 40/50 completed
2026-04-16 19:02:16 |     Sample 50/50 completed
2026-04-16 19:02:42 |     Sample 10/50 completed
2026-04-16 19:03:08 |     Sample 20/50 completed
2026-04-16 19:03:34 |     Sample 30/50 completed
2026-04-16 19:04:01 |     Sample 40/50 completed
2026-04-16 19:04:25 |     Sample 50/50 completed
2026-04-16 19:04:51 |     Sample 10/50 completed
2026-04-16 19:05:17 |     Sample 20/50 completed
2026-04-16 19:05:42 |     Sample 30/50 completed
2026-04-16 19:06:06 |     Sample 40/50 completed
2026-04-16 19:06:32 |     Sample 50/50 completed
2026-04-16 19:06:57 |     Sample 10/50 completed
2026-04-16 19:07:47 |     Sample 20/50 completed
2026-04-16 19:08:13 |     Sample 30/50 completed
2026-04-16 19:23:50 |     Sample 40/50 completed
2026-04-16 19:24:14 |     Sample 50/50 completed
2026-04-16 19:39:43 |     Sample 10/50 completed
2026-04-16 19:40:07 |     Sample 20/50 completed
2026-04-16 19:55:44 |     Sample 30/50 completed
2026-04-16 19:56:07 |     Sample 40/50 completed
2026-04-16 20:11:55 |     Sample 50/50 completed
2026-04-16 20:12:20 |     Sample 10/50 completed
2026-04-16 20:28:09 |     Sample 20/50 completed
2026-04-16 20:28:32 |     Sample 30/50 completed
2026-04-16 20:44:04 |     Sample 40/50 completed
2026-04-16 20:44:28 |     Sample 50/50 completed
2026-04-16 20:44:51 |     Sample 10/50 completed
2026-04-16 21:00:40 |     Sample 20/50 completed
2026-04-16 21:01:03 |     Sample 30/50 completed
2026-04-16 21:01:23 |     Sample 40/50 completed
2026-04-16 21:01:48 |     Sample 50/50 completed
2026-04-16 21:02:11 |     Sample 10/50 completed
2026-04-16 21:02:35 |     Sample 20/50 completed
2026-04-16 21:02:58 |     Sample 30/50 completed
2026-04-16 21:03:22 |     Sample 40/50 completed
2026-04-16 21:03:49 |     Sample 50/50 completed
2026-04-16 21:09:10 |     Sample 10/50 completed
2026-04-16 21:09:35 |     Sample 20/50 completed
2026-04-16 21:10:00 |     Sample 30/50 completed
2026-04-16 21:10:24 |     Sample 40/50 completed
2026-04-16 21:10:50 |     Sample 50/50 completed
2026-04-16 21:11:15 |     Sample 10/50 completed
2026-04-16 21:11:38 |     Sample 20/50 completed
2026-04-16 21:12:03 |     Sample 30/50 completed
2026-04-16 21:12:29 |     Sample 40/50 completed
2026-04-16 21:17:51 |     Sample 50/50 completed
2026-04-16 21:18:14 |     Sample 10/50 completed
2026-04-16 21:33:39 |     Sample 20/50 completed
2026-04-16 21:34:01 |     Sample 30/50 completed
2026-04-16 21:49:50 |     Sample 40/50 completed
2026-04-16 21:50:13 |     Sample 50/50 completed
2026-04-16 22:02:59 |     Sample 10/50 completed
2026-04-16 22:03:23 |     Sample 20/50 completed
2026-04-16 22:18:52 |     Sample 30/50 completed
2026-04-16 22:19:15 |     Sample 40/50 completed
2026-04-16 22:29:54 |     Sample 50/50 completed
2026-04-16 22:30:18 |     Sample 10/50 completed
2026-04-16 22:30:45 |     Sample 20/50 completed
2026-04-16 22:31:10 |     Sample 30/50 completed
2026-04-16 22:31:35 |     Sample 40/50 completed
2026-04-16 22:31:59 |     Sample 50/50 completed
2026-04-16 22:32:24 |     Sample 10/50 completed
2026-04-16 22:32:48 |     Sample 20/50 completed
2026-04-16 22:33:14 |     Sample 30/50 completed
2026-04-16 22:33:40 |     Sample 40/50 completed
2026-04-16 22:34:05 |     Sample 50/50 completed
2026-04-16 22:35:54 |     Sample 10/50 completed
2026-04-16 22:36:18 |     Sample 20/50 completed
2026-04-16 22:36:42 |     Sample 30/50 completed
2026-04-16 22:37:07 |     Sample 40/50 completed
2026-04-16 22:37:31 |     Sample 50/50 completed
2026-04-16 22:37:56 |     Sample 10/50 completed
2026-04-16 22:38:20 |     Sample 20/50 completed
2026-04-16 22:38:48 |     Sample 30/50 completed
2026-04-16 22:39:14 |     Sample 40/50 completed
2026-04-16 22:39:40 |     Sample 50/50 completed
2026-04-16 22:40:05 |     Sample 10/50 completed
2026-04-16 22:40:30 |     Sample 20/50 completed
2026-04-16 22:40:56 |     Sample 30/50 completed
2026-04-16 22:41:21 |     Sample 40/50 completed
2026-04-16 22:43:39 |     Sample 50/50 completed
2026-04-16 22:44:02 |     Sample 10/50 completed
2026-04-16 22:44:26 |     Sample 20/50 completed
2026-04-16 22:44:50 |     Sample 30/50 completed
2026-04-16 22:45:14 |     Sample 40/50 completed
2026-04-16 22:45:38 |     Sample 50/50 completed
2026-04-16 22:47:07 |     Sample 10/50 completed
2026-04-16 22:47:32 |     Sample 20/50 completed
2026-04-16 22:47:57 |     Sample 30/50 completed
2026-04-16 22:48:24 |     Sample 40/50 completed
