2026-04-06 18:37:43 | Log file: /Users/juanrios/Documents/master_thesis/logs/pipeline_20260406_183743.log
2026-04-06 18:37:43 | 
================================================================================
2026-04-06 18:37:43 | EXPERIMENTAL PIPELINE: CAUSAL FEATURE IMPORTANCE COMPARISON
2026-04-06 18:37:43 | ================================================================================
2026-04-06 18:37:43 | 
================================================================================
2026-04-06 18:37:43 | CONFIGURATION PARAMETERS
2026-04-06 18:37:43 | ================================================================================
2026-04-06 18:37:43 | 
1. DATASET PARAMETERS:
2026-04-06 18:37:43 |    - N_FEATURES: 50
2026-04-06 18:37:43 |    - N_SAMPLES: 1000
2026-04-06 18:37:43 |    - Y_PARENTS_RATIO: 0.5
2026-04-06 18:37:43 |    - NOISE_STD: 0.5
2026-04-06 18:37:43 |    - EDGE_PROBABILITY: 0.2
2026-04-06 18:37:43 |    - MIN_CONNECTED_EDGES: 2
2026-04-06 18:37:43 |    - RANDOM_STATE: 42
2026-04-06 18:37:43 | 
2. MODEL TRAINING PARAMETERS:
2026-04-06 18:37:43 |    - TEST_SIZE: 0.2
2026-04-06 18:37:43 |    - BACKGROUND_RATIO: 0.3
2026-04-06 18:37:43 |    - TEST_INSTANCES_RATIO: 0.5
2026-04-06 18:37:43 | 
3. EXPLAINABILITY PARAMETERS:
2026-04-06 18:37:43 |    - N_SHAPLEY_SAMPLES: 50
2026-04-06 18:37:43 |    - M_INNER_SAMPLES_CAUSAL: 10
2026-04-06 18:37:43 | 
4. CAUSAL DISCOVERY PARAMETERS:
2026-04-06 18:37:43 |    - LINGAM_ALPHA: 0.01
2026-04-06 18:37:43 |    - PC_ALPHA: 0.01
2026-04-06 18:37:43 |    - INDEP_TEST: fisherz
2026-04-06 18:37:43 | 
5. TARGET CONFIGURATION:
2026-04-06 18:37:43 |    - TARGET_DATASET: mixed_conf_f50_s1000_p50
2026-04-06 18:37:43 |    - MODEL: LGBM (only)
2026-04-06 18:37:43 | 
6. DIRECTORIES:
2026-04-06 18:37:43 |    - BASE_DIR: /Users/juanrios/Documents/master_thesis
2026-04-06 18:37:43 |    - SYNTHETIC_DIR: /Users/juanrios/Documents/master_thesis/data/synthetic
2026-04-06 18:37:43 |    - PROCESSED_DIR: /Users/juanrios/Documents/master_thesis/data/processed
2026-04-06 18:37:43 |    - CAUSAL_DIR: /Users/juanrios/Documents/master_thesis/data/causal
2026-04-06 18:37:43 |    - EXPLAINABILITY_DIR: /Users/juanrios/Documents/master_thesis/data/explainability
2026-04-06 18:37:43 |    - MODELS_DIR: /Users/juanrios/Documents/master_thesis/models
2026-04-06 18:37:43 |    - LOGS_DIR: /Users/juanrios/Documents/master_thesis/logs
2026-04-06 18:37:43 | 
================================================================================

2026-04-06 18:37:43 | ================================================================================
2026-04-06 18:37:43 | STEP 1: GENERATING SYNTHETIC DATASETS
2026-04-06 18:37:43 | ================================================================================
2026-04-06 18:37:43 | 
[Dataset 1/6] Generating linear system without confounders
2026-04-06 18:37:43 |   ✓ Saved: linear_no_conf_f50_s1000_p50 | Features: 50, Samples: 1000, Y parents: 25, Edges: 291, Confounders: 0
2026-04-06 18:37:43 | 
[Dataset 2/6] Generating linear system with confounders
2026-04-06 18:37:43 |   ✓ Saved: linear_conf_f50_s1000_p50 | Features: 50, Samples: 1000, Y parents: 25, Edges: 291, Confounders: 5
2026-04-06 18:37:43 | 
[Dataset 3/6] Generating nonlinear system without confounders
2026-04-06 18:37:43 |   ✓ Saved: nonlinear_no_conf_f50_s1000_p50 | Features: 50, Samples: 1000, Y parents: 25, Edges: 291, Confounders: 0
2026-04-06 18:37:43 | 
[Dataset 4/6] Generating nonlinear system with confounders
2026-04-06 18:37:43 |   ✓ Saved: nonlinear_conf_f50_s1000_p50 | Features: 50, Samples: 1000, Y parents: 25, Edges: 291, Confounders: 5
2026-04-06 18:37:43 | 
[Dataset 5/6] Generating mixed system without confounders
2026-04-06 18:37:43 |   ✓ Saved: mixed_no_conf_f50_s1000_p50 | Features: 50, Samples: 1000, Y parents: 25, Edges: 291, Confounders: 0
2026-04-06 18:37:43 | 
[Dataset 6/6] Generating mixed system with confounders
2026-04-06 18:37:43 |   ✓ Saved: mixed_conf_f50_s1000_p50 | Features: 50, Samples: 1000, Y parents: 25, Edges: 291, Confounders: 5
2026-04-06 18:37:43 | 
================================================================================
2026-04-06 18:37:43 | Step 1 Complete: 6 datasets generated
2026-04-06 18:37:43 | ================================================================================

2026-04-06 18:37:43 | ================================================================================
2026-04-06 18:37:43 | STEP 6: CREATING PC vs LiNGAM COMPARISON (mixed_no_conf + LGBM)
2026-04-06 18:37:43 | ================================================================================
2026-04-06 18:37:43 | ================================================================================
2026-04-06 18:37:43 | STEP 6: CREATING PC vs LiNGAM COMPARISON (mixed_conf_f50_s1000_p50 + LGBM)
2026-04-06 18:37:43 | ================================================================================
2026-04-06 18:37:43 | 
[Dataset 1/1] Processing mixed_conf_f50_s1000_p50
2026-04-06 18:37:43 |   Creating PC vs LiNGAM comparison for LGBM...
2026-04-06 18:37:43 |   Top 10 features from Scratch: ['X28', 'X44', 'X13', 'X37', 'X35', 'X49', 'X30', 'X48', 'X32', 'X27']
2026-04-06 18:37:44 |   ✓ Saved PC vs LiNGAM comparison visualization
2026-04-06 18:37:44 | 
================================================================================
2026-04-06 18:37:44 | Step 6 Complete: PC vs LiNGAM comparison visualization created
2026-04-06 18:37:44 | ================================================================================

2026-04-06 18:37:44 | 
================================================================================
2026-04-06 18:37:44 | PIPELINE COMPLETED SUCCESSFULLY!
2026-04-06 18:37:44 | ================================================================================
2026-04-06 18:37:44 | 
Total execution time: 0.0 minutes (0.00 hours)
2026-04-06 18:37:44 | 
Results saved in:
2026-04-06 18:37:44 |   - Synthetic data: /Users/juanrios/Documents/master_thesis/data/synthetic
2026-04-06 18:37:44 |   - Processed data: /Users/juanrios/Documents/master_thesis/data/processed
2026-04-06 18:37:44 |   - Causal discovery: /Users/juanrios/Documents/master_thesis/data/causal
2026-04-06 18:37:44 |   - Models: /Users/juanrios/Documents/master_thesis/models
2026-04-06 18:37:44 |   - Explainability: /Users/juanrios/Documents/master_thesis/data/explainability
2026-04-06 18:37:44 |   - Logs: /Users/juanrios/Documents/master_thesis/logs
2026-04-06 18:37:44 | 
================================================================================

