2026-03-24 23:39:23 | Log file: /Users/juanrios/Documents/master_thesis/logs/pipeline_20260324_233923.log
2026-03-24 23:39:23 | 
================================================================================
2026-03-24 23:39:23 | EXPERIMENTAL PIPELINE: CAUSAL FEATURE IMPORTANCE COMPARISON
2026-03-24 23:39:23 | ================================================================================
2026-03-24 23:39:23 | 
Configuration:
2026-03-24 23:39:23 |   - Features: 50
2026-03-24 23:39:23 |   - Samples: 1000
2026-03-24 23:39:23 |   - Y Parents Ratio: 0.5
2026-03-24 23:39:23 |   - Random State: 42
2026-03-24 23:39:23 |   - Shapley Samples: 100
2026-03-24 23:39:23 | 
Directories:
2026-03-24 23:39:23 |   - Synthetic Data: /Users/juanrios/Documents/master_thesis/data/synthetic
2026-03-24 23:39:23 |   - Processed Data: /Users/juanrios/Documents/master_thesis/data/processed
2026-03-24 23:39:23 |   - Causal Discovery: /Users/juanrios/Documents/master_thesis/data/causal
2026-03-24 23:39:23 |   - Explainability: /Users/juanrios/Documents/master_thesis/data/explainability
2026-03-24 23:39:23 |   - Models: /Users/juanrios/Documents/master_thesis/models
2026-03-24 23:39:23 |   - Logs: /Users/juanrios/Documents/master_thesis/logs
2026-03-24 23:39:23 | 
================================================================================

2026-03-24 23:39:23 | ================================================================================
2026-03-24 23:39:23 | STEP 1: GENERATING SYNTHETIC DATASETS
2026-03-24 23:39:23 | ================================================================================
2026-03-24 23:39:23 | 
[Dataset 1/6] Generating linear system without confounders
2026-03-24 23:39:23 |   ✓ Saved: linear_no_conf_f50_s1000_p50 | Features: 50, Samples: 1000, Y parents: 25, Edges: 628, Confounders: 0
2026-03-24 23:39:23 | 
[Dataset 2/6] Generating linear system with confounders
2026-03-24 23:39:23 |   ✓ Saved: linear_conf_f50_s1000_p50 | Features: 50, Samples: 1000, Y parents: 25, Edges: 628, Confounders: 5
2026-03-24 23:39:23 | 
[Dataset 3/6] Generating nonlinear system without confounders
2026-03-24 23:39:23 |   ✓ Saved: nonlinear_no_conf_f50_s1000_p50 | Features: 50, Samples: 1000, Y parents: 25, Edges: 628, Confounders: 0
2026-03-24 23:39:23 | 
[Dataset 4/6] Generating nonlinear system with confounders
2026-03-24 23:39:23 |   ✓ Saved: nonlinear_conf_f50_s1000_p50 | Features: 50, Samples: 1000, Y parents: 25, Edges: 628, Confounders: 5
2026-03-24 23:39:23 | 
[Dataset 5/6] Generating mixed system without confounders
2026-03-24 23:39:23 |   ✓ Saved: mixed_no_conf_f50_s1000_p50 | Features: 50, Samples: 1000, Y parents: 25, Edges: 628, Confounders: 0
2026-03-24 23:39:23 | 
[Dataset 6/6] Generating mixed system with confounders
2026-03-24 23:39:23 |   ✓ Saved: mixed_conf_f50_s1000_p50 | Features: 50, Samples: 1000, Y parents: 25, Edges: 628, Confounders: 5
2026-03-24 23:39:23 | 
================================================================================
2026-03-24 23:39:23 | Step 1 Complete: 6 datasets generated
2026-03-24 23:39:23 | ================================================================================

2026-03-24 23:39:23 | ================================================================================
2026-03-24 23:39:23 | STEP 2: CREATING TRAIN/TEST SPLITS
2026-03-24 23:39:23 | ================================================================================
2026-03-24 23:39:23 | 
[Dataset 1/6] Processing linear_no_conf_f50_s1000_p50...
2026-03-24 23:39:23 |   ✓ Train: (800, 51), Test: (200, 51)
2026-03-24 23:39:23 | 
[Dataset 2/6] Processing linear_conf_f50_s1000_p50...
2026-03-24 23:39:23 |   ✓ Train: (800, 51), Test: (200, 51)
2026-03-24 23:39:23 | 
[Dataset 3/6] Processing nonlinear_no_conf_f50_s1000_p50...
2026-03-24 23:39:23 |   ✓ Train: (800, 51), Test: (200, 51)
2026-03-24 23:39:23 | 
[Dataset 4/6] Processing nonlinear_conf_f50_s1000_p50...
2026-03-24 23:39:23 |   ✓ Train: (800, 51), Test: (200, 51)
2026-03-24 23:39:23 | 
[Dataset 5/6] Processing mixed_no_conf_f50_s1000_p50...
2026-03-24 23:39:23 |   ✓ Train: (800, 51), Test: (200, 51)
2026-03-24 23:39:23 | 
[Dataset 6/6] Processing mixed_conf_f50_s1000_p50...
2026-03-24 23:39:23 |   ✓ Train: (800, 51), Test: (200, 51)
2026-03-24 23:39:23 | 
================================================================================
2026-03-24 23:39:23 | Step 2 Complete: Train/test splits created for 6 datasets
2026-03-24 23:39:23 | ================================================================================

2026-03-24 23:39:23 | ================================================================================
2026-03-24 23:39:23 | STEP 3: RUNNING CAUSAL DISCOVERY
2026-03-24 23:39:23 | ================================================================================
2026-03-24 23:39:23 | 
[Dataset 1/6] Processing linear_no_conf_f50_s1000_p50
2026-03-24 23:39:23 |   Running LiNGAM...
2026-03-24 23:39:31 |   Running PC...
2026-03-24 23:39:45 |   Discovering structure on X_train for Step 5...
2026-03-24 23:40:07 |   ✓ LINGAM: F1=0.353, Precision=0.301, Recall=0.425
2026-03-24 23:40:09 |   ✓ PC: F1=0.231, Precision=0.393, Recall=0.164
2026-03-24 23:40:10 | 
[Dataset 2/6] Processing linear_conf_f50_s1000_p50
2026-03-24 23:40:10 |   Running LiNGAM...
2026-03-24 23:40:19 |   Running PC...
2026-03-24 23:40:36 |   Discovering structure on X_train for Step 5...
2026-03-24 23:41:00 |   ✓ LINGAM: F1=0.393, Precision=0.334, Recall=0.476
2026-03-24 23:41:02 |   ✓ PC: F1=0.243, Precision=0.396, Recall=0.175
2026-03-24 23:41:04 | 
[Dataset 3/6] Processing nonlinear_no_conf_f50_s1000_p50
2026-03-24 23:41:04 |   Running LiNGAM...
2026-03-24 23:41:18 |   Running PC...
2026-03-24 23:49:35 |   Discovering structure on X_train for Step 5...
2026-03-25 00:07:31 |   ✓ LINGAM: F1=0.325, Precision=0.348, Recall=0.306
2026-03-25 00:07:33 |   ✓ PC: F1=0.213, Precision=0.311, Recall=0.162
2026-03-25 00:07:34 | 
[Dataset 4/6] Processing nonlinear_conf_f50_s1000_p50
2026-03-25 00:07:34 |   Running LiNGAM...
2026-03-25 00:07:50 |   Running PC...
2026-03-25 00:24:15 |   Discovering structure on X_train for Step 5...
2026-03-25 02:46:37 |   ✓ LINGAM: F1=0.266, Precision=0.292, Recall=0.245
2026-03-25 02:46:39 |   ✓ PC: F1=0.213, Precision=0.311, Recall=0.162
2026-03-25 02:46:41 | 
[Dataset 5/6] Processing mixed_no_conf_f50_s1000_p50
2026-03-25 02:46:41 |   Running LiNGAM...
2026-03-25 02:46:47 |   Running PC...
2026-03-25 03:09:53 |   Discovering structure on X_train for Step 5...
2026-03-25 03:49:35 |   ✓ LINGAM: F1=0.060, Precision=0.313, Recall=0.033
2026-03-25 03:49:36 |   ✓ PC: F1=0.268, Precision=0.253, Recall=0.285
2026-03-25 03:49:39 | 
[Dataset 6/6] Processing mixed_conf_f50_s1000_p50
2026-03-25 03:49:40 |   Running LiNGAM...
2026-03-25 03:49:51 |   Running PC...
2026-03-25 04:22:09 |   Discovering structure on X_train for Step 5...
2026-03-25 04:51:57 |   ✓ LINGAM: F1=0.277, Precision=0.354, Recall=0.228
2026-03-25 04:51:58 |   ✓ PC: F1=0.204, Precision=0.299, Recall=0.154
2026-03-25 04:52:00 | 
================================================================================
2026-03-25 04:52:00 | Step 3 Complete: Causal discovery completed for 6 datasets
2026-03-25 04:52:00 | ================================================================================

2026-03-25 04:52:00 | ================================================================================
2026-03-25 04:52:00 | STEP 4: TRAINING PREDICTIVE MODELS
2026-03-25 04:52:00 | ================================================================================
2026-03-25 04:52:00 | 
[Dataset 1/6] Training models for linear_no_conf_f50_s1000_p50
2026-03-25 04:52:00 |   Training LGBM...
2026-03-25 04:52:05 |   ✓ LGBM: R²=0.6851, MSE=15.5417, MAE=3.1293, RMSE=3.9423
2026-03-25 04:52:05 |   Training NN...
2026-03-25 04:52:12 |   ✓ NN: R²=0.7201, MSE=13.8137, MAE=2.9582, RMSE=3.7167
2026-03-25 04:52:12 | 
[Dataset 2/6] Training models for linear_conf_f50_s1000_p50
2026-03-25 04:52:12 |   Training LGBM...
2026-03-25 04:52:21 |   ✓ LGBM: R²=0.7376, MSE=10.1695, MAE=2.4781, RMSE=3.1890
2026-03-25 04:52:21 |   Training NN...
2026-03-25 04:52:27 |   ✓ NN: R²=0.7788, MSE=8.5695, MAE=2.3625, RMSE=2.9274
2026-03-25 04:52:27 | 
[Dataset 3/6] Training models for nonlinear_no_conf_f50_s1000_p50
2026-03-25 04:52:27 |   Training LGBM...
2026-03-25 04:52:45 |   ✓ LGBM: R²=0.3324, MSE=0.2962, MAE=0.4296, RMSE=0.5442
2026-03-25 04:52:45 |   Training NN...
2026-03-25 04:52:49 |   ✓ NN: R²=0.2560, MSE=0.3300, MAE=0.4247, RMSE=0.5745
2026-03-25 04:52:49 | 
[Dataset 4/6] Training models for nonlinear_conf_f50_s1000_p50
2026-03-25 04:52:49 |   Training LGBM...
2026-03-25 04:53:08 |   ✓ LGBM: R²=0.6070, MSE=0.3986, MAE=0.4535, RMSE=0.6314
2026-03-25 04:53:08 |   Training NN...
2026-03-25 04:53:11 |   ✓ NN: R²=0.6998, MSE=0.3045, MAE=0.4239, RMSE=0.5518
2026-03-25 04:53:11 | 
[Dataset 5/6] Training models for mixed_no_conf_f50_s1000_p50
2026-03-25 04:53:11 |   Training LGBM...
2026-03-25 04:53:20 |   ✓ LGBM: R²=0.4186, MSE=0.7968, MAE=0.7150, RMSE=0.8926
2026-03-25 04:53:20 |   Training NN...
2026-03-25 04:53:24 |   ✓ NN: R²=0.4708, MSE=0.7252, MAE=0.6692, RMSE=0.8516
2026-03-25 04:53:24 | 
[Dataset 6/6] Training models for mixed_conf_f50_s1000_p50
2026-03-25 04:53:24 |   Training LGBM...
2026-03-25 04:53:34 |   ✓ LGBM: R²=0.4685, MSE=0.9080, MAE=0.6558, RMSE=0.9529
2026-03-25 04:53:34 |   Training NN...
2026-03-25 04:53:42 |   ✓ NN: R²=0.5350, MSE=0.7944, MAE=0.6223, RMSE=0.8913
2026-03-25 04:53:42 | 
================================================================================
2026-03-25 04:53:42 | Step 4 Complete: Models trained for 6 datasets
2026-03-25 04:53:42 | ================================================================================

2026-03-25 04:53:42 | ================================================================================
2026-03-25 04:53:42 | STEP 5: CALCULATING SHAPLEY VALUES
2026-03-25 04:53:42 | ================================================================================
2026-03-25 04:53:42 | 
[Dataset 1/6] Processing linear_no_conf_f50_s1000_p50
2026-03-25 04:53:42 |   [Progress: 1/14] LGBM - ShapleyFromScratch
2026-03-25 04:53:42 | 
================================================================================
2026-03-25 04:53:42 | ERROR: Pipeline failed!
2026-03-25 04:53:42 | ================================================================================
2026-03-25 04:53:42 | Error message: X has 50 features, but LGBMRegressor is expecting 10 features as input.
2026-03-25 04:53:42 | Traceback (most recent call last):
  File "/Users/juanrios/Documents/master_thesis/experimental_pipeline/experimental_pipeline.py", line 901, in main
    calculate_all_shapley_values(dataset_configs)
  File "/Users/juanrios/Documents/master_thesis/experimental_pipeline/experimental_pipeline.py", line 562, in calculate_all_shapley_values
    scratch_explainer = ShapleyFromScratch(
                        ^^^^^^^^^^^^^^^^^^^
  File "/Users/juanrios/Documents/master_thesis/explainability_models/shapley_values.py", line 108, in __init__
    self.baseline_value = self.model.predict(self.background_data).mean()
                          ^^^^^^^^^^^^^^^^^^^^^^^^^^^^^^^^^^^^^^^^
  File "/Users/juanrios/Documents/master_thesis/.venv/lib/python3.11/site-packages/lightgbm/sklearn.py", line 1108, in predict
    X = _LGBMValidateData(
        ^^^^^^^^^^^^^^^^^^
  File "/Users/juanrios/Documents/master_thesis/.venv/lib/python3.11/site-packages/sklearn/utils/validation.py", line 2923, in validate_data
    _check_n_features(_estimator, X, reset=reset)
  File "/Users/juanrios/Documents/master_thesis/.venv/lib/python3.11/site-packages/sklearn/utils/validation.py", line 2787, in _check_n_features
    raise ValueError(
ValueError: X has 50 features, but LGBMRegressor is expecting 10 features as input.

