2026-03-19 20:49:00 | Log file: /Users/juanrios/Documents/master_thesis/logs/pipeline_20260319_204900.log
2026-03-19 20:49:00 | 
================================================================================
2026-03-19 20:49:00 | EXPERIMENTAL PIPELINE: CAUSAL FEATURE IMPORTANCE COMPARISON
2026-03-19 20:49:00 | ================================================================================
2026-03-19 20:49:00 | 
Configuration:
2026-03-19 20:49:00 |   - Features: 10
2026-03-19 20:49:00 |   - Samples: 1000
2026-03-19 20:49:00 |   - Y Parents Ratio: 0.5
2026-03-19 20:49:00 |   - Random State: 42
2026-03-19 20:49:00 |   - Shapley Samples: 100
2026-03-19 20:49:00 | 
Directories:
2026-03-19 20:49:00 |   - Synthetic Data: /Users/juanrios/Documents/master_thesis/data/synthetic
2026-03-19 20:49:00 |   - Processed Data: /Users/juanrios/Documents/master_thesis/data/processed
2026-03-19 20:49:00 |   - Causal Discovery: /Users/juanrios/Documents/master_thesis/data/causal
2026-03-19 20:49:00 |   - Explainability: /Users/juanrios/Documents/master_thesis/data/explainability
2026-03-19 20:49:00 |   - Models: /Users/juanrios/Documents/master_thesis/models
2026-03-19 20:49:00 |   - Logs: /Users/juanrios/Documents/master_thesis/logs
2026-03-19 20:49:00 | 
================================================================================

2026-03-19 20:49:00 | ================================================================================
2026-03-19 20:49:00 | STEP 1: GENERATING SYNTHETIC DATASETS
2026-03-19 20:49:00 | ================================================================================
2026-03-19 20:49:00 | 
[Dataset 1/6] Generating linear system without confounders
2026-03-19 20:49:00 |   ✓ Saved: linear_no_conf_f10_s1000_p50 | Features: 10, Samples: 1000, Y parents: 5, Edges: 23, Confounders: 0
2026-03-19 20:49:00 | 
[Dataset 2/6] Generating linear system with confounders
2026-03-19 20:49:00 |   ✓ Saved: linear_conf_f10_s1000_p50 | Features: 10, Samples: 1000, Y parents: 5, Edges: 23, Confounders: 2
2026-03-19 20:49:00 | 
[Dataset 3/6] Generating nonlinear system without confounders
2026-03-19 20:49:00 |   ✓ Saved: nonlinear_no_conf_f10_s1000_p50 | Features: 10, Samples: 1000, Y parents: 5, Edges: 23, Confounders: 0
2026-03-19 20:49:00 | 
[Dataset 4/6] Generating nonlinear system with confounders
2026-03-19 20:49:00 |   ✓ Saved: nonlinear_conf_f10_s1000_p50 | Features: 10, Samples: 1000, Y parents: 5, Edges: 23, Confounders: 2
2026-03-19 20:49:00 | 
[Dataset 5/6] Generating mixed system without confounders
2026-03-19 20:49:00 |   ✓ Saved: mixed_no_conf_f10_s1000_p50 | Features: 10, Samples: 1000, Y parents: 5, Edges: 23, Confounders: 0
2026-03-19 20:49:00 | 
[Dataset 6/6] Generating mixed system with confounders
2026-03-19 20:49:00 |   ✓ Saved: mixed_conf_f10_s1000_p50 | Features: 10, Samples: 1000, Y parents: 5, Edges: 23, Confounders: 2
2026-03-19 20:49:00 | 
================================================================================
2026-03-19 20:49:00 | Step 1 Complete: 6 datasets generated
2026-03-19 20:49:00 | ================================================================================

2026-03-19 20:49:00 | ================================================================================
2026-03-19 20:49:00 | STEP 2: CREATING TRAIN/TEST SPLITS
2026-03-19 20:49:00 | ================================================================================
2026-03-19 20:49:00 | 
[Dataset 1/6] Processing linear_no_conf_f10_s1000_p50...
2026-03-19 20:49:00 |   ✓ Train: (800, 11), Test: (200, 11)
2026-03-19 20:49:00 | 
[Dataset 2/6] Processing linear_conf_f10_s1000_p50...
2026-03-19 20:49:00 |   ✓ Train: (800, 11), Test: (200, 11)
2026-03-19 20:49:00 | 
[Dataset 3/6] Processing nonlinear_no_conf_f10_s1000_p50...
2026-03-19 20:49:00 |   ✓ Train: (800, 11), Test: (200, 11)
2026-03-19 20:49:00 | 
[Dataset 4/6] Processing nonlinear_conf_f10_s1000_p50...
2026-03-19 20:49:00 |   ✓ Train: (800, 11), Test: (200, 11)
2026-03-19 20:49:00 | 
[Dataset 5/6] Processing mixed_no_conf_f10_s1000_p50...
2026-03-19 20:49:00 |   ✓ Train: (800, 11), Test: (200, 11)
2026-03-19 20:49:00 | 
[Dataset 6/6] Processing mixed_conf_f10_s1000_p50...
2026-03-19 20:49:00 |   ✓ Train: (800, 11), Test: (200, 11)
2026-03-19 20:49:00 | 
================================================================================
2026-03-19 20:49:00 | Step 2 Complete: Train/test splits created for 6 datasets
2026-03-19 20:49:00 | ================================================================================

2026-03-19 20:49:00 | ================================================================================
2026-03-19 20:49:00 | STEP 3: RUNNING CAUSAL DISCOVERY
2026-03-19 20:49:00 | ================================================================================
2026-03-19 20:49:00 | 
[Dataset 1/6] Processing linear_no_conf_f10_s1000_p50
2026-03-19 20:49:00 |   Running LiNGAM...
2026-03-19 20:49:00 |   Running PC...
2026-03-19 20:49:00 |   Discovering structure on X_train for Step 5...
2026-03-19 20:49:00 |   ✓ LINGAM: F1=0.537, Precision=0.409, Recall=0.783
2026-03-19 20:49:01 |   ✓ PC: F1=0.508, Precision=0.417, Recall=0.652
2026-03-19 20:49:01 | 
[Dataset 2/6] Processing linear_conf_f10_s1000_p50
2026-03-19 20:49:01 |   Running LiNGAM...
2026-03-19 20:49:01 |   Running PC...
2026-03-19 20:49:01 |   Discovering structure on X_train for Step 5...
2026-03-19 20:49:01 |   ✓ LINGAM: F1=0.136, Precision=0.111, Recall=0.174
2026-03-19 20:49:02 |   ✓ PC: F1=0.407, Precision=0.333, Recall=0.522
2026-03-19 20:49:02 | 
[Dataset 3/6] Processing nonlinear_no_conf_f10_s1000_p50
2026-03-19 20:49:02 |   Running LiNGAM...
2026-03-19 20:49:02 |   Running PC...
2026-03-19 20:49:02 |   Discovering structure on X_train for Step 5...
2026-03-19 20:49:02 |   ✓ LINGAM: F1=0.440, Precision=0.407, Recall=0.478
2026-03-19 20:49:03 |   ✓ PC: F1=0.580, Precision=0.435, Recall=0.870
2026-03-19 20:49:03 | 
[Dataset 4/6] Processing nonlinear_conf_f10_s1000_p50
2026-03-19 20:49:03 |   Running LiNGAM...
2026-03-19 20:49:03 |   Running PC...
2026-03-19 20:49:03 |   Discovering structure on X_train for Step 5...
2026-03-19 20:49:03 |   ✓ LINGAM: F1=0.500, Precision=0.524, Recall=0.478
2026-03-19 20:49:03 |   ✓ PC: F1=0.426, Precision=0.342, Recall=0.565
2026-03-19 20:49:04 | 
[Dataset 5/6] Processing mixed_no_conf_f10_s1000_p50
2026-03-19 20:49:04 |   Running LiNGAM...
2026-03-19 20:49:04 |   Running PC...
2026-03-19 20:49:04 |   Discovering structure on X_train for Step 5...
2026-03-19 20:49:04 |   ✓ LINGAM: F1=0.000, Precision=0.000, Recall=0.000
2026-03-19 20:49:04 |   ✓ PC: F1=0.364, Precision=0.312, Recall=0.435
2026-03-19 20:49:04 | 
[Dataset 6/6] Processing mixed_conf_f10_s1000_p50
2026-03-19 20:49:04 |   Running LiNGAM...
2026-03-19 20:49:05 |   Running PC...
2026-03-19 20:49:05 |   Discovering structure on X_train for Step 5...
2026-03-19 20:49:05 |   ✓ LINGAM: F1=0.321, Precision=0.273, Recall=0.391
2026-03-19 20:49:05 |   ✓ PC: F1=0.406, Precision=0.304, Recall=0.609
2026-03-19 20:49:05 | 
================================================================================
2026-03-19 20:49:05 | Step 3 Complete: Causal discovery completed for 6 datasets
2026-03-19 20:49:05 | ================================================================================

2026-03-19 20:49:05 | ================================================================================
2026-03-19 20:49:05 | STEP 4: TRAINING PREDICTIVE MODELS
2026-03-19 20:49:05 | ================================================================================
2026-03-19 20:49:05 | 
[Dataset 1/6] Training models for linear_no_conf_f10_s1000_p50
2026-03-19 20:49:05 |   Training LGBM...
2026-03-19 20:49:20 |   ✓ LGBM: R²=0.9152, MSE=0.5469, MAE=0.5818, RMSE=0.7395
2026-03-19 20:49:20 |   Training NN...
2026-03-19 20:49:30 |   ✓ NN: R²=0.9578, MSE=0.2723, MAE=0.4059, RMSE=0.5218
2026-03-19 20:49:30 | 
[Dataset 2/6] Training models for linear_conf_f10_s1000_p50
2026-03-19 20:49:30 |   Training LGBM...
2026-03-19 20:49:56 |   ✓ LGBM: R²=0.9939, MSE=1.6906, MAE=0.9767, RMSE=1.3002
2026-03-19 20:49:56 |   Training NN...
2026-03-19 20:50:04 |   ✓ NN: R²=0.9985, MSE=0.4286, MAE=0.5289, RMSE=0.6547
2026-03-19 20:50:04 | 
[Dataset 3/6] Training models for nonlinear_no_conf_f10_s1000_p50
2026-03-19 20:50:04 |   Training LGBM...
2026-03-19 20:50:16 |   ✓ LGBM: R²=0.4363, MSE=6.2796, MAE=0.7401, RMSE=2.5059
2026-03-19 20:50:16 |   Training NN...
2026-03-19 20:50:22 |   ✓ NN: R²=0.8145, MSE=2.0664, MAE=0.6692, RMSE=1.4375
2026-03-19 20:50:22 | 
[Dataset 4/6] Training models for nonlinear_conf_f10_s1000_p50
2026-03-19 20:50:22 |   Training LGBM...
2026-03-19 20:50:35 |   ✓ LGBM: R²=0.9205, MSE=14.4328, MAE=1.1891, RMSE=3.7990
2026-03-19 20:50:35 |   Training NN...
2026-03-19 20:50:41 |   ✓ NN: R²=0.7493, MSE=45.4999, MAE=1.2973, RMSE=6.7454
2026-03-19 20:50:41 | 
[Dataset 5/6] Training models for mixed_no_conf_f10_s1000_p50
2026-03-19 20:50:41 |   Training LGBM...
2026-03-19 20:50:56 |   ✓ LGBM: R²=0.9296, MSE=0.4226, MAE=0.4894, RMSE=0.6501
2026-03-19 20:50:56 |   Training NN...
2026-03-19 20:51:00 |   ✓ NN: R²=0.9466, MSE=0.3206, MAE=0.4502, RMSE=0.5662
2026-03-19 20:51:00 | 
[Dataset 6/6] Training models for mixed_conf_f10_s1000_p50
2026-03-19 20:51:00 |   Training LGBM...
2026-03-19 20:51:21 |   ✓ LGBM: R²=0.9267, MSE=0.5632, MAE=0.5821, RMSE=0.7504
2026-03-19 20:51:21 |   Training NN...
2026-03-19 20:51:27 |   ✓ NN: R²=0.9469, MSE=0.4078, MAE=0.5022, RMSE=0.6386
2026-03-19 20:51:27 | 
================================================================================
2026-03-19 20:51:27 | Step 4 Complete: Models trained for 6 datasets
2026-03-19 20:51:27 | ================================================================================

2026-03-19 20:51:27 | ================================================================================
2026-03-19 20:51:27 | STEP 5: CALCULATING SHAPLEY VALUES
2026-03-19 20:51:27 | ================================================================================
2026-03-19 20:51:27 | 
[Dataset 1/6] Processing linear_no_conf_f10_s1000_p50
2026-03-19 20:51:27 |   [Progress: TrueShapley] Calculating ground truth...
2026-03-19 20:51:30 |   ✓ TrueShapley completed
2026-03-19 20:51:30 |   [Progress: 1/14] LGBM - ShapleyFromScratch
2026-03-19 20:51:57 |   [Progress: 2/14] LGBM + PC - AsymmetricShapley
2026-03-19 20:52:25 |   [Progress: 3/14] LGBM + PC - CausalShapley
2026-03-19 20:55:55 |   [Progress: 4/14] LGBM + PC - ShapleyFlow
2026-03-19 20:56:56 |   [Progress: 5/14] LGBM + LINGAM - AsymmetricShapley
2026-03-19 20:57:24 |   [Progress: 6/14] LGBM + LINGAM - CausalShapley
2026-03-19 21:04:00 |   [Progress: 7/14] LGBM + LINGAM - ShapleyFlow
2026-03-19 21:18:25 |   [Progress: 8/14] NN - ShapleyFromScratch
2026-03-19 21:18:35 |   [Progress: 9/14] NN + PC - AsymmetricShapley
2026-03-19 21:18:45 |   [Progress: 10/14] NN + PC - CausalShapley
2026-03-19 21:21:54 |   [Progress: 11/14] NN + PC - ShapleyFlow
2026-03-19 21:22:02 |   [Progress: 12/14] NN + LINGAM - AsymmetricShapley
2026-03-19 21:22:12 |   [Progress: 13/14] NN + LINGAM - CausalShapley
2026-03-19 21:28:26 |   [Progress: 14/14] NN + LINGAM - ShapleyFlow
2026-03-19 21:30:14 |   ✓ Completed linear_no_conf_f10_s1000_p50 in 38.8 minutes
2026-03-19 21:30:14 | 
[Dataset 2/6] Processing linear_conf_f10_s1000_p50
2026-03-19 21:30:14 |   [Progress: TrueShapley] Calculating ground truth...
2026-03-19 21:30:17 |   ✓ TrueShapley completed
2026-03-19 21:30:17 |   [Progress: 1/14] LGBM - ShapleyFromScratch
2026-03-19 21:30:56 |   [Progress: 2/14] LGBM + PC - AsymmetricShapley
2026-03-19 21:31:35 |   [Progress: 3/14] LGBM + PC - CausalShapley
2026-03-19 21:35:10 |   [Progress: 4/14] LGBM + PC - ShapleyFlow
2026-03-19 21:36:26 |   [Progress: 5/14] LGBM + LINGAM - AsymmetricShapley
2026-03-19 21:37:05 |   [Progress: 6/14] LGBM + LINGAM - CausalShapley
2026-03-19 21:43:42 |   [Progress: 7/14] LGBM + LINGAM - ShapleyFlow
2026-03-19 21:46:16 |   [Progress: 8/14] NN - ShapleyFromScratch
2026-03-19 21:46:21 |   [Progress: 9/14] NN + PC - AsymmetricShapley
2026-03-19 21:46:26 |   [Progress: 10/14] NN + PC - CausalShapley
2026-03-19 21:49:33 |   [Progress: 11/14] NN + PC - ShapleyFlow
2026-03-19 21:49:43 |   [Progress: 12/14] NN + LINGAM - AsymmetricShapley
2026-03-19 21:49:48 |   [Progress: 13/14] NN + LINGAM - CausalShapley
2026-03-19 21:56:02 |   [Progress: 14/14] NN + LINGAM - ShapleyFlow
2026-03-19 21:56:21 |   ✓ Completed linear_conf_f10_s1000_p50 in 26.1 minutes
2026-03-19 21:56:21 | 
[Dataset 3/6] Processing nonlinear_no_conf_f10_s1000_p50
2026-03-19 21:56:21 |   [Progress: TrueShapley] Calculating ground truth...
2026-03-19 21:56:25 |   ✓ TrueShapley completed
2026-03-19 21:56:25 |   [Progress: 1/14] LGBM - ShapleyFromScratch
2026-03-19 21:56:48 |   [Progress: 2/14] LGBM + PC - AsymmetricShapley
2026-03-19 21:57:13 |   [Progress: 3/14] LGBM + PC - CausalShapley
2026-03-19 22:02:23 |   [Progress: 4/14] LGBM + PC - ShapleyFlow
2026-03-19 22:04:27 |   [Progress: 5/14] LGBM + LINGAM - AsymmetricShapley
2026-03-19 22:04:52 |   [Progress: 6/14] LGBM + LINGAM - CausalShapley
2026-03-19 22:09:12 |   [Progress: 7/14] LGBM + LINGAM - ShapleyFlow
2026-03-19 22:15:42 |   [Progress: 8/14] NN - ShapleyFromScratch
2026-03-19 22:15:47 |   [Progress: 9/14] NN + PC - AsymmetricShapley
2026-03-19 22:15:52 |   [Progress: 10/14] NN + PC - CausalShapley
2026-03-19 22:20:37 |   [Progress: 11/14] NN + PC - ShapleyFlow
2026-03-19 22:20:51 |   [Progress: 12/14] NN + LINGAM - AsymmetricShapley
2026-03-19 22:20:56 |   [Progress: 13/14] NN + LINGAM - CausalShapley
2026-03-19 22:24:52 |   [Progress: 14/14] NN + LINGAM - ShapleyFlow
2026-03-19 22:25:39 |   ✓ Completed nonlinear_no_conf_f10_s1000_p50 in 29.3 minutes
2026-03-19 22:25:39 | 
[Dataset 4/6] Processing nonlinear_conf_f10_s1000_p50
2026-03-19 22:25:39 |   [Progress: TrueShapley] Calculating ground truth...
2026-03-19 22:25:42 |   ✓ TrueShapley completed
2026-03-19 22:25:42 |   [Progress: 1/14] LGBM - ShapleyFromScratch
2026-03-19 22:26:09 |   [Progress: 2/14] LGBM + PC - AsymmetricShapley
2026-03-19 22:26:37 |   [Progress: 3/14] LGBM + PC - CausalShapley
2026-03-19 22:31:47 |   [Progress: 4/14] LGBM + PC - ShapleyFlow
2026-03-19 22:33:29 |   [Progress: 5/14] LGBM + LINGAM - AsymmetricShapley
2026-03-19 22:33:57 |   [Progress: 6/14] LGBM + LINGAM - CausalShapley
2026-03-19 22:40:00 |   [Progress: 7/14] LGBM + LINGAM - ShapleyFlow
2026-03-19 22:41:36 |   [Progress: 8/14] NN - ShapleyFromScratch
2026-03-19 22:41:42 |   [Progress: 9/14] NN + PC - AsymmetricShapley
2026-03-19 22:41:48 |   [Progress: 10/14] NN + PC - CausalShapley
2026-03-19 22:46:36 |   [Progress: 11/14] NN + PC - ShapleyFlow
2026-03-19 22:46:50 |   [Progress: 12/14] NN + LINGAM - AsymmetricShapley
2026-03-19 22:46:57 |   [Progress: 13/14] NN + LINGAM - CausalShapley
2026-03-19 22:52:47 |   [Progress: 14/14] NN + LINGAM - ShapleyFlow
2026-03-19 22:53:00 |   ✓ Completed nonlinear_conf_f10_s1000_p50 in 27.4 minutes
2026-03-19 22:53:00 | 
[Dataset 5/6] Processing mixed_no_conf_f10_s1000_p50
2026-03-19 22:53:00 |   [Progress: TrueShapley] Calculating ground truth...
2026-03-19 22:53:03 |   ✓ TrueShapley completed
2026-03-19 22:53:03 |   [Progress: 1/14] LGBM - ShapleyFromScratch
2026-03-19 22:53:31 |   [Progress: 2/14] LGBM + PC - AsymmetricShapley
2026-03-19 22:54:00 |   [Progress: 3/14] LGBM + PC - CausalShapley
2026-03-19 23:04:15 |   [Progress: 4/14] LGBM + PC - ShapleyFlow
2026-03-19 23:04:58 |   [Progress: 5/14] LGBM + LINGAM - AsymmetricShapley
2026-03-19 23:05:27 |   [Progress: 6/14] LGBM + LINGAM - CausalShapley
2026-03-19 23:07:15 |   [Progress: 7/14] LGBM + LINGAM - ShapleyFlow
2026-03-19 23:07:23 |   [Progress: 8/14] NN - ShapleyFromScratch
2026-03-19 23:07:28 |   [Progress: 9/14] NN + PC - AsymmetricShapley
2026-03-19 23:07:34 |   [Progress: 10/14] NN + PC - CausalShapley
2026-03-19 23:17:37 |   [Progress: 11/14] NN + PC - ShapleyFlow
2026-03-19 23:17:43 |   [Progress: 12/14] NN + LINGAM - AsymmetricShapley
2026-03-19 23:17:48 |   [Progress: 13/14] NN + LINGAM - CausalShapley
2026-03-19 23:19:15 |   [Progress: 14/14] NN + LINGAM - ShapleyFlow
2026-03-19 23:19:16 |   ✓ Completed mixed_no_conf_f10_s1000_p50 in 26.3 minutes
2026-03-19 23:19:16 | 
[Dataset 6/6] Processing mixed_conf_f10_s1000_p50
2026-03-19 23:19:16 |   [Progress: TrueShapley] Calculating ground truth...
2026-03-19 23:19:19 |   ✓ TrueShapley completed
2026-03-19 23:19:19 |   [Progress: 1/14] LGBM - ShapleyFromScratch
2026-03-19 23:19:59 |   [Progress: 2/14] LGBM + PC - AsymmetricShapley
2026-03-19 23:20:39 |   [Progress: 3/14] LGBM + PC - CausalShapley
2026-03-19 23:25:16 |   [Progress: 4/14] LGBM + PC - ShapleyFlow
2026-03-19 23:26:34 |   [Progress: 5/14] LGBM + LINGAM - AsymmetricShapley
2026-03-19 23:27:15 |   [Progress: 6/14] LGBM + LINGAM - CausalShapley
2026-03-19 23:30:59 |   [Progress: 7/14] LGBM + LINGAM - ShapleyFlow
2026-03-19 23:35:22 |   [Progress: 8/14] NN - ShapleyFromScratch
2026-03-19 23:35:37 |   [Progress: 9/14] NN + PC - AsymmetricShapley
2026-03-19 23:35:52 |   [Progress: 10/14] NN + PC - CausalShapley
2026-03-19 23:40:02 |   [Progress: 11/14] NN + PC - ShapleyFlow
2026-03-19 23:40:12 |   [Progress: 12/14] NN + LINGAM - AsymmetricShapley
2026-03-19 23:40:28 |   [Progress: 13/14] NN + LINGAM - CausalShapley
2026-03-19 23:43:47 |   [Progress: 14/14] NN + LINGAM - ShapleyFlow
2026-03-19 23:44:22 |   ✓ Completed mixed_conf_f10_s1000_p50 in 25.1 minutes
2026-03-19 23:44:22 | 
================================================================================
2026-03-19 23:44:22 | Step 5 Complete: Shapley values calculated for all combinations
2026-03-19 23:44:22 | ================================================================================

2026-03-19 23:44:22 | 
================================================================================
2026-03-19 23:44:22 | PIPELINE COMPLETED SUCCESSFULLY!
2026-03-19 23:44:22 | ================================================================================
2026-03-19 23:44:22 | 
Total execution time: 175.4 minutes (2.92 hours)
2026-03-19 23:44:22 | 
Results saved in:
2026-03-19 23:44:22 |   - Synthetic data: /Users/juanrios/Documents/master_thesis/data/synthetic
2026-03-19 23:44:22 |   - Processed data: /Users/juanrios/Documents/master_thesis/data/processed
2026-03-19 23:44:22 |   - Causal discovery: /Users/juanrios/Documents/master_thesis/data/causal
2026-03-19 23:44:22 |   - Models: /Users/juanrios/Documents/master_thesis/models
2026-03-19 23:44:22 |   - Explainability: /Users/juanrios/Documents/master_thesis/data/explainability
2026-03-19 23:44:22 |   - Logs: /Users/juanrios/Documents/master_thesis/logs
2026-03-19 23:44:22 | 
================================================================================

