2026-04-05 23:43:54 | Log file: /Users/juanrios/Documents/master_thesis/logs/pipeline_20260405_234354.log
2026-04-05 23:43:54 | 
================================================================================
2026-04-05 23:43:54 | EXPERIMENTAL PIPELINE: CAUSAL FEATURE IMPORTANCE COMPARISON
2026-04-05 23:43:54 | ================================================================================
2026-04-05 23:43:54 | 
================================================================================
2026-04-05 23:43:54 | CONFIGURATION PARAMETERS
2026-04-05 23:43:54 | ================================================================================
2026-04-05 23:43:54 | 
1. DATASET PARAMETERS:
2026-04-05 23:43:54 |    - N_FEATURES: 50
2026-04-05 23:43:54 |    - N_SAMPLES: 1000
2026-04-05 23:43:54 |    - Y_PARENTS_RATIO: 0.5
2026-04-05 23:43:54 |    - NOISE_STD: 0.5
2026-04-05 23:43:54 |    - EDGE_PROBABILITY: 0.2
2026-04-05 23:43:54 |    - MIN_CONNECTED_EDGES: 2
2026-04-05 23:43:54 |    - RANDOM_STATE: 42
2026-04-05 23:43:54 | 
2. MODEL TRAINING PARAMETERS:
2026-04-05 23:43:54 |    - TEST_SIZE: 0.2
2026-04-05 23:43:54 |    - BACKGROUND_RATIO: 0.3
2026-04-05 23:43:54 |    - TEST_INSTANCES_RATIO: 0.5
2026-04-05 23:43:54 | 
3. EXPLAINABILITY PARAMETERS:
2026-04-05 23:43:54 |    - N_SHAPLEY_SAMPLES: 100
2026-04-05 23:43:54 |    - M_INNER_SAMPLES_CAUSAL: 10
2026-04-05 23:43:54 | 
4. CAUSAL DISCOVERY PARAMETERS:
2026-04-05 23:43:54 |    - LINGAM_ALPHA: 0.01
2026-04-05 23:43:54 |    - PC_ALPHA: 0.01
2026-04-05 23:43:54 |    - INDEP_TEST: fisherz
2026-04-05 23:43:54 | 
5. TARGET CONFIGURATION:
2026-04-05 23:43:54 |    - TARGET_DATASET: mixed_conf_f50_s1000_p50
2026-04-05 23:43:54 |    - MODEL: LGBM (only)
2026-04-05 23:43:54 | 
6. DIRECTORIES:
2026-04-05 23:43:54 |    - BASE_DIR: /Users/juanrios/Documents/master_thesis
2026-04-05 23:43:54 |    - SYNTHETIC_DIR: /Users/juanrios/Documents/master_thesis/data/synthetic
2026-04-05 23:43:54 |    - PROCESSED_DIR: /Users/juanrios/Documents/master_thesis/data/processed
2026-04-05 23:43:54 |    - CAUSAL_DIR: /Users/juanrios/Documents/master_thesis/data/causal
2026-04-05 23:43:54 |    - EXPLAINABILITY_DIR: /Users/juanrios/Documents/master_thesis/data/explainability
2026-04-05 23:43:54 |    - MODELS_DIR: /Users/juanrios/Documents/master_thesis/models
2026-04-05 23:43:54 |    - LOGS_DIR: /Users/juanrios/Documents/master_thesis/logs
2026-04-05 23:43:54 | 
================================================================================

2026-04-05 23:43:54 | ================================================================================
2026-04-05 23:43:54 | STEP 1: GENERATING SYNTHETIC DATASETS
2026-04-05 23:43:54 | ================================================================================
2026-04-05 23:43:54 | 
[Dataset 1/6] Generating linear system without confounders
2026-04-05 23:43:54 |   ✓ Saved: linear_no_conf_f50_s1000_p50 | Features: 50, Samples: 1000, Y parents: 25, Edges: 291, Confounders: 0
2026-04-05 23:43:54 | 
[Dataset 2/6] Generating linear system with confounders
2026-04-05 23:43:54 |   ✓ Saved: linear_conf_f50_s1000_p50 | Features: 50, Samples: 1000, Y parents: 25, Edges: 291, Confounders: 5
2026-04-05 23:43:54 | 
[Dataset 3/6] Generating nonlinear system without confounders
2026-04-05 23:43:54 |   ✓ Saved: nonlinear_no_conf_f50_s1000_p50 | Features: 50, Samples: 1000, Y parents: 25, Edges: 291, Confounders: 0
2026-04-05 23:43:54 | 
[Dataset 4/6] Generating nonlinear system with confounders
2026-04-05 23:43:54 |   ✓ Saved: nonlinear_conf_f50_s1000_p50 | Features: 50, Samples: 1000, Y parents: 25, Edges: 291, Confounders: 5
2026-04-05 23:43:54 | 
[Dataset 5/6] Generating mixed system without confounders
2026-04-05 23:43:54 |   ✓ Saved: mixed_no_conf_f50_s1000_p50 | Features: 50, Samples: 1000, Y parents: 25, Edges: 291, Confounders: 0
2026-04-05 23:43:54 | 
[Dataset 6/6] Generating mixed system with confounders
2026-04-05 23:43:54 |   ✓ Saved: mixed_conf_f50_s1000_p50 | Features: 50, Samples: 1000, Y parents: 25, Edges: 291, Confounders: 5
2026-04-05 23:43:54 | 
================================================================================
2026-04-05 23:43:54 | Step 1 Complete: 6 datasets generated
2026-04-05 23:43:54 | ================================================================================

2026-04-05 23:43:54 | ================================================================================
2026-04-05 23:43:54 | STEP 2: CREATING TRAIN/TEST SPLITS
2026-04-05 23:43:54 | ================================================================================
2026-04-05 23:43:54 | 
[Dataset 1/6] Processing linear_no_conf_f50_s1000_p50...
2026-04-05 23:43:54 |   ✓ Train: (800, 51), Test: (200, 51)
2026-04-05 23:43:54 | 
[Dataset 2/6] Processing linear_conf_f50_s1000_p50...
2026-04-05 23:43:54 |   ✓ Train: (800, 51), Test: (200, 51)
2026-04-05 23:43:54 | 
[Dataset 3/6] Processing nonlinear_no_conf_f50_s1000_p50...
2026-04-05 23:43:54 |   ✓ Train: (800, 51), Test: (200, 51)
2026-04-05 23:43:54 | 
[Dataset 4/6] Processing nonlinear_conf_f50_s1000_p50...
2026-04-05 23:43:54 |   ✓ Train: (800, 51), Test: (200, 51)
2026-04-05 23:43:54 | 
[Dataset 5/6] Processing mixed_no_conf_f50_s1000_p50...
2026-04-05 23:43:54 |   ✓ Train: (800, 51), Test: (200, 51)
2026-04-05 23:43:54 | 
[Dataset 6/6] Processing mixed_conf_f50_s1000_p50...
2026-04-05 23:43:54 |   ✓ Train: (800, 51), Test: (200, 51)
2026-04-05 23:43:54 | 
================================================================================
2026-04-05 23:43:54 | Step 2 Complete: Train/test splits created for 6 datasets
2026-04-05 23:43:54 | ================================================================================

2026-04-05 23:43:54 | ================================================================================
2026-04-05 23:43:54 | STEP 3: RUNNING CAUSAL DISCOVERY
2026-04-05 23:43:54 | ================================================================================
2026-04-05 23:43:54 | 
[Dataset 1/6] Processing linear_no_conf_f50_s1000_p50
2026-04-05 23:43:54 |   Running LiNGAM...
2026-04-05 23:44:00 |   Running PC...
2026-04-05 23:44:04 |   Extracting train adjacency matrices for Step 5...
2026-04-05 23:44:04 |   ✓ LINGAM: F1=0.282, Precision=0.240, Recall=0.340
2026-04-05 23:44:05 |   ✓ PC: F1=0.302, Precision=0.425, Recall=0.234
2026-04-05 23:44:06 | 
[Dataset 2/6] Processing linear_conf_f50_s1000_p50
2026-04-05 23:44:06 |   Running LiNGAM...
2026-04-05 23:44:12 |   Running PC...
2026-04-05 23:44:16 |   Extracting train adjacency matrices for Step 5...
2026-04-05 23:44:16 |   ✓ LINGAM: F1=0.222, Precision=0.188, Recall=0.271
2026-04-05 23:44:17 |   ✓ PC: F1=0.309, Precision=0.423, Recall=0.244
2026-04-05 23:44:18 | 
[Dataset 3/6] Processing nonlinear_no_conf_f50_s1000_p50
2026-04-05 23:44:18 |   Running LiNGAM...
2026-04-05 23:44:23 |   Running PC...
2026-04-05 23:44:26 |   Extracting train adjacency matrices for Step 5...
2026-04-05 23:44:26 |   ✓ LINGAM: F1=0.192, Precision=0.212, Recall=0.175
2026-04-05 23:44:27 |   ✓ PC: F1=0.251, Precision=0.328, Recall=0.203
2026-04-05 23:44:28 | 
[Dataset 4/6] Processing nonlinear_conf_f50_s1000_p50
2026-04-05 23:44:28 |   Running LiNGAM...
2026-04-05 23:44:41 |   Running PC...
2026-04-05 23:45:00 |   Extracting train adjacency matrices for Step 5...
2026-04-05 23:45:00 |   ✓ LINGAM: F1=0.196, Precision=0.236, Recall=0.168
2026-04-05 23:45:00 |   ✓ PC: F1=0.213, Precision=0.250, Recall=0.186
2026-04-05 23:45:01 | 
[Dataset 5/6] Processing mixed_no_conf_f50_s1000_p50
2026-04-05 23:45:01 |   Running LiNGAM...
2026-04-05 23:45:06 |   Running PC...
2026-04-05 23:45:06 |   Extracting train adjacency matrices for Step 5...
2026-04-05 23:45:06 |   ✓ LINGAM: F1=0.031, Precision=0.152, Recall=0.017
2026-04-05 23:45:07 |   ✓ PC: F1=0.074, Precision=0.375, Recall=0.041
2026-04-05 23:45:07 | 
[Dataset 6/6] Processing mixed_conf_f50_s1000_p50
2026-04-05 23:45:07 |   Running LiNGAM...
2026-04-05 23:45:14 |   Running PC...
2026-04-05 23:45:20 |   Extracting train adjacency matrices for Step 5...
2026-04-05 23:45:20 |   ✓ LINGAM: F1=0.154, Precision=0.181, Recall=0.134
2026-04-05 23:45:21 |   ✓ PC: F1=0.194, Precision=0.250, Recall=0.158
2026-04-05 23:45:21 | 
================================================================================
2026-04-05 23:45:21 | Step 3 Complete: Causal discovery completed for 6 datasets
2026-04-05 23:45:21 | ================================================================================

2026-04-05 23:45:21 | ================================================================================
2026-04-05 23:45:21 | STEP 4: TRAINING PREDICTIVE MODELS (LGBM only, mixed_conf_f50_s1000_p50 dataset)
2026-04-05 23:45:21 | ================================================================================
2026-04-05 23:45:21 | 
[Dataset 1/1] Training LGBM model for mixed_conf_f50_s1000_p50
2026-04-05 23:45:21 |   Training LGBM...
2026-04-05 23:45:33 |   ✓ LGBM: R²=0.7035, MSE=0.4095, MAE=0.5035, RMSE=0.6399
2026-04-05 23:45:33 | 
================================================================================
2026-04-05 23:45:33 | Step 4 Complete: LGBM model trained for mixed_conf_f50_s1000_p50
2026-04-05 23:45:33 | ================================================================================

2026-04-05 23:45:33 | ================================================================================
2026-04-05 23:45:33 | STEP 5: CALCULATING SHAPLEY VALUES (mixed_no_conf + LGBM only)
2026-04-05 23:45:33 | ================================================================================
2026-04-05 23:45:33 | 
[Dataset 1/1] Processing mixed_conf_f50_s1000_p50
2026-04-05 23:45:33 |   [Progress: 1/7] LGBM - ShapleyFromScratch
2026-04-05 23:51:03 |   [Progress: 2/7] LGBM + PC - ShapleyFlow
2026-04-05 23:51:03 | 
================================================================================
2026-04-05 23:51:03 | ERROR: Pipeline failed!
2026-04-05 23:51:03 | ================================================================================
2026-04-05 23:51:03 | Error message: unsupported operand type(s) for +=: 'float' and 'tuple'
2026-04-05 23:51:03 | Traceback (most recent call last):
  File "/Users/juanrios/Documents/master_thesis/experimental_pipeline/experimental_pipeline.py", line 916, in main
    calculate_all_shapley_values(dataset_configs)
  File "/Users/juanrios/Documents/master_thesis/experimental_pipeline/experimental_pipeline.py", line 682, in calculate_all_shapley_values
    flow_values = flow_explainer.explain(test_instances_flow)
                  ^^^^^^^^^^^^^^^^^^^^^^^^^^^^^^^^^^^^^^^^^^^
  File "/Users/juanrios/Documents/master_thesis/explainability_models/shapley_values.py", line 1701, in explain
    edge_attrs = flow.compute(x_foreground,x_background)
                 ^^^^^^^^^^^^^^^^^^^^^^^^^^^^^^^^^^^^^^^
  File "/Users/juanrios/Documents/master_thesis/explainability_models/shapley_values.py", line 1495, in compute
    self._dfs(source,[], x_foreground, x_background)
  File "/Users/juanrios/Documents/master_thesis/explainability_models/shapley_values.py", line 1449, in _dfs
    self.edge_attributions[edge] += marginal
TypeError: unsupported operand type(s) for +=: 'float' and 'tuple'

