2026-04-09 01:28:36 | Log file: /Users/juanrios/Documents/master_thesis/logs/pipeline_20260409_012836.log
2026-04-09 01:28:36 | 
================================================================================
2026-04-09 01:28:36 | EXPERIMENTAL PIPELINE: CAUSAL FEATURE IMPORTANCE COMPARISON
2026-04-09 01:28:36 | ================================================================================
2026-04-09 01:28:36 | 
================================================================================
2026-04-09 01:28:36 | CONFIGURATION PARAMETERS
2026-04-09 01:28:36 | ================================================================================
2026-04-09 01:28:36 | 
1. DATASET PARAMETERS:
2026-04-09 01:28:36 |    - N_FEATURES: 50
2026-04-09 01:28:36 |    - N_SAMPLES: 1000
2026-04-09 01:28:36 |    - Y_PARENTS_RATIO: 0.5
2026-04-09 01:28:36 |    - NOISE_STD: 0.5
2026-04-09 01:28:36 |    - EDGE_PROBABILITY: 0.2
2026-04-09 01:28:36 |    - MIN_CONNECTED_EDGES: 2
2026-04-09 01:28:36 |    - RANDOM_STATE: 42
2026-04-09 01:28:36 | 
2. MODEL TRAINING PARAMETERS:
2026-04-09 01:28:36 |    - TEST_SIZE: 0.2
2026-04-09 01:28:36 |    - BACKGROUND_RATIO: 0.3
2026-04-09 01:28:36 |    - TEST_INSTANCES_RATIO: 0.5
2026-04-09 01:28:36 | 
3. EXPLAINABILITY PARAMETERS:
2026-04-09 01:28:36 |    - N_SHAPLEY_SAMPLES: 50
2026-04-09 01:28:36 |    - M_INNER_SAMPLES_CAUSAL: 10
2026-04-09 01:28:36 | 
4. CAUSAL DISCOVERY PARAMETERS:
2026-04-09 01:28:36 |    - LINGAM_ALPHA: 0.01
2026-04-09 01:28:36 |    - PC_ALPHA: 0.01
2026-04-09 01:28:36 |    - INDEP_TEST: fisherz
2026-04-09 01:28:36 | 
5. TARGET CONFIGURATION:
2026-04-09 01:28:36 |    - TARGET_DATASETS: ['mixed_conf_f50_s1000_p50', 'mixed_no_conf_f50_s1000_p50']
2026-04-09 01:28:36 |    - MODEL: LGBM (only)
2026-04-09 01:28:36 | 
6. DIRECTORIES:
2026-04-09 01:28:36 |    - BASE_DIR: /Users/juanrios/Documents/master_thesis
2026-04-09 01:28:36 |    - SYNTHETIC_DIR: /Users/juanrios/Documents/master_thesis/data/synthetic
2026-04-09 01:28:36 |    - PROCESSED_DIR: /Users/juanrios/Documents/master_thesis/data/processed
2026-04-09 01:28:36 |    - CAUSAL_DIR: /Users/juanrios/Documents/master_thesis/data/causal
2026-04-09 01:28:36 |    - EXPLAINABILITY_DIR: /Users/juanrios/Documents/master_thesis/data/explainability
2026-04-09 01:28:36 |    - MODELS_DIR: /Users/juanrios/Documents/master_thesis/models
2026-04-09 01:28:36 |    - LOGS_DIR: /Users/juanrios/Documents/master_thesis/logs
2026-04-09 01:28:36 | 
================================================================================

2026-04-09 01:28:36 | ================================================================================
2026-04-09 01:28:36 | STEP 1: GENERATING SYNTHETIC DATASETS
2026-04-09 01:28:36 | ================================================================================
2026-04-09 01:28:36 | 
[Dataset 1/6] Generating linear system without confounders
2026-04-09 01:28:36 |   ✓ Saved: linear_no_conf_f50_s1000_p50 | Features: 50, Samples: 1000, Y parents: 25, Edges: 291, Confounders: 0
2026-04-09 01:28:36 | 
[Dataset 2/6] Generating linear system with confounders
2026-04-09 01:28:36 |   ✓ Saved: linear_conf_f50_s1000_p50 | Features: 50, Samples: 1000, Y parents: 25, Edges: 291, Confounders: 5
2026-04-09 01:28:36 | 
[Dataset 3/6] Generating nonlinear system without confounders
2026-04-09 01:28:36 |   ✓ Saved: nonlinear_no_conf_f50_s1000_p50 | Features: 50, Samples: 1000, Y parents: 25, Edges: 291, Confounders: 0
2026-04-09 01:28:36 | 
[Dataset 4/6] Generating nonlinear system with confounders
2026-04-09 01:28:36 |   ✓ Saved: nonlinear_conf_f50_s1000_p50 | Features: 50, Samples: 1000, Y parents: 25, Edges: 291, Confounders: 5
2026-04-09 01:28:36 | 
[Dataset 5/6] Generating mixed system without confounders
2026-04-09 01:28:36 |   ✓ Saved: mixed_no_conf_f50_s1000_p50 | Features: 50, Samples: 1000, Y parents: 25, Edges: 291, Confounders: 0
2026-04-09 01:28:36 | 
[Dataset 6/6] Generating mixed system with confounders
2026-04-09 01:28:36 |   ✓ Saved: mixed_conf_f50_s1000_p50 | Features: 50, Samples: 1000, Y parents: 25, Edges: 291, Confounders: 5
2026-04-09 01:28:36 | 
================================================================================
2026-04-09 01:28:36 | Step 1 Complete: 6 datasets generated
2026-04-09 01:28:36 | ================================================================================

2026-04-09 01:28:36 | ================================================================================
2026-04-09 01:28:36 | STEP 2: CREATING TRAIN/TEST SPLITS
2026-04-09 01:28:36 | ================================================================================
2026-04-09 01:28:36 | 
[Dataset 1/6] Processing linear_no_conf_f50_s1000_p50...
2026-04-09 01:28:36 |   ✓ Train: (800, 51), Test: (200, 51)
2026-04-09 01:28:36 | 
[Dataset 2/6] Processing linear_conf_f50_s1000_p50...
2026-04-09 01:28:36 |   ✓ Train: (800, 51), Test: (200, 51)
2026-04-09 01:28:36 | 
[Dataset 3/6] Processing nonlinear_no_conf_f50_s1000_p50...
2026-04-09 01:28:36 |   ✓ Train: (800, 51), Test: (200, 51)
2026-04-09 01:28:36 | 
[Dataset 4/6] Processing nonlinear_conf_f50_s1000_p50...
2026-04-09 01:28:36 |   ✓ Train: (800, 51), Test: (200, 51)
2026-04-09 01:28:36 | 
[Dataset 5/6] Processing mixed_no_conf_f50_s1000_p50...
2026-04-09 01:28:36 |   ✓ Train: (800, 51), Test: (200, 51)
2026-04-09 01:28:36 | 
[Dataset 6/6] Processing mixed_conf_f50_s1000_p50...
2026-04-09 01:28:36 |   ✓ Train: (800, 51), Test: (200, 51)
2026-04-09 01:28:36 | 
================================================================================
2026-04-09 01:28:36 | Step 2 Complete: Train/test splits created for 6 datasets
2026-04-09 01:28:36 | ================================================================================

2026-04-09 01:28:36 | ================================================================================
2026-04-09 01:28:36 | STEP 3: RUNNING CAUSAL DISCOVERY
2026-04-09 01:28:36 | ================================================================================
2026-04-09 01:28:36 | 
[Dataset 1/6] Processing linear_no_conf_f50_s1000_p50
2026-04-09 01:28:36 |   Running LiNGAM...
2026-04-09 01:28:42 |   Running PC...
2026-04-09 01:28:46 |   Extracting train adjacency matrices for Step 5...
2026-04-09 01:28:46 |   ✓ LINGAM: F1=0.282, Precision=0.240, Recall=0.340
2026-04-09 01:28:47 |   ✓ PC: F1=0.140, Precision=0.325, Recall=0.089
2026-04-09 01:28:48 | 
[Dataset 2/6] Processing linear_conf_f50_s1000_p50
2026-04-09 01:28:48 |   Running LiNGAM...
2026-04-09 01:28:54 |   Running PC...
2026-04-09 01:28:58 |   Extracting train adjacency matrices for Step 5...
2026-04-09 01:28:58 |   ✓ LINGAM: F1=0.222, Precision=0.188, Recall=0.271
2026-04-09 01:28:59 |   ✓ PC: F1=0.193, Precision=0.434, Recall=0.124
2026-04-09 01:29:00 | 
[Dataset 3/6] Processing nonlinear_no_conf_f50_s1000_p50
2026-04-09 01:29:00 |   Running LiNGAM...
2026-04-09 01:29:05 |   Running PC...
2026-04-09 01:29:08 |   Extracting train adjacency matrices for Step 5...
2026-04-09 01:29:08 |   ✓ LINGAM: F1=0.192, Precision=0.212, Recall=0.175
2026-04-09 01:29:09 |   ✓ PC: F1=0.131, Precision=0.278, Recall=0.086
2026-04-09 01:29:10 | 
[Dataset 4/6] Processing nonlinear_conf_f50_s1000_p50
2026-04-09 01:29:10 |   Running LiNGAM...
2026-04-09 01:29:23 |   Running PC...
2026-04-09 01:29:41 |   Extracting train adjacency matrices for Step 5...
2026-04-09 01:29:41 |   ✓ LINGAM: F1=0.196, Precision=0.236, Recall=0.168
2026-04-09 01:29:42 |   ✓ PC: F1=0.128, Precision=0.286, Recall=0.082
2026-04-09 01:29:42 | 
[Dataset 5/6] Processing mixed_no_conf_f50_s1000_p50
2026-04-09 01:29:42 |   Running LiNGAM...
2026-04-09 01:29:48 |   Running PC...
2026-04-09 01:29:51 |   Extracting train adjacency matrices for Step 5...
2026-04-09 01:29:51 |   ✓ LINGAM: F1=0.174, Precision=0.193, Recall=0.158
2026-04-09 01:29:52 |   ✓ PC: F1=0.183, Precision=0.425, Recall=0.117
2026-04-09 01:29:52 | 
[Dataset 6/6] Processing mixed_conf_f50_s1000_p50
2026-04-09 01:29:52 |   Running LiNGAM...
2026-04-09 01:29:58 |   Running PC...
2026-04-09 01:30:01 |   Extracting train adjacency matrices for Step 5...
2026-04-09 01:30:01 |   ✓ LINGAM: F1=0.173, Precision=0.178, Recall=0.168
