2026-03-19 13:18:54 | Log file: /Users/juanrios/Documents/master_thesis/logs/pipeline_20260319_131854.log
2026-03-19 13:18:54 | 
================================================================================
2026-03-19 13:18:54 | EXPERIMENTAL PIPELINE: CAUSAL FEATURE IMPORTANCE COMPARISON
2026-03-19 13:18:54 | ================================================================================
2026-03-19 13:18:54 | 
Configuration:
2026-03-19 13:18:54 |   - Features: 10
2026-03-19 13:18:54 |   - Samples: 1000
2026-03-19 13:18:54 |   - Y Parents Ratio: 0.5
2026-03-19 13:18:54 |   - Random State: 42
2026-03-19 13:18:54 |   - Shapley Samples: 100
2026-03-19 13:18:54 | 
Directories:
2026-03-19 13:18:54 |   - Synthetic Data: /Users/juanrios/Documents/master_thesis/data/synthetic
2026-03-19 13:18:54 |   - Processed Data: /Users/juanrios/Documents/master_thesis/data/processed
2026-03-19 13:18:54 |   - Causal Discovery: /Users/juanrios/Documents/master_thesis/data/causal
2026-03-19 13:18:54 |   - Explainability: /Users/juanrios/Documents/master_thesis/data/explainability
2026-03-19 13:18:54 |   - Models: /Users/juanrios/Documents/master_thesis/models
2026-03-19 13:18:54 |   - Logs: /Users/juanrios/Documents/master_thesis/logs
2026-03-19 13:18:54 | 
================================================================================

2026-03-19 13:18:54 | ================================================================================
2026-03-19 13:18:54 | STEP 1: GENERATING SYNTHETIC DATASETS
2026-03-19 13:18:54 | ================================================================================
2026-03-19 13:18:54 | 
[Dataset 1/6] Generating linear system without confounders
2026-03-19 13:18:56 |   ✓ Saved: linear_no_conf_f10_s1000_p50 | Features: 10, Samples: 1000, Y parents: 5, Edges: 23, Confounders: 0
2026-03-19 13:18:56 | 
[Dataset 2/6] Generating linear system with confounders
2026-03-19 13:18:56 |   ✓ Saved: linear_conf_f10_s1000_p50 | Features: 10, Samples: 1000, Y parents: 5, Edges: 23, Confounders: 2
2026-03-19 13:18:56 | 
[Dataset 3/6] Generating nonlinear system without confounders
2026-03-19 13:18:56 |   ✓ Saved: nonlinear_no_conf_f10_s1000_p50 | Features: 10, Samples: 1000, Y parents: 5, Edges: 23, Confounders: 0
2026-03-19 13:18:56 | 
[Dataset 4/6] Generating nonlinear system with confounders
2026-03-19 13:18:56 |   ✓ Saved: nonlinear_conf_f10_s1000_p50 | Features: 10, Samples: 1000, Y parents: 5, Edges: 23, Confounders: 2
2026-03-19 13:18:56 | 
[Dataset 5/6] Generating mixed system without confounders
2026-03-19 13:18:56 |   ✓ Saved: mixed_no_conf_f10_s1000_p50 | Features: 10, Samples: 1000, Y parents: 5, Edges: 23, Confounders: 0
2026-03-19 13:18:56 | 
[Dataset 6/6] Generating mixed system with confounders
2026-03-19 13:18:56 |   ✓ Saved: mixed_conf_f10_s1000_p50 | Features: 10, Samples: 1000, Y parents: 5, Edges: 23, Confounders: 2
2026-03-19 13:18:56 | 
================================================================================
2026-03-19 13:18:56 | Step 1 Complete: 6 datasets generated
2026-03-19 13:18:56 | ================================================================================

2026-03-19 13:18:56 | ================================================================================
2026-03-19 13:18:56 | STEP 2: CREATING TRAIN/TEST SPLITS
2026-03-19 13:18:56 | ================================================================================
2026-03-19 13:18:56 | 
[Dataset 1/6] Processing linear_no_conf_f10_s1000_p50...
2026-03-19 13:18:57 |   ✓ Train: (800, 11), Test: (200, 11)
2026-03-19 13:18:57 | 
[Dataset 2/6] Processing linear_conf_f10_s1000_p50...
2026-03-19 13:18:57 |   ✓ Train: (800, 11), Test: (200, 11)
2026-03-19 13:18:57 | 
[Dataset 3/6] Processing nonlinear_no_conf_f10_s1000_p50...
2026-03-19 13:18:57 |   ✓ Train: (800, 11), Test: (200, 11)
2026-03-19 13:18:57 | 
[Dataset 4/6] Processing nonlinear_conf_f10_s1000_p50...
2026-03-19 13:18:57 |   ✓ Train: (800, 11), Test: (200, 11)
2026-03-19 13:18:57 | 
[Dataset 5/6] Processing mixed_no_conf_f10_s1000_p50...
2026-03-19 13:18:57 |   ✓ Train: (800, 11), Test: (200, 11)
2026-03-19 13:18:57 | 
[Dataset 6/6] Processing mixed_conf_f10_s1000_p50...
2026-03-19 13:18:57 |   ✓ Train: (800, 11), Test: (200, 11)
2026-03-19 13:18:57 | 
================================================================================
2026-03-19 13:18:57 | Step 2 Complete: Train/test splits created for 6 datasets
2026-03-19 13:18:57 | ================================================================================

2026-03-19 13:18:57 | ================================================================================
2026-03-19 13:18:57 | STEP 3: RUNNING CAUSAL DISCOVERY
2026-03-19 13:18:57 | ================================================================================
2026-03-19 13:18:57 | 
[Dataset 1/6] Processing linear_no_conf_f10_s1000_p50
2026-03-19 13:18:57 |   Running LiNGAM...
2026-03-19 13:18:57 |   Running PC...
2026-03-19 13:18:58 |   Discovering structure on X_train for Step 5...
2026-03-19 13:18:58 |   ✓ LINGAM: F1=0.537, Precision=0.409, Recall=0.783
2026-03-19 13:18:59 |   ✓ PC: F1=0.508, Precision=0.417, Recall=0.652
2026-03-19 13:18:59 | 
[Dataset 2/6] Processing linear_conf_f10_s1000_p50
2026-03-19 13:18:59 |   Running LiNGAM...
2026-03-19 13:18:59 |   Running PC...
2026-03-19 13:18:59 |   Discovering structure on X_train for Step 5...
2026-03-19 13:18:59 |   ✓ LINGAM: F1=0.136, Precision=0.111, Recall=0.174
2026-03-19 13:19:00 |   ✓ PC: F1=0.407, Precision=0.333, Recall=0.522
2026-03-19 13:19:00 | 
[Dataset 3/6] Processing nonlinear_no_conf_f10_s1000_p50
2026-03-19 13:19:00 |   Running LiNGAM...
2026-03-19 13:19:00 |   Running PC...
2026-03-19 13:19:00 |   Discovering structure on X_train for Step 5...
2026-03-19 13:19:00 |   ✓ LINGAM: F1=0.462, Precision=0.414, Recall=0.522
2026-03-19 13:19:00 |   ✓ PC: F1=0.563, Precision=0.417, Recall=0.870
2026-03-19 13:19:01 | 
[Dataset 4/6] Processing nonlinear_conf_f10_s1000_p50
2026-03-19 13:19:01 |   Running LiNGAM...
2026-03-19 13:19:01 |   Running PC...
2026-03-19 13:19:01 |   Discovering structure on X_train for Step 5...
2026-03-19 13:19:01 |   ✓ LINGAM: F1=0.270, Precision=0.357, Recall=0.217
2026-03-19 13:19:01 |   ✓ PC: F1=0.393, Precision=0.316, Recall=0.522
2026-03-19 13:19:02 | 
[Dataset 5/6] Processing mixed_no_conf_f10_s1000_p50
2026-03-19 13:19:02 |   Running LiNGAM...
2026-03-19 13:19:02 |   Running PC...
2026-03-19 13:19:02 |   Discovering structure on X_train for Step 5...
2026-03-19 13:19:02 |   ✓ LINGAM: F1=0.000, Precision=0.000, Recall=0.000
2026-03-19 13:19:02 |   ✓ PC: F1=0.299, Precision=0.227, Recall=0.435
2026-03-19 13:19:02 | 
[Dataset 6/6] Processing mixed_conf_f10_s1000_p50
2026-03-19 13:19:02 |   Running LiNGAM...
2026-03-19 13:19:02 |   Running PC...
2026-03-19 13:19:03 |   Discovering structure on X_train for Step 5...
2026-03-19 13:19:03 |   ✓ LINGAM: F1=0.246, Precision=0.206, Recall=0.304
2026-03-19 13:19:03 |   ✓ PC: F1=0.388, Precision=0.295, Recall=0.565
2026-03-19 13:19:03 | 
================================================================================
2026-03-19 13:19:03 | Step 3 Complete: Causal discovery completed for 6 datasets
2026-03-19 13:19:03 | ================================================================================

2026-03-19 13:19:03 | ================================================================================
2026-03-19 13:19:03 | STEP 4: TRAINING PREDICTIVE MODELS
2026-03-19 13:19:03 | ================================================================================
2026-03-19 13:19:03 | 
[Dataset 1/6] Training models for linear_no_conf_f10_s1000_p50
2026-03-19 13:19:03 |   Training LGBM...
2026-03-19 13:19:18 |   ✓ LGBM: R²=0.9152, MSE=0.5469, MAE=0.5818, RMSE=0.7395
2026-03-19 13:19:18 |   Training NN...
2026-03-19 13:19:28 |   ✓ NN: R²=0.7956, MSE=0.2723, MAE=0.4059, RMSE=0.5218
2026-03-19 13:19:28 | 
[Dataset 2/6] Training models for linear_conf_f10_s1000_p50
2026-03-19 13:19:28 |   Training LGBM...
2026-03-19 13:19:55 |   ✓ LGBM: R²=0.9939, MSE=1.6906, MAE=0.9767, RMSE=1.3002
2026-03-19 13:19:55 |   Training NN...
2026-03-19 13:20:02 |   ✓ NN: R²=-25.7872, MSE=0.4286, MAE=0.5289, RMSE=0.6547
2026-03-19 13:20:02 | 
[Dataset 3/6] Training models for nonlinear_no_conf_f10_s1000_p50
2026-03-19 13:20:02 |   Training LGBM...
2026-03-19 13:20:11 |   ✓ LGBM: R²=0.4681, MSE=6.1054, MAE=0.7193, RMSE=2.4709
2026-03-19 13:20:11 |   Training NN...
2026-03-19 13:20:16 |   ✓ NN: R²=0.4800, MSE=3.7566, MAE=0.7729, RMSE=1.9382
2026-03-19 13:20:16 | 
[Dataset 4/6] Training models for nonlinear_conf_f10_s1000_p50
2026-03-19 13:20:16 |   Training LGBM...
2026-03-19 13:20:24 |   ✓ LGBM: R²=0.1365, MSE=151058697419.7429, MAE=40820.3201, RMSE=388662.7039
2026-03-19 13:20:24 |   Training NN...
2026-03-19 13:20:35 |   ✓ NN: R²=-318378544.7895, MSE=151397344841.8671, MAE=40646.5884, RMSE=389098.1172
2026-03-19 13:20:35 | 
[Dataset 5/6] Training models for mixed_no_conf_f10_s1000_p50
2026-03-19 13:20:35 |   Training LGBM...
2026-03-19 13:20:53 |   ✓ LGBM: R²=0.7986, MSE=0.3409, MAE=0.4676, RMSE=0.5838
2026-03-19 13:20:53 |   Training NN...
2026-03-19 13:21:00 |   ✓ NN: R²=0.5536, MSE=0.3465, MAE=0.4574, RMSE=0.5886
2026-03-19 13:21:00 | 
[Dataset 6/6] Training models for mixed_conf_f10_s1000_p50
2026-03-19 13:21:00 |   Training LGBM...
2026-03-19 13:21:25 |   ✓ LGBM: R²=0.9091, MSE=0.5936, MAE=0.5884, RMSE=0.7704
2026-03-19 13:21:25 |   Training NN...
2026-03-19 13:21:31 |   ✓ NN: R²=0.5580, MSE=0.3296, MAE=0.4447, RMSE=0.5741
2026-03-19 13:21:31 | 
================================================================================
2026-03-19 13:21:31 | Step 4 Complete: Models trained for 6 datasets
2026-03-19 13:21:31 | ================================================================================

2026-03-19 13:21:31 | ================================================================================
2026-03-19 13:21:31 | STEP 5: CALCULATING SHAPLEY VALUES
2026-03-19 13:21:31 | ================================================================================
2026-03-19 13:21:31 | 
[Dataset 1/6] Processing linear_no_conf_f10_s1000_p50
2026-03-19 13:21:31 |   [Progress: TrueShapley] Calculating ground truth...
2026-03-19 13:21:34 |   ✓ TrueShapley completed
2026-03-19 13:21:34 |   [Progress: 1/14] LGBM - ShapleyFromScratch
2026-03-19 13:22:01 |   [Progress: 2/14] LGBM + PC - AsymmetricShapley
2026-03-19 13:22:29 |   [Progress: 3/14] LGBM + PC - CausalShapley
2026-03-19 13:26:04 |   [Progress: 4/14] LGBM + PC - ShapleyFlow
2026-03-19 13:27:06 |   [Progress: 5/14] LGBM + LINGAM - AsymmetricShapley
2026-03-19 13:27:34 |   [Progress: 6/14] LGBM + LINGAM - CausalShapley
2026-03-19 13:34:18 |   [Progress: 7/14] LGBM + LINGAM - ShapleyFlow
2026-03-19 13:48:40 |   [Progress: 8/14] NN - ShapleyFromScratch
2026-03-19 13:48:50 |   [Progress: 9/14] NN + PC - AsymmetricShapley
2026-03-19 13:49:00 |   [Progress: 10/14] NN + PC - CausalShapley
2026-03-19 13:52:08 |   [Progress: 11/14] NN + PC - ShapleyFlow
2026-03-19 13:52:15 |   [Progress: 12/14] NN + LINGAM - AsymmetricShapley
2026-03-19 13:52:25 |   [Progress: 13/14] NN + LINGAM - CausalShapley
2026-03-19 13:58:36 |   [Progress: 14/14] NN + LINGAM - ShapleyFlow
2026-03-19 14:00:26 |   ✓ Completed linear_no_conf_f10_s1000_p50 in 38.9 minutes
2026-03-19 14:00:26 | 
[Dataset 2/6] Processing linear_conf_f10_s1000_p50
2026-03-19 14:00:26 |   [Progress: TrueShapley] Calculating ground truth...
2026-03-19 14:00:29 |   ✓ TrueShapley completed
2026-03-19 14:00:29 |   [Progress: 1/14] LGBM - ShapleyFromScratch
2026-03-19 14:01:07 |   [Progress: 2/14] LGBM + PC - AsymmetricShapley
2026-03-19 14:01:46 |   [Progress: 3/14] LGBM + PC - CausalShapley
2026-03-19 14:04:38 |   [Progress: 4/14] LGBM + PC - ShapleyFlow
2026-03-19 14:05:58 |   [Progress: 5/14] LGBM + LINGAM - AsymmetricShapley
2026-03-19 14:06:39 |   [Progress: 6/14] LGBM + LINGAM - CausalShapley
2026-03-19 14:13:43 |   [Progress: 7/14] LGBM + LINGAM - ShapleyFlow
2026-03-19 14:16:23 |   [Progress: 8/14] NN - ShapleyFromScratch
2026-03-19 14:16:28 |   [Progress: 9/14] NN + PC - AsymmetricShapley
2026-03-19 14:16:33 |   [Progress: 10/14] NN + PC - CausalShapley
2026-03-19 14:18:54 |   [Progress: 11/14] NN + PC - ShapleyFlow
2026-03-19 14:19:03 |   [Progress: 12/14] NN + LINGAM - AsymmetricShapley
2026-03-19 14:19:08 |   [Progress: 13/14] NN + LINGAM - CausalShapley
2026-03-19 14:25:32 |   [Progress: 14/14] NN + LINGAM - ShapleyFlow
2026-03-19 14:25:52 |   ✓ Completed linear_conf_f10_s1000_p50 in 25.4 minutes
2026-03-19 14:25:52 | 
[Dataset 3/6] Processing nonlinear_no_conf_f10_s1000_p50
2026-03-19 14:25:52 |   [Progress: TrueShapley] Calculating ground truth...
2026-03-19 14:25:55 |   ✓ TrueShapley completed
2026-03-19 14:25:55 |   [Progress: 1/14] LGBM - ShapleyFromScratch
2026-03-19 14:26:20 |   [Progress: 2/14] LGBM + PC - AsymmetricShapley
2026-03-19 14:26:46 |   [Progress: 3/14] LGBM + PC - CausalShapley
2026-03-19 14:32:08 |   [Progress: 4/14] LGBM + PC - ShapleyFlow
2026-03-19 14:37:15 |   [Progress: 5/14] LGBM + LINGAM - AsymmetricShapley
2026-03-19 14:37:39 |   [Progress: 6/14] LGBM + LINGAM - CausalShapley
2026-03-19 14:42:23 |   [Progress: 7/14] LGBM + LINGAM - ShapleyFlow
2026-03-19 14:50:33 |   [Progress: 8/14] NN - ShapleyFromScratch
2026-03-19 14:50:37 |   [Progress: 9/14] NN + PC - AsymmetricShapley
2026-03-19 14:50:42 |   [Progress: 10/14] NN + PC - CausalShapley
2026-03-19 14:55:45 |   [Progress: 11/14] NN + PC - ShapleyFlow
2026-03-19 14:56:22 |   [Progress: 12/14] NN + LINGAM - AsymmetricShapley
2026-03-19 14:56:26 |   [Progress: 13/14] NN + LINGAM - CausalShapley
2026-03-19 15:00:54 |   [Progress: 14/14] NN + LINGAM - ShapleyFlow
2026-03-19 15:01:51 |   ✓ Completed nonlinear_no_conf_f10_s1000_p50 in 36.0 minutes
2026-03-19 15:01:51 | 
[Dataset 4/6] Processing nonlinear_conf_f10_s1000_p50
2026-03-19 15:01:51 |   [Progress: TrueShapley] Calculating ground truth...
2026-03-19 15:01:54 |   ✓ TrueShapley completed
2026-03-19 15:01:54 |   [Progress: 1/14] LGBM - ShapleyFromScratch
2026-03-19 15:02:39 |   [Progress: 2/14] LGBM + PC - AsymmetricShapley
2026-03-19 15:03:22 |   [Progress: 3/14] LGBM + PC - CausalShapley
2026-03-19 15:07:02 |   [Progress: 4/14] LGBM + PC - ShapleyFlow
2026-03-19 15:08:58 |   [Progress: 5/14] LGBM + LINGAM - AsymmetricShapley
2026-03-19 15:09:41 |   [Progress: 6/14] LGBM + LINGAM - CausalShapley
2026-03-19 15:14:17 |   [Progress: 7/14] LGBM + LINGAM - ShapleyFlow
2026-03-19 15:15:42 |   [Progress: 8/14] NN - ShapleyFromScratch
2026-03-19 15:15:49 |   [Progress: 9/14] NN + PC - AsymmetricShapley
2026-03-19 15:15:56 |   [Progress: 10/14] NN + PC - CausalShapley
2026-03-19 15:19:01 |   [Progress: 11/14] NN + PC - ShapleyFlow
2026-03-19 15:19:17 |   [Progress: 12/14] NN + LINGAM - AsymmetricShapley
2026-03-19 15:19:24 |   [Progress: 13/14] NN + LINGAM - CausalShapley
2026-03-19 15:23:31 |   [Progress: 14/14] NN + LINGAM - ShapleyFlow
2026-03-19 15:23:43 |   ✓ Completed nonlinear_conf_f10_s1000_p50 in 21.9 minutes
2026-03-19 15:23:43 | 
[Dataset 5/6] Processing mixed_no_conf_f10_s1000_p50
2026-03-19 15:23:43 |   [Progress: TrueShapley] Calculating ground truth...
2026-03-19 15:23:46 |   ✓ TrueShapley completed
2026-03-19 15:23:46 |   [Progress: 1/14] LGBM - ShapleyFromScratch
2026-03-19 15:24:21 |   [Progress: 2/14] LGBM + PC - AsymmetricShapley
2026-03-19 15:24:55 |   [Progress: 3/14] LGBM + PC - CausalShapley
2026-03-19 15:32:12 |   [Progress: 4/14] LGBM + PC - ShapleyFlow
2026-03-19 15:33:53 |   [Progress: 5/14] LGBM + LINGAM - AsymmetricShapley
2026-03-19 15:34:28 |   [Progress: 6/14] LGBM + LINGAM - CausalShapley
2026-03-19 15:36:20 |   [Progress: 7/14] LGBM + LINGAM - ShapleyFlow
2026-03-19 15:36:28 |   [Progress: 8/14] NN - ShapleyFromScratch
2026-03-19 15:36:38 |   [Progress: 9/14] NN + PC - AsymmetricShapley
2026-03-19 15:36:47 |   [Progress: 10/14] NN + PC - CausalShapley
2026-03-19 15:43:33 |   [Progress: 11/14] NN + PC - ShapleyFlow
2026-03-19 15:43:47 |   [Progress: 12/14] NN + LINGAM - AsymmetricShapley
2026-03-19 15:43:56 |   [Progress: 13/14] NN + LINGAM - CausalShapley
2026-03-19 15:45:25 |   [Progress: 14/14] NN + LINGAM - ShapleyFlow
2026-03-19 15:45:26 |   ✓ Completed mixed_no_conf_f10_s1000_p50 in 21.7 minutes
2026-03-19 15:45:26 | 
[Dataset 6/6] Processing mixed_conf_f10_s1000_p50
2026-03-19 15:45:26 |   [Progress: TrueShapley] Calculating ground truth...
2026-03-19 15:45:30 |   ✓ TrueShapley completed
2026-03-19 15:45:30 |   [Progress: 1/14] LGBM - ShapleyFromScratch
2026-03-19 15:46:30 |   [Progress: 2/14] LGBM + PC - AsymmetricShapley
2026-03-19 15:47:30 |   [Progress: 3/14] LGBM + PC - CausalShapley
2026-03-19 15:52:01 |   [Progress: 4/14] LGBM + PC - ShapleyFlow
2026-03-19 15:54:08 |   [Progress: 5/14] LGBM + LINGAM - AsymmetricShapley
2026-03-19 15:55:10 |   [Progress: 6/14] LGBM + LINGAM - CausalShapley
2026-03-19 15:58:18 |   [Progress: 7/14] LGBM + LINGAM - ShapleyFlow
2026-03-19 16:01:48 |   [Progress: 8/14] NN - ShapleyFromScratch
2026-03-19 16:01:58 |   [Progress: 9/14] NN + PC - AsymmetricShapley
2026-03-19 16:02:07 |   [Progress: 10/14] NN + PC - CausalShapley
2026-03-19 16:05:58 |   [Progress: 11/14] NN + PC - ShapleyFlow
2026-03-19 16:06:14 |   [Progress: 12/14] NN + LINGAM - AsymmetricShapley
2026-03-19 16:06:24 |   [Progress: 13/14] NN + LINGAM - CausalShapley
2026-03-19 16:08:52 |   [Progress: 14/14] NN + LINGAM - ShapleyFlow
2026-03-19 16:09:17 |   ✓ Completed mixed_conf_f10_s1000_p50 in 23.8 minutes
2026-03-19 16:09:17 | 
================================================================================
2026-03-19 16:09:17 | Step 5 Complete: Shapley values calculated for all combinations
2026-03-19 16:09:17 | ================================================================================

2026-03-19 16:09:17 | 
================================================================================
2026-03-19 16:09:17 | PIPELINE COMPLETED SUCCESSFULLY!
2026-03-19 16:09:17 | ================================================================================
2026-03-19 16:09:17 | 
Total execution time: 170.4 minutes (2.84 hours)
2026-03-19 16:09:17 | 
Results saved in:
2026-03-19 16:09:17 |   - Synthetic data: /Users/juanrios/Documents/master_thesis/data/synthetic
2026-03-19 16:09:17 |   - Processed data: /Users/juanrios/Documents/master_thesis/data/processed
2026-03-19 16:09:17 |   - Causal discovery: /Users/juanrios/Documents/master_thesis/data/causal
2026-03-19 16:09:17 |   - Models: /Users/juanrios/Documents/master_thesis/models
2026-03-19 16:09:17 |   - Explainability: /Users/juanrios/Documents/master_thesis/data/explainability
2026-03-19 16:09:17 |   - Logs: /Users/juanrios/Documents/master_thesis/logs
2026-03-19 16:09:17 | 
================================================================================

