2026-04-06 11:27:00 | Log file: /Users/juanrios/Documents/master_thesis/logs/pipeline_20260406_112700.log
2026-04-06 11:27:00 | 
================================================================================
2026-04-06 11:27:00 | EXPERIMENTAL PIPELINE: CAUSAL FEATURE IMPORTANCE COMPARISON
2026-04-06 11:27:00 | ================================================================================
2026-04-06 11:27:00 | 
================================================================================
2026-04-06 11:27:00 | CONFIGURATION PARAMETERS
2026-04-06 11:27:00 | ================================================================================
2026-04-06 11:27:00 | 
1. DATASET PARAMETERS:
2026-04-06 11:27:00 |    - N_FEATURES: 50
2026-04-06 11:27:00 |    - N_SAMPLES: 1000
2026-04-06 11:27:00 |    - Y_PARENTS_RATIO: 0.5
2026-04-06 11:27:00 |    - NOISE_STD: 0.5
2026-04-06 11:27:00 |    - EDGE_PROBABILITY: 0.2
2026-04-06 11:27:00 |    - MIN_CONNECTED_EDGES: 2
2026-04-06 11:27:00 |    - RANDOM_STATE: 42
2026-04-06 11:27:00 | 
2. MODEL TRAINING PARAMETERS:
2026-04-06 11:27:00 |    - TEST_SIZE: 0.2
2026-04-06 11:27:00 |    - BACKGROUND_RATIO: 0.3
2026-04-06 11:27:00 |    - TEST_INSTANCES_RATIO: 0.5
2026-04-06 11:27:00 | 
3. EXPLAINABILITY PARAMETERS:
2026-04-06 11:27:00 |    - N_SHAPLEY_SAMPLES: 50
2026-04-06 11:27:00 |    - M_INNER_SAMPLES_CAUSAL: 10
2026-04-06 11:27:00 | 
4. CAUSAL DISCOVERY PARAMETERS:
2026-04-06 11:27:00 |    - LINGAM_ALPHA: 0.01
2026-04-06 11:27:00 |    - PC_ALPHA: 0.01
2026-04-06 11:27:00 |    - INDEP_TEST: fisherz
2026-04-06 11:27:00 | 
5. TARGET CONFIGURATION:
2026-04-06 11:27:00 |    - TARGET_DATASET: mixed_conf_f50_s1000_p50
2026-04-06 11:27:00 |    - MODEL: LGBM (only)
2026-04-06 11:27:00 | 
6. DIRECTORIES:
2026-04-06 11:27:00 |    - BASE_DIR: /Users/juanrios/Documents/master_thesis
2026-04-06 11:27:00 |    - SYNTHETIC_DIR: /Users/juanrios/Documents/master_thesis/data/synthetic
2026-04-06 11:27:00 |    - PROCESSED_DIR: /Users/juanrios/Documents/master_thesis/data/processed
2026-04-06 11:27:00 |    - CAUSAL_DIR: /Users/juanrios/Documents/master_thesis/data/causal
2026-04-06 11:27:00 |    - EXPLAINABILITY_DIR: /Users/juanrios/Documents/master_thesis/data/explainability
2026-04-06 11:27:00 |    - MODELS_DIR: /Users/juanrios/Documents/master_thesis/models
2026-04-06 11:27:00 |    - LOGS_DIR: /Users/juanrios/Documents/master_thesis/logs
2026-04-06 11:27:00 | 
================================================================================

2026-04-06 11:27:00 | ================================================================================
2026-04-06 11:27:00 | STEP 1: GENERATING SYNTHETIC DATASETS
2026-04-06 11:27:00 | ================================================================================
2026-04-06 11:27:00 | 
[Dataset 1/6] Generating linear system without confounders
2026-04-06 11:27:00 |   ✓ Saved: linear_no_conf_f50_s1000_p50 | Features: 50, Samples: 1000, Y parents: 25, Edges: 291, Confounders: 0
2026-04-06 11:27:00 | 
[Dataset 2/6] Generating linear system with confounders
2026-04-06 11:27:00 |   ✓ Saved: linear_conf_f50_s1000_p50 | Features: 50, Samples: 1000, Y parents: 25, Edges: 291, Confounders: 5
2026-04-06 11:27:00 | 
[Dataset 3/6] Generating nonlinear system without confounders
2026-04-06 11:27:00 |   ✓ Saved: nonlinear_no_conf_f50_s1000_p50 | Features: 50, Samples: 1000, Y parents: 25, Edges: 291, Confounders: 0
2026-04-06 11:27:00 | 
[Dataset 4/6] Generating nonlinear system with confounders
2026-04-06 11:27:00 |   ✓ Saved: nonlinear_conf_f50_s1000_p50 | Features: 50, Samples: 1000, Y parents: 25, Edges: 291, Confounders: 5
2026-04-06 11:27:00 | 
[Dataset 5/6] Generating mixed system without confounders
2026-04-06 11:27:00 |   ✓ Saved: mixed_no_conf_f50_s1000_p50 | Features: 50, Samples: 1000, Y parents: 25, Edges: 291, Confounders: 0
2026-04-06 11:27:00 | 
[Dataset 6/6] Generating mixed system with confounders
2026-04-06 11:27:00 |   ✓ Saved: mixed_conf_f50_s1000_p50 | Features: 50, Samples: 1000, Y parents: 25, Edges: 291, Confounders: 5
2026-04-06 11:27:00 | 
================================================================================
2026-04-06 11:27:00 | Step 1 Complete: 6 datasets generated
2026-04-06 11:27:00 | ================================================================================

2026-04-06 11:27:00 | ================================================================================
2026-04-06 11:27:00 | STEP 2: CREATING TRAIN/TEST SPLITS
2026-04-06 11:27:00 | ================================================================================
2026-04-06 11:27:00 | 
[Dataset 1/6] Processing linear_no_conf_f50_s1000_p50...
2026-04-06 11:27:00 |   ✓ Train: (800, 51), Test: (200, 51)
2026-04-06 11:27:00 | 
[Dataset 2/6] Processing linear_conf_f50_s1000_p50...
2026-04-06 11:27:00 |   ✓ Train: (800, 51), Test: (200, 51)
2026-04-06 11:27:00 | 
[Dataset 3/6] Processing nonlinear_no_conf_f50_s1000_p50...
2026-04-06 11:27:00 |   ✓ Train: (800, 51), Test: (200, 51)
2026-04-06 11:27:00 | 
[Dataset 4/6] Processing nonlinear_conf_f50_s1000_p50...
2026-04-06 11:27:00 |   ✓ Train: (800, 51), Test: (200, 51)
2026-04-06 11:27:00 | 
[Dataset 5/6] Processing mixed_no_conf_f50_s1000_p50...
2026-04-06 11:27:00 |   ✓ Train: (800, 51), Test: (200, 51)
2026-04-06 11:27:00 | 
[Dataset 6/6] Processing mixed_conf_f50_s1000_p50...
2026-04-06 11:27:00 |   ✓ Train: (800, 51), Test: (200, 51)
2026-04-06 11:27:00 | 
================================================================================
2026-04-06 11:27:00 | Step 2 Complete: Train/test splits created for 6 datasets
2026-04-06 11:27:00 | ================================================================================

2026-04-06 11:27:00 | ================================================================================
2026-04-06 11:27:00 | STEP 3: RUNNING CAUSAL DISCOVERY
2026-04-06 11:27:00 | ================================================================================
2026-04-06 11:27:00 | 
[Dataset 1/6] Processing linear_no_conf_f50_s1000_p50
2026-04-06 11:27:00 |   Running LiNGAM...
2026-04-06 11:27:06 |   Running PC...
2026-04-06 11:27:10 |   Extracting train adjacency matrices for Step 5...
2026-04-06 11:27:10 |   ✓ LINGAM: F1=0.282, Precision=0.240, Recall=0.340
2026-04-06 11:27:11 |   ✓ PC: F1=0.140, Precision=0.325, Recall=0.089
2026-04-06 11:27:11 | 
[Dataset 2/6] Processing linear_conf_f50_s1000_p50
2026-04-06 11:27:11 |   Running LiNGAM...
2026-04-06 11:27:17 |   Running PC...
2026-04-06 11:27:21 |   Extracting train adjacency matrices for Step 5...
2026-04-06 11:27:21 |   ✓ LINGAM: F1=0.222, Precision=0.188, Recall=0.271
2026-04-06 11:27:22 |   ✓ PC: F1=0.192, Precision=0.429, Recall=0.124
2026-04-06 11:27:23 | 
[Dataset 3/6] Processing nonlinear_no_conf_f50_s1000_p50
2026-04-06 11:27:23 |   Running LiNGAM...
2026-04-06 11:27:28 |   Running PC...
2026-04-06 11:27:31 |   Extracting train adjacency matrices for Step 5...
2026-04-06 11:27:31 |   ✓ LINGAM: F1=0.192, Precision=0.212, Recall=0.175
2026-04-06 11:27:32 |   ✓ PC: F1=0.131, Precision=0.278, Recall=0.086
2026-04-06 11:27:32 | 
[Dataset 4/6] Processing nonlinear_conf_f50_s1000_p50
2026-04-06 11:27:32 |   Running LiNGAM...
2026-04-06 11:27:45 |   Running PC...
2026-04-06 11:28:03 |   Extracting train adjacency matrices for Step 5...
2026-04-06 11:28:03 |   ✓ LINGAM: F1=0.196, Precision=0.236, Recall=0.168
2026-04-06 11:28:04 |   ✓ PC: F1=0.135, Precision=0.250, Recall=0.093
2026-04-06 11:28:05 | 
[Dataset 5/6] Processing mixed_no_conf_f50_s1000_p50
2026-04-06 11:28:05 |   Running LiNGAM...
2026-04-06 11:28:09 |   Running PC...
2026-04-06 11:28:09 |   Extracting train adjacency matrices for Step 5...
2026-04-06 11:28:09 |   ✓ LINGAM: F1=0.031, Precision=0.152, Recall=0.017
2026-04-06 11:28:10 |   ✓ PC: F1=0.059, Precision=0.562, Recall=0.031
2026-04-06 11:28:10 | 
[Dataset 6/6] Processing mixed_conf_f50_s1000_p50
2026-04-06 11:28:10 |   Running LiNGAM...
2026-04-06 11:28:17 |   Running PC...
2026-04-06 11:28:22 |   Extracting train adjacency matrices for Step 5...
2026-04-06 11:28:22 |   ✓ LINGAM: F1=0.154, Precision=0.181, Recall=0.134
2026-04-06 11:28:23 |   ✓ PC: F1=0.146, Precision=0.304, Recall=0.096
2026-04-06 11:28:24 | 
================================================================================
2026-04-06 11:28:24 | Step 3 Complete: Causal discovery completed for 6 datasets
2026-04-06 11:28:24 | ================================================================================

2026-04-06 11:28:24 | ================================================================================
2026-04-06 11:28:24 | STEP 4: TRAINING PREDICTIVE MODELS (LGBM only, mixed_conf_f50_s1000_p50 dataset)
2026-04-06 11:28:24 | ================================================================================
2026-04-06 11:28:24 | 
[Dataset 1/1] Training LGBM model for mixed_conf_f50_s1000_p50
2026-04-06 11:28:24 |   Training LGBM...
2026-04-06 11:28:36 |   ✓ LGBM: R²=0.7035, MSE=0.4095, MAE=0.5035, RMSE=0.6399
2026-04-06 11:28:36 | 
================================================================================
2026-04-06 11:28:36 | Step 4 Complete: LGBM model trained for mixed_conf_f50_s1000_p50
2026-04-06 11:28:36 | ================================================================================

2026-04-06 11:28:36 | ================================================================================
2026-04-06 11:28:36 | STEP 5: CALCULATING SHAPLEY VALUES (mixed_no_conf + LGBM only)
2026-04-06 11:28:36 | ================================================================================
2026-04-06 11:28:36 | 
[Dataset 1/1] Processing mixed_conf_f50_s1000_p50
2026-04-06 11:28:36 |   [Progress: 1/7] LGBM - ShapleyFromScratch
2026-04-06 11:31:11 |   [Progress: 2/7] LGBM + PC - ShapleyFlow
2026-04-06 11:31:11 |     → ShapleyFlowWrapper: 51 features, 92 edges, 10 sources
2026-04-06 11:31:11 |     → Computing Shapley Flow for 100 instances...
2026-04-06 11:31:11 |     → Instance 1/100
2026-04-06 11:31:11 |     → ShapleyFlow (Path Sampling): 92 edges, 10 sources
2026-04-06 11:31:11 |     → Sampling 100 paths/source × 50 trials
2026-04-06 11:31:11 | 
================================================================================
2026-04-06 11:31:11 | ERROR: Pipeline failed!
2026-04-06 11:31:11 | ================================================================================
2026-04-06 11:31:11 | Error message: unhashable type: 'list'
2026-04-06 11:31:11 | Traceback (most recent call last):
  File "/Users/juanrios/Documents/master_thesis/experimental_pipeline/experimental_pipeline.py", line 916, in main
    calculate_all_shapley_values(dataset_configs)
  File "/Users/juanrios/Documents/master_thesis/experimental_pipeline/experimental_pipeline.py", line 682, in calculate_all_shapley_values
    flow_values = flow_explainer.explain(test_instances_flow)
                  ^^^^^^^^^^^^^^^^^^^^^^^^^^^^^^^^^^^^^^^^^^^
  File "/Users/juanrios/Documents/master_thesis/explainability_models/shapley_values.py", line 1857, in explain
    edge_attrs = flow.compute(x_foreground,x_background)
                 ^^^^^^^^^^^^^^^^^^^^^^^^^^^^^^^^^^^^^^^
  File "/Users/juanrios/Documents/master_thesis/explainability_models/shapley_values.py", line 1618, in compute
    edge_marginals = self._evaluate_path_contribution(path_edges, x_foreground, x_background)
                     ^^^^^^^^^^^^^^^^^^^^^^^^^^^^^^^^^^^^^^^^^^^^^^^^^^^^^^^^^^^^^^^^^^^^^^^^
  File "/Users/juanrios/Documents/master_thesis/explainability_models/shapley_values.py", line 1484, in _evaluate_path_contribution
    current_value = self._evaluate_system(history, x_foreground, x_background)
                    ^^^^^^^^^^^^^^^^^^^^^^^^^^^^^^^^^^^^^^^^^^^^^^^^^^^^^^^^^^
  File "/Users/juanrios/Documents/master_thesis/explainability_models/shapley_values.py", line 1353, in _evaluate_system
    history_set = set(history)
                  ^^^^^^^^^^^^
TypeError: unhashable type: 'list'

