2026-04-06 11:33:45 | Log file: /Users/juanrios/Documents/master_thesis/logs/pipeline_20260406_113345.log
2026-04-06 11:33:45 | 
================================================================================
2026-04-06 11:33:45 | EXPERIMENTAL PIPELINE: CAUSAL FEATURE IMPORTANCE COMPARISON
2026-04-06 11:33:45 | ================================================================================
2026-04-06 11:33:45 | 
================================================================================
2026-04-06 11:33:45 | CONFIGURATION PARAMETERS
2026-04-06 11:33:45 | ================================================================================
2026-04-06 11:33:45 | 
1. DATASET PARAMETERS:
2026-04-06 11:33:45 |    - N_FEATURES: 50
2026-04-06 11:33:45 |    - N_SAMPLES: 1000
2026-04-06 11:33:45 |    - Y_PARENTS_RATIO: 0.5
2026-04-06 11:33:45 |    - NOISE_STD: 0.5
2026-04-06 11:33:45 |    - EDGE_PROBABILITY: 0.2
2026-04-06 11:33:45 |    - MIN_CONNECTED_EDGES: 2
2026-04-06 11:33:45 |    - RANDOM_STATE: 42
2026-04-06 11:33:45 | 
2. MODEL TRAINING PARAMETERS:
2026-04-06 11:33:45 |    - TEST_SIZE: 0.2
2026-04-06 11:33:45 |    - BACKGROUND_RATIO: 0.3
2026-04-06 11:33:45 |    - TEST_INSTANCES_RATIO: 0.5
2026-04-06 11:33:45 | 
3. EXPLAINABILITY PARAMETERS:
2026-04-06 11:33:45 |    - N_SHAPLEY_SAMPLES: 50
2026-04-06 11:33:45 |    - M_INNER_SAMPLES_CAUSAL: 10
2026-04-06 11:33:45 | 
4. CAUSAL DISCOVERY PARAMETERS:
2026-04-06 11:33:45 |    - LINGAM_ALPHA: 0.01
2026-04-06 11:33:45 |    - PC_ALPHA: 0.01
2026-04-06 11:33:45 |    - INDEP_TEST: fisherz
2026-04-06 11:33:45 | 
5. TARGET CONFIGURATION:
2026-04-06 11:33:45 |    - TARGET_DATASET: mixed_conf_f50_s1000_p50
2026-04-06 11:33:45 |    - MODEL: LGBM (only)
2026-04-06 11:33:45 | 
6. DIRECTORIES:
2026-04-06 11:33:45 |    - BASE_DIR: /Users/juanrios/Documents/master_thesis
2026-04-06 11:33:45 |    - SYNTHETIC_DIR: /Users/juanrios/Documents/master_thesis/data/synthetic
2026-04-06 11:33:45 |    - PROCESSED_DIR: /Users/juanrios/Documents/master_thesis/data/processed
2026-04-06 11:33:45 |    - CAUSAL_DIR: /Users/juanrios/Documents/master_thesis/data/causal
2026-04-06 11:33:45 |    - EXPLAINABILITY_DIR: /Users/juanrios/Documents/master_thesis/data/explainability
2026-04-06 11:33:45 |    - MODELS_DIR: /Users/juanrios/Documents/master_thesis/models
2026-04-06 11:33:45 |    - LOGS_DIR: /Users/juanrios/Documents/master_thesis/logs
2026-04-06 11:33:45 | 
================================================================================

2026-04-06 11:33:45 | ================================================================================
2026-04-06 11:33:45 | STEP 1: GENERATING SYNTHETIC DATASETS
2026-04-06 11:33:45 | ================================================================================
2026-04-06 11:33:45 | 
[Dataset 1/6] Generating linear system without confounders
2026-04-06 11:33:45 |   ✓ Saved: linear_no_conf_f50_s1000_p50 | Features: 50, Samples: 1000, Y parents: 25, Edges: 291, Confounders: 0
2026-04-06 11:33:45 | 
[Dataset 2/6] Generating linear system with confounders
2026-04-06 11:33:45 |   ✓ Saved: linear_conf_f50_s1000_p50 | Features: 50, Samples: 1000, Y parents: 25, Edges: 291, Confounders: 5
2026-04-06 11:33:45 | 
[Dataset 3/6] Generating nonlinear system without confounders
2026-04-06 11:33:45 |   ✓ Saved: nonlinear_no_conf_f50_s1000_p50 | Features: 50, Samples: 1000, Y parents: 25, Edges: 291, Confounders: 0
2026-04-06 11:33:45 | 
[Dataset 4/6] Generating nonlinear system with confounders
2026-04-06 11:33:45 |   ✓ Saved: nonlinear_conf_f50_s1000_p50 | Features: 50, Samples: 1000, Y parents: 25, Edges: 291, Confounders: 5
2026-04-06 11:33:45 | 
[Dataset 5/6] Generating mixed system without confounders
2026-04-06 11:33:45 |   ✓ Saved: mixed_no_conf_f50_s1000_p50 | Features: 50, Samples: 1000, Y parents: 25, Edges: 291, Confounders: 0
2026-04-06 11:33:45 | 
[Dataset 6/6] Generating mixed system with confounders
2026-04-06 11:33:45 |   ✓ Saved: mixed_conf_f50_s1000_p50 | Features: 50, Samples: 1000, Y parents: 25, Edges: 291, Confounders: 5
2026-04-06 11:33:45 | 
================================================================================
2026-04-06 11:33:45 | Step 1 Complete: 6 datasets generated
2026-04-06 11:33:45 | ================================================================================

2026-04-06 11:33:45 | ================================================================================
2026-04-06 11:33:45 | STEP 2: CREATING TRAIN/TEST SPLITS
2026-04-06 11:33:45 | ================================================================================
2026-04-06 11:33:45 | 
[Dataset 1/6] Processing linear_no_conf_f50_s1000_p50...
2026-04-06 11:33:45 |   ✓ Train: (800, 51), Test: (200, 51)
2026-04-06 11:33:45 | 
[Dataset 2/6] Processing linear_conf_f50_s1000_p50...
2026-04-06 11:33:45 |   ✓ Train: (800, 51), Test: (200, 51)
2026-04-06 11:33:45 | 
[Dataset 3/6] Processing nonlinear_no_conf_f50_s1000_p50...
2026-04-06 11:33:45 |   ✓ Train: (800, 51), Test: (200, 51)
2026-04-06 11:33:45 | 
[Dataset 4/6] Processing nonlinear_conf_f50_s1000_p50...
2026-04-06 11:33:45 |   ✓ Train: (800, 51), Test: (200, 51)
2026-04-06 11:33:45 | 
[Dataset 5/6] Processing mixed_no_conf_f50_s1000_p50...
2026-04-06 11:33:45 |   ✓ Train: (800, 51), Test: (200, 51)
2026-04-06 11:33:45 | 
[Dataset 6/6] Processing mixed_conf_f50_s1000_p50...
2026-04-06 11:33:45 |   ✓ Train: (800, 51), Test: (200, 51)
2026-04-06 11:33:45 | 
================================================================================
2026-04-06 11:33:45 | Step 2 Complete: Train/test splits created for 6 datasets
2026-04-06 11:33:45 | ================================================================================

2026-04-06 11:33:45 | ================================================================================
2026-04-06 11:33:45 | STEP 3: RUNNING CAUSAL DISCOVERY
2026-04-06 11:33:45 | ================================================================================
2026-04-06 11:33:45 | 
[Dataset 1/6] Processing linear_no_conf_f50_s1000_p50
2026-04-06 11:33:45 |   Running LiNGAM...
2026-04-06 11:33:51 |   Running PC...
2026-04-06 11:33:56 |   Extracting train adjacency matrices for Step 5...
2026-04-06 11:33:56 |   ✓ LINGAM: F1=0.282, Precision=0.240, Recall=0.340
2026-04-06 11:33:57 |   ✓ PC: F1=0.140, Precision=0.325, Recall=0.089
2026-04-06 11:33:57 | 
[Dataset 2/6] Processing linear_conf_f50_s1000_p50
2026-04-06 11:33:57 |   Running LiNGAM...
2026-04-06 11:34:03 |   Running PC...
2026-04-06 11:34:07 |   Extracting train adjacency matrices for Step 5...
2026-04-06 11:34:07 |   ✓ LINGAM: F1=0.222, Precision=0.188, Recall=0.271
2026-04-06 11:34:08 |   ✓ PC: F1=0.192, Precision=0.429, Recall=0.124
2026-04-06 11:34:09 | 
[Dataset 3/6] Processing nonlinear_no_conf_f50_s1000_p50
2026-04-06 11:34:09 |   Running LiNGAM...
2026-04-06 11:34:15 |   Running PC...
2026-04-06 11:34:17 |   Extracting train adjacency matrices for Step 5...
2026-04-06 11:34:17 |   ✓ LINGAM: F1=0.192, Precision=0.212, Recall=0.175
2026-04-06 11:34:18 |   ✓ PC: F1=0.131, Precision=0.278, Recall=0.086
2026-04-06 11:34:19 | 
[Dataset 4/6] Processing nonlinear_conf_f50_s1000_p50
2026-04-06 11:34:19 |   Running LiNGAM...
2026-04-06 11:34:32 |   Running PC...
2026-04-06 11:34:50 |   Extracting train adjacency matrices for Step 5...
2026-04-06 11:34:50 |   ✓ LINGAM: F1=0.196, Precision=0.236, Recall=0.168
2026-04-06 11:34:51 |   ✓ PC: F1=0.135, Precision=0.250, Recall=0.093
2026-04-06 11:34:52 | 
[Dataset 5/6] Processing mixed_no_conf_f50_s1000_p50
2026-04-06 11:34:52 |   Running LiNGAM...
2026-04-06 11:34:56 |   Running PC...
2026-04-06 11:34:57 |   Extracting train adjacency matrices for Step 5...
2026-04-06 11:34:57 |   ✓ LINGAM: F1=0.031, Precision=0.152, Recall=0.017
2026-04-06 11:34:57 |   ✓ PC: F1=0.059, Precision=0.562, Recall=0.031
2026-04-06 11:34:58 | 
[Dataset 6/6] Processing mixed_conf_f50_s1000_p50
2026-04-06 11:34:58 |   Running LiNGAM...
2026-04-06 11:35:05 |   Running PC...
2026-04-06 11:35:10 |   Extracting train adjacency matrices for Step 5...
2026-04-06 11:35:10 |   ✓ LINGAM: F1=0.154, Precision=0.181, Recall=0.134
