2026-04-04 12:04:31 | Log file: /Users/juanrios/Documents/master_thesis/logs/pipeline_20260404_120431.log
2026-04-04 12:04:31 | 
================================================================================
2026-04-04 12:04:31 | EXPERIMENTAL PIPELINE: CAUSAL FEATURE IMPORTANCE COMPARISON
2026-04-04 12:04:31 | ================================================================================
2026-04-04 12:04:31 | 
================================================================================
2026-04-04 12:04:31 | CONFIGURATION PARAMETERS
2026-04-04 12:04:31 | ================================================================================
2026-04-04 12:04:31 | 
1. DATASET PARAMETERS:
2026-04-04 12:04:31 |    - N_FEATURES: 50
2026-04-04 12:04:31 |    - N_SAMPLES: 1000
2026-04-04 12:04:31 |    - Y_PARENTS_RATIO: 0.5
2026-04-04 12:04:31 |    - NOISE_STD: 0.5
2026-04-04 12:04:31 |    - EDGE_PROBABILITY: 0.2
2026-04-04 12:04:31 |    - MIN_CONNECTED_EDGES: 2
2026-04-04 12:04:31 |    - RANDOM_STATE: 42
2026-04-04 12:04:31 | 
2. MODEL TRAINING PARAMETERS:
2026-04-04 12:04:31 |    - TEST_SIZE: 0.2
2026-04-04 12:04:31 |    - BACKGROUND_RATIO: 0.3
2026-04-04 12:04:31 |    - TEST_INSTANCES_RATIO: 0.5
2026-04-04 12:04:31 | 
3. EXPLAINABILITY PARAMETERS:
2026-04-04 12:04:31 |    - N_SHAPLEY_SAMPLES: 100
2026-04-04 12:04:31 |    - M_INNER_SAMPLES_CAUSAL: 10
2026-04-04 12:04:31 | 
4. CAUSAL DISCOVERY PARAMETERS:
2026-04-04 12:04:31 |    - LINGAM_ALPHA: 0.05
2026-04-04 12:04:31 |    - PC_ALPHA: 0.05
2026-04-04 12:04:31 |    - INDEP_TEST: fisherz
2026-04-04 12:04:31 | 
5. TARGET CONFIGURATION:
2026-04-04 12:04:31 |    - TARGET_DATASET: mixed_conf_f50_s1000_p50
2026-04-04 12:04:31 |    - MODEL: LGBM (only)
2026-04-04 12:04:31 | 
6. DIRECTORIES:
2026-04-04 12:04:31 |    - BASE_DIR: /Users/juanrios/Documents/master_thesis
2026-04-04 12:04:31 |    - SYNTHETIC_DIR: /Users/juanrios/Documents/master_thesis/data/synthetic
2026-04-04 12:04:31 |    - PROCESSED_DIR: /Users/juanrios/Documents/master_thesis/data/processed
2026-04-04 12:04:31 |    - CAUSAL_DIR: /Users/juanrios/Documents/master_thesis/data/causal
2026-04-04 12:04:31 |    - EXPLAINABILITY_DIR: /Users/juanrios/Documents/master_thesis/data/explainability
2026-04-04 12:04:31 |    - MODELS_DIR: /Users/juanrios/Documents/master_thesis/models
2026-04-04 12:04:31 |    - LOGS_DIR: /Users/juanrios/Documents/master_thesis/logs
2026-04-04 12:04:31 | 
================================================================================

2026-04-04 12:04:31 | ================================================================================
2026-04-04 12:04:31 | STEP 1: GENERATING SYNTHETIC DATASETS
2026-04-04 12:04:31 | ================================================================================
2026-04-04 12:04:31 | 
[Dataset 1/6] Generating linear system without confounders
2026-04-04 12:04:31 |   ✓ Saved: linear_no_conf_f50_s1000_p50 | Features: 50, Samples: 1000, Y parents: 25, Edges: 291, Confounders: 0
2026-04-04 12:04:31 | 
[Dataset 2/6] Generating linear system with confounders
2026-04-04 12:04:32 |   ✓ Saved: linear_conf_f50_s1000_p50 | Features: 50, Samples: 1000, Y parents: 25, Edges: 291, Confounders: 5
2026-04-04 12:04:32 | 
[Dataset 3/6] Generating nonlinear system without confounders
2026-04-04 12:04:32 |   ✓ Saved: nonlinear_no_conf_f50_s1000_p50 | Features: 50, Samples: 1000, Y parents: 25, Edges: 291, Confounders: 0
2026-04-04 12:04:32 | 
[Dataset 4/6] Generating nonlinear system with confounders
2026-04-04 12:04:32 |   ✓ Saved: nonlinear_conf_f50_s1000_p50 | Features: 50, Samples: 1000, Y parents: 25, Edges: 291, Confounders: 5
2026-04-04 12:04:32 | 
[Dataset 5/6] Generating mixed system without confounders
2026-04-04 12:04:32 |   ✓ Saved: mixed_no_conf_f50_s1000_p50 | Features: 50, Samples: 1000, Y parents: 25, Edges: 291, Confounders: 0
2026-04-04 12:04:32 | 
[Dataset 6/6] Generating mixed system with confounders
2026-04-04 12:04:32 |   ✓ Saved: mixed_conf_f50_s1000_p50 | Features: 50, Samples: 1000, Y parents: 25, Edges: 291, Confounders: 5
2026-04-04 12:04:32 | 
================================================================================
2026-04-04 12:04:32 | Step 1 Complete: 6 datasets generated
2026-04-04 12:04:32 | ================================================================================

2026-04-04 12:04:32 | ================================================================================
2026-04-04 12:04:32 | STEP 2: CREATING TRAIN/TEST SPLITS
2026-04-04 12:04:32 | ================================================================================
2026-04-04 12:04:32 | 
[Dataset 1/6] Processing linear_no_conf_f50_s1000_p50...
2026-04-04 12:04:32 |   ✓ Train: (800, 51), Test: (200, 51)
2026-04-04 12:04:32 | 
[Dataset 2/6] Processing linear_conf_f50_s1000_p50...
2026-04-04 12:04:32 |   ✓ Train: (800, 51), Test: (200, 51)
2026-04-04 12:04:32 | 
[Dataset 3/6] Processing nonlinear_no_conf_f50_s1000_p50...
2026-04-04 12:04:32 |   ✓ Train: (800, 51), Test: (200, 51)
2026-04-04 12:04:32 | 
[Dataset 4/6] Processing nonlinear_conf_f50_s1000_p50...
2026-04-04 12:04:32 |   ✓ Train: (800, 51), Test: (200, 51)
2026-04-04 12:04:32 | 
[Dataset 5/6] Processing mixed_no_conf_f50_s1000_p50...
2026-04-04 12:04:32 |   ✓ Train: (800, 51), Test: (200, 51)
2026-04-04 12:04:32 | 
[Dataset 6/6] Processing mixed_conf_f50_s1000_p50...
2026-04-04 12:04:32 |   ✓ Train: (800, 51), Test: (200, 51)
2026-04-04 12:04:32 | 
================================================================================
2026-04-04 12:04:32 | Step 2 Complete: Train/test splits created for 6 datasets
2026-04-04 12:04:32 | ================================================================================

2026-04-04 12:04:32 | ================================================================================
2026-04-04 12:04:32 | STEP 3: RUNNING CAUSAL DISCOVERY
2026-04-04 12:04:32 | ================================================================================
2026-04-04 12:04:32 | 
[Dataset 1/6] Processing linear_no_conf_f50_s1000_p50
2026-04-04 12:04:32 |   Running LiNGAM...
2026-04-04 12:04:38 |   Running PC...
2026-04-04 12:04:44 |   Extracting train adjacency matrices for Step 5...
2026-04-04 12:04:44 |   ✓ LINGAM: F1=0.282, Precision=0.240, Recall=0.340
2026-04-04 12:04:45 |   ✓ PC: F1=0.313, Precision=0.399, Recall=0.258
2026-04-04 12:04:46 | 
[Dataset 2/6] Processing linear_conf_f50_s1000_p50
2026-04-04 12:04:46 |   Running LiNGAM...
2026-04-04 12:04:52 |   Running PC...
2026-04-04 12:04:57 |   Extracting train adjacency matrices for Step 5...
2026-04-04 12:04:57 |   ✓ LINGAM: F1=0.222, Precision=0.188, Recall=0.271
2026-04-04 12:04:58 |   ✓ PC: F1=0.313, Precision=0.415, Recall=0.251
2026-04-04 12:04:59 | 
[Dataset 3/6] Processing nonlinear_no_conf_f50_s1000_p50
2026-04-04 12:04:59 |   Running LiNGAM...
2026-04-04 12:05:05 |   Running PC...
2026-04-04 12:05:09 |   Extracting train adjacency matrices for Step 5...
2026-04-04 12:05:09 |   ✓ LINGAM: F1=0.192, Precision=0.212, Recall=0.175
2026-04-04 12:05:10 |   ✓ PC: F1=0.259, Precision=0.314, Recall=0.220
2026-04-04 12:05:11 | 
[Dataset 4/6] Processing nonlinear_conf_f50_s1000_p50
2026-04-04 12:05:11 |   Running LiNGAM...
2026-04-04 12:05:35 |   Running PC...
2026-04-04 12:06:13 |   Extracting train adjacency matrices for Step 5...
2026-04-04 12:06:13 |   ✓ LINGAM: F1=0.196, Precision=0.236, Recall=0.168
2026-04-04 12:06:14 |   ✓ PC: F1=0.224, Precision=0.246, Recall=0.206
2026-04-04 12:06:15 | 
[Dataset 5/6] Processing mixed_no_conf_f50_s1000_p50
2026-04-04 12:06:15 |   Running LiNGAM...
2026-04-04 12:06:20 |   Running PC...
2026-04-04 12:06:22 |   Extracting train adjacency matrices for Step 5...
2026-04-04 12:06:22 |   ✓ LINGAM: F1=0.031, Precision=0.152, Recall=0.017
2026-04-04 12:06:23 |   ✓ PC: F1=0.114, Precision=0.234, Recall=0.076
2026-04-04 12:06:23 | 
[Dataset 6/6] Processing mixed_conf_f50_s1000_p50
2026-04-04 12:06:23 |   Running LiNGAM...
2026-04-04 12:06:31 |   Running PC...
2026-04-04 12:06:39 |   Extracting train adjacency matrices for Step 5...
2026-04-04 12:06:39 |   ✓ LINGAM: F1=0.154, Precision=0.181, Recall=0.134
2026-04-04 12:06:40 |   ✓ PC: F1=0.199, Precision=0.236, Recall=0.172
2026-04-04 12:06:41 | 
================================================================================
2026-04-04 12:06:41 | Step 3 Complete: Causal discovery completed for 6 datasets
2026-04-04 12:06:41 | ================================================================================

2026-04-04 12:06:41 | ================================================================================
2026-04-04 12:06:41 | STEP 4: TRAINING PREDICTIVE MODELS (LGBM only, mixed_no_conf dataset)
2026-04-04 12:06:41 | ================================================================================
2026-04-04 12:06:41 | 
[Dataset 1/1] Training LGBM model for mixed_conf_f50_s1000_p50
2026-04-04 12:06:41 |   Training LGBM...
2026-04-04 12:06:52 |   ✓ LGBM: R²=0.7035, MSE=0.4095, MAE=0.5035, RMSE=0.6399
2026-04-04 12:06:52 | 
================================================================================
2026-04-04 12:06:52 | Step 4 Complete: LGBM model trained for mixed_conf_f50_s1000_p50
2026-04-04 12:06:52 | ================================================================================

2026-04-04 12:06:52 | ================================================================================
2026-04-04 12:06:52 | STEP 5: CALCULATING SHAPLEY VALUES (mixed_no_conf + LGBM only)
2026-04-04 12:06:52 | ================================================================================
2026-04-04 12:06:52 | 
[Dataset 1/1] Processing mixed_conf_f50_s1000_p50
2026-04-04 12:06:52 |   [Progress: 1/7] LGBM - ShapleyFromScratch
2026-04-04 12:11:49 |   [Progress: 2/7] LGBM + PC - AsymmetricShapley
2026-04-04 12:16:50 |   [Progress: 3/7] LGBM + PC - CausalShapley (SLOW - uses 10 inner samples)
2026-04-04 13:00:38 |   [Progress: 4/7] LGBM + PC - ShapleyFlow
