2026-04-16 02:36:28 | Log file: /Users/juanrios/Documents/master_thesis/logs/pipeline_20260416_023628.log
2026-04-16 02:36:28 | 
================================================================================
2026-04-16 02:36:28 | EXPERIMENTAL PIPELINE: CAUSAL FEATURE IMPORTANCE COMPARISON
2026-04-16 02:36:28 | ================================================================================
2026-04-16 02:36:28 | 
================================================================================
2026-04-16 02:36:28 | CONFIGURATION PARAMETERS
2026-04-16 02:36:28 | ================================================================================
2026-04-16 02:36:28 | 
1. DATASET PARAMETERS:
2026-04-16 02:36:28 |    - N_FEATURES: 50
2026-04-16 02:36:28 |    - N_SAMPLES: 1000
2026-04-16 02:36:28 |    - Y_PARENTS_RATIO: 0.5
2026-04-16 02:36:28 |    - NOISE_STD: 0.5
2026-04-16 02:36:28 |    - EDGE_PROBABILITY: 0.2
2026-04-16 02:36:28 |    - MIN_CONNECTED_EDGES: 2
2026-04-16 02:36:28 |    - RANDOM_STATE: 42
2026-04-16 02:36:28 | 
2. MODEL TRAINING PARAMETERS:
2026-04-16 02:36:28 |    - TEST_SIZE: 0.2
2026-04-16 02:36:28 |    - BACKGROUND_RATIO: 0.3
2026-04-16 02:36:28 |    - TEST_INSTANCES_RATIO: 0.5
2026-04-16 02:36:28 | 
3. EXPLAINABILITY PARAMETERS:
2026-04-16 02:36:28 |    - N_SHAPLEY_SAMPLES: 50
2026-04-16 02:36:28 |    - M_INNER_SAMPLES_CAUSAL: 10
2026-04-16 02:36:28 | 
4. CAUSAL DISCOVERY PARAMETERS:
2026-04-16 02:36:28 |    - LINGAM_ALPHA: 0.01
2026-04-16 02:36:28 |    - PC_ALPHA: 0.01
2026-04-16 02:36:28 |    - INDEP_TEST: fisherz
2026-04-16 02:36:28 | 
5. TARGET CONFIGURATION:
2026-04-16 02:36:28 |    - TARGET_DATASETS: ['mixed_conf_f50_s1000_p50', 'mixed_no_conf_f50_s1000_p50']
2026-04-16 02:36:28 |    - MODEL: LGBM (only)
2026-04-16 02:36:28 | 
6. DIRECTORIES:
2026-04-16 02:36:28 |    - BASE_DIR: /Users/juanrios/Documents/master_thesis
2026-04-16 02:36:28 |    - SYNTHETIC_DIR: /Users/juanrios/Documents/master_thesis/data/synthetic
2026-04-16 02:36:28 |    - PROCESSED_DIR: /Users/juanrios/Documents/master_thesis/data/processed
2026-04-16 02:36:28 |    - CAUSAL_DIR: /Users/juanrios/Documents/master_thesis/data/causal
2026-04-16 02:36:28 |    - EXPLAINABILITY_DIR: /Users/juanrios/Documents/master_thesis/data/explainability
2026-04-16 02:36:28 |    - MODELS_DIR: /Users/juanrios/Documents/master_thesis/models
2026-04-16 02:36:28 |    - LOGS_DIR: /Users/juanrios/Documents/master_thesis/logs
2026-04-16 02:36:28 | 
================================================================================

2026-04-16 02:36:28 | ================================================================================
2026-04-16 02:36:28 | STEP 1: GENERATING SYNTHETIC DATASETS
2026-04-16 02:36:28 | ================================================================================
2026-04-16 02:36:28 | 
[Dataset 1/6] Generating linear system without confounders
2026-04-16 02:36:28 |   ✓ Saved: linear_no_conf_f50_s1000_p50 | Features: 50, Samples: 1000, Y parents: 25, Edges: 291, Confounders: 0
2026-04-16 02:36:28 | 
[Dataset 2/6] Generating linear system with confounders
2026-04-16 02:36:28 |   ✓ Saved: linear_conf_f50_s1000_p50 | Features: 50, Samples: 1000, Y parents: 25, Edges: 291, Confounders: 5
2026-04-16 02:36:28 | 
[Dataset 3/6] Generating nonlinear system without confounders
2026-04-16 02:36:28 |   ✓ Saved: nonlinear_no_conf_f50_s1000_p50 | Features: 50, Samples: 1000, Y parents: 25, Edges: 291, Confounders: 0
2026-04-16 02:36:28 | 
[Dataset 4/6] Generating nonlinear system with confounders
2026-04-16 02:36:28 |   ✓ Saved: nonlinear_conf_f50_s1000_p50 | Features: 50, Samples: 1000, Y parents: 25, Edges: 291, Confounders: 5
2026-04-16 02:36:28 | 
[Dataset 5/6] Generating mixed system without confounders
2026-04-16 02:36:28 |   ✓ Saved: mixed_no_conf_f50_s1000_p50 | Features: 50, Samples: 1000, Y parents: 25, Edges: 291, Confounders: 0
2026-04-16 02:36:28 | 
[Dataset 6/6] Generating mixed system with confounders
2026-04-16 02:36:28 |   ✓ Saved: mixed_conf_f50_s1000_p50 | Features: 50, Samples: 1000, Y parents: 25, Edges: 291, Confounders: 5
2026-04-16 02:36:28 | 
================================================================================
2026-04-16 02:36:28 | Step 1 Complete: 6 datasets generated
2026-04-16 02:36:28 | ================================================================================

2026-04-16 02:36:28 | ================================================================================
2026-04-16 02:36:28 | STEP 5: CALCULATING SHAPLEY VALUES (2 datasets + LGBM only)
2026-04-16 02:36:28 | ================================================================================
2026-04-16 02:36:28 | 
[Dataset 1/2] Processing mixed_no_conf_f50_s1000_p50
2026-04-16 02:36:28 |   [Progress: 1/7] LGBM - ShapleyFromScratch
2026-04-16 02:36:28 | Starting ShapleyFromScratch computation for 100 instances
2026-04-16 02:36:28 | Using 50 samples per instance
2026-04-16 02:36:28 | Processing instance 1/100...
2026-04-16 02:36:29 | Processing instance 2/100...
2026-04-16 02:36:30 | Processing instance 3/100...
2026-04-16 02:36:31 | Processing instance 4/100...
2026-04-16 02:36:33 | Processing instance 5/100...
2026-04-16 02:36:34 | Processing instance 6/100...
2026-04-16 02:36:35 | Processing instance 7/100...
2026-04-16 02:36:36 | Processing instance 8/100...
2026-04-16 02:36:37 | Processing instance 9/100...
2026-04-16 02:36:39 | Processing instance 10/100...
2026-04-16 02:36:40 | Processing instance 11/100...
2026-04-16 02:36:41 | Processing instance 12/100...
2026-04-16 02:36:42 | Processing instance 13/100...
2026-04-16 02:36:44 | Processing instance 14/100...
2026-04-16 02:36:45 | Processing instance 15/100...
2026-04-16 02:36:46 | Processing instance 16/100...
2026-04-16 02:36:47 | Processing instance 17/100...
2026-04-16 02:36:48 | Processing instance 18/100...
2026-04-16 02:36:50 | Processing instance 19/100...
2026-04-16 02:36:51 | Processing instance 20/100...
2026-04-16 02:36:52 |   Completed 20/100 instances
2026-04-16 02:36:52 | Processing instance 21/100...
2026-04-16 02:36:53 | Processing instance 22/100...
2026-04-16 02:36:54 | Processing instance 23/100...
2026-04-16 02:36:56 | Processing instance 24/100...
2026-04-16 02:36:57 | Processing instance 25/100...
2026-04-16 02:36:58 | Processing instance 26/100...
2026-04-16 02:36:59 | Processing instance 27/100...
2026-04-16 02:37:01 | Processing instance 28/100...
2026-04-16 02:37:02 | Processing instance 29/100...
2026-04-16 02:37:03 | Processing instance 30/100...
2026-04-16 02:37:04 | Processing instance 31/100...
2026-04-16 02:37:06 | Processing instance 32/100...
2026-04-16 02:37:07 | Processing instance 33/100...
2026-04-16 02:37:08 | Processing instance 34/100...
2026-04-16 02:37:09 | Processing instance 35/100...
2026-04-16 02:37:10 | Processing instance 36/100...
2026-04-16 02:37:12 | Processing instance 37/100...
2026-04-16 02:37:13 | Processing instance 38/100...
2026-04-16 02:37:14 | Processing instance 39/100...
2026-04-16 02:37:16 | Processing instance 40/100...
2026-04-16 02:37:17 |   Completed 40/100 instances
2026-04-16 02:37:17 | Processing instance 41/100...
2026-04-16 02:37:18 | Processing instance 42/100...
2026-04-16 02:37:19 | Processing instance 43/100...
2026-04-16 02:37:20 | Processing instance 44/100...
2026-04-16 02:37:22 | Processing instance 45/100...
2026-04-16 02:37:23 | Processing instance 46/100...
2026-04-16 02:37:24 | Processing instance 47/100...
2026-04-16 02:37:25 | Processing instance 48/100...
2026-04-16 02:37:27 | Processing instance 49/100...
2026-04-16 02:37:28 | Processing instance 50/100...
2026-04-16 02:37:29 | Processing instance 51/100...
2026-04-16 02:37:30 | Processing instance 52/100...
2026-04-16 02:37:32 | Processing instance 53/100...
2026-04-16 02:37:33 | Processing instance 54/100...
2026-04-16 02:37:34 | Processing instance 55/100...
2026-04-16 02:37:35 | Processing instance 56/100...
2026-04-16 02:37:37 | Processing instance 57/100...
2026-04-16 02:37:38 | Processing instance 58/100...
2026-04-16 02:37:39 | Processing instance 59/100...
2026-04-16 02:37:40 | Processing instance 60/100...
2026-04-16 02:37:42 |   Completed 60/100 instances
2026-04-16 02:37:42 | Processing instance 61/100...
2026-04-16 02:37:43 | Processing instance 62/100...
2026-04-16 02:37:44 | Processing instance 63/100...
2026-04-16 02:37:45 | Processing instance 64/100...
2026-04-16 02:37:47 | Processing instance 65/100...
2026-04-16 02:37:48 | Processing instance 66/100...
2026-04-16 02:37:49 | Processing instance 67/100...
2026-04-16 02:37:50 | Processing instance 68/100...
2026-04-16 02:37:52 | Processing instance 69/100...
2026-04-16 02:37:53 | Processing instance 70/100...
2026-04-16 02:37:54 | Processing instance 71/100...
2026-04-16 02:37:55 | Processing instance 72/100...
2026-04-16 02:37:57 | Processing instance 73/100...
2026-04-16 02:37:58 | Processing instance 74/100...
2026-04-16 02:37:59 | Processing instance 75/100...
2026-04-16 02:38:01 | Processing instance 76/100...
2026-04-16 02:38:02 | Processing instance 77/100...
2026-04-16 02:38:03 | Processing instance 78/100...
2026-04-16 02:38:05 | Processing instance 79/100...
2026-04-16 02:38:06 | Processing instance 80/100...
2026-04-16 02:38:07 |   Completed 80/100 instances
2026-04-16 02:38:07 | Processing instance 81/100...
2026-04-16 02:38:09 | Processing instance 82/100...
2026-04-16 02:38:10 | Processing instance 83/100...
2026-04-16 02:38:11 | Processing instance 84/100...
2026-04-16 02:38:13 | Processing instance 85/100...
2026-04-16 02:38:14 | Processing instance 86/100...
2026-04-16 02:38:15 | Processing instance 87/100...
2026-04-16 02:38:16 | Processing instance 88/100...
2026-04-16 02:38:18 | Processing instance 89/100...
2026-04-16 02:38:19 | Processing instance 90/100...
2026-04-16 02:38:20 | Processing instance 91/100...
2026-04-16 02:38:22 | Processing instance 92/100...
2026-04-16 02:38:23 | Processing instance 93/100...
2026-04-16 02:38:24 | Processing instance 94/100...
2026-04-16 02:38:26 | Processing instance 95/100...
2026-04-16 02:38:27 | Processing instance 96/100...
2026-04-16 02:38:29 | Processing instance 97/100...
2026-04-16 02:38:30 | Processing instance 98/100...
2026-04-16 02:38:31 | Processing instance 99/100...
2026-04-16 02:38:32 | Processing instance 100/100...
2026-04-16 02:38:34 |   Completed 100/100 instances
2026-04-16 02:38:34 | Completed all 100 instances
2026-04-16 02:38:34 |   [Progress: 2/7] LGBM + PC - AsymmetricShapley
2026-04-16 02:38:34 |  Calculating asymmetric SHAP values using Frye method
2026-04-16 02:38:34 | Starting Path-based Asymmetric Shapley computation for 100 instances
2026-04-16 02:38:34 | Using 50 samples per instance
2026-04-16 02:38:34 | Processing instance 1/100...
2026-04-16 02:38:35 | Processing instance 2/100...
2026-04-16 02:38:36 | Processing instance 3/100...
2026-04-16 02:38:38 | Processing instance 4/100...
2026-04-16 02:38:39 | Processing instance 5/100...
2026-04-16 02:38:40 | Processing instance 6/100...
2026-04-16 02:38:41 | Processing instance 7/100...
2026-04-16 02:38:42 | Processing instance 8/100...
2026-04-16 02:38:44 | Processing instance 9/100...
2026-04-16 02:38:45 | Processing instance 10/100...
2026-04-16 02:38:46 | Processing instance 11/100...
2026-04-16 02:38:47 | Processing instance 12/100...
2026-04-16 02:38:49 | Processing instance 13/100...
2026-04-16 02:38:50 | Processing instance 14/100...
2026-04-16 02:38:51 | Processing instance 15/100...
2026-04-16 02:38:52 | Processing instance 16/100...
2026-04-16 02:38:53 | Processing instance 17/100...
2026-04-16 02:38:55 | Processing instance 18/100...
2026-04-16 02:38:56 | Processing instance 19/100...
2026-04-16 02:38:57 | Processing instance 20/100...
2026-04-16 02:38:58 |   Completed 20/100 instances
2026-04-16 02:38:58 | Processing instance 21/100...
2026-04-16 02:38:59 | Processing instance 22/100...
2026-04-16 02:39:01 | Processing instance 23/100...
2026-04-16 02:39:02 | Processing instance 24/100...
2026-04-16 02:39:03 | Processing instance 25/100...
2026-04-16 02:39:04 | Processing instance 26/100...
2026-04-16 02:39:06 | Processing instance 27/100...
2026-04-16 02:39:07 | Processing instance 28/100...
2026-04-16 02:39:08 | Processing instance 29/100...
2026-04-16 02:39:09 | Processing instance 30/100...
2026-04-16 02:39:11 | Processing instance 31/100...
2026-04-16 02:39:12 | Processing instance 32/100...
2026-04-16 02:39:13 | Processing instance 33/100...
2026-04-16 02:39:14 | Processing instance 34/100...
2026-04-16 02:39:15 | Processing instance 35/100...
2026-04-16 02:39:17 | Processing instance 36/100...
2026-04-16 02:39:18 | Processing instance 37/100...
2026-04-16 02:39:19 | Processing instance 38/100...
2026-04-16 02:39:20 | Processing instance 39/100...
2026-04-16 02:39:22 | Processing instance 40/100...
2026-04-16 02:39:23 |   Completed 40/100 instances
2026-04-16 02:39:23 | Processing instance 41/100...
2026-04-16 02:39:24 | Processing instance 42/100...
2026-04-16 02:39:25 | Processing instance 43/100...
2026-04-16 02:39:26 | Processing instance 44/100...
2026-04-16 02:39:28 | Processing instance 45/100...
2026-04-16 02:39:29 | Processing instance 46/100...
2026-04-16 02:39:30 | Processing instance 47/100...
2026-04-16 02:39:31 | Processing instance 48/100...
2026-04-16 02:39:32 | Processing instance 49/100...
2026-04-16 02:39:34 | Processing instance 50/100...
2026-04-16 02:39:35 | Processing instance 51/100...
2026-04-16 02:39:36 | Processing instance 52/100...
2026-04-16 02:39:37 | Processing instance 53/100...
2026-04-16 02:39:39 | Processing instance 54/100...
2026-04-16 02:39:40 | Processing instance 55/100...
2026-04-16 02:39:41 | Processing instance 56/100...
2026-04-16 02:39:42 | Processing instance 57/100...
2026-04-16 02:39:43 | Processing instance 58/100...
2026-04-16 02:39:45 | Processing instance 59/100...
2026-04-16 02:39:46 | Processing instance 60/100...
2026-04-16 02:39:47 |   Completed 60/100 instances
2026-04-16 02:39:47 | Processing instance 61/100...
2026-04-16 02:39:48 | Processing instance 62/100...
2026-04-16 02:39:50 | Processing instance 63/100...
2026-04-16 02:39:51 | Processing instance 64/100...
2026-04-16 02:39:52 | Processing instance 65/100...
2026-04-16 02:39:53 | Processing instance 66/100...
2026-04-16 02:39:54 | Processing instance 67/100...
2026-04-16 02:39:56 | Processing instance 68/100...
2026-04-16 02:39:57 | Processing instance 69/100...
2026-04-16 02:39:58 | Processing instance 70/100...
2026-04-16 02:39:59 | Processing instance 71/100...
2026-04-16 02:40:01 | Processing instance 72/100...
2026-04-16 02:40:02 | Processing instance 73/100...
2026-04-16 02:40:03 | Processing instance 74/100...
2026-04-16 02:40:04 | Processing instance 75/100...
2026-04-16 02:40:05 | Processing instance 76/100...
2026-04-16 02:40:07 | Processing instance 77/100...
2026-04-16 02:40:08 | Processing instance 78/100...
2026-04-16 02:40:09 | Processing instance 79/100...
2026-04-16 02:40:10 | Processing instance 80/100...
2026-04-16 02:40:11 |   Completed 80/100 instances
2026-04-16 02:40:11 | Processing instance 81/100...
2026-04-16 02:40:13 | Processing instance 82/100...
2026-04-16 02:40:14 | Processing instance 83/100...
2026-04-16 02:40:15 | Processing instance 84/100...
2026-04-16 02:40:16 | Processing instance 85/100...
2026-04-16 02:40:17 | Processing instance 86/100...
2026-04-16 02:40:19 | Processing instance 87/100...
2026-04-16 02:40:20 | Processing instance 88/100...
2026-04-16 02:40:21 | Processing instance 89/100...
2026-04-16 02:40:22 | Processing instance 90/100...
2026-04-16 02:40:23 | Processing instance 91/100...
2026-04-16 02:40:25 | Processing instance 92/100...
2026-04-16 02:40:26 | Processing instance 93/100...
2026-04-16 02:40:27 | Processing instance 94/100...
2026-04-16 02:40:28 | Processing instance 95/100...
2026-04-16 02:40:29 | Processing instance 96/100...
2026-04-16 02:40:31 | Processing instance 97/100...
2026-04-16 02:40:32 | Processing instance 98/100...
2026-04-16 02:40:33 | Processing instance 99/100...
2026-04-16 02:40:34 | Processing instance 100/100...
2026-04-16 02:40:36 |   Completed 100/100 instances
2026-04-16 02:40:36 | Completed all 100 instances
2026-04-16 02:40:36 |   [Progress: 3/7] LGBM + LINGAM - AsymmetricShapley
2026-04-16 02:40:36 |  Calculating asymmetric SHAP values using Frye method
2026-04-16 02:40:36 | Starting Path-based Asymmetric Shapley computation for 100 instances
2026-04-16 02:40:36 | Using 50 samples per instance
2026-04-16 02:40:36 | Processing instance 1/100...
2026-04-16 02:40:50 | Processing instance 2/100...
2026-04-16 02:41:07 | Processing instance 3/100...
2026-04-16 02:41:24 | Processing instance 4/100...
2026-04-16 02:41:40 | Processing instance 5/100...
2026-04-16 02:41:56 | Processing instance 6/100...
2026-04-16 02:42:12 | Processing instance 7/100...
2026-04-16 02:42:28 | Processing instance 8/100...
2026-04-16 02:42:43 | Processing instance 9/100...
2026-04-16 02:42:58 | Processing instance 10/100...
2026-04-16 02:43:14 | Processing instance 11/100...
2026-04-16 02:43:29 | Processing instance 12/100...
2026-04-16 02:43:43 | Processing instance 13/100...
2026-04-16 02:43:59 | Processing instance 14/100...
2026-04-16 02:44:15 | Processing instance 15/100...
2026-04-16 02:44:31 | Processing instance 16/100...
2026-04-16 02:44:47 | Processing instance 17/100...
2026-04-16 02:45:03 | Processing instance 18/100...
2026-04-16 02:45:19 | Processing instance 19/100...
2026-04-16 02:45:36 | Processing instance 20/100...
2026-04-16 02:45:50 |   Completed 20/100 instances
2026-04-16 02:45:50 | Processing instance 21/100...
2026-04-16 02:46:05 | Processing instance 22/100...
2026-04-16 02:46:20 | Processing instance 23/100...
2026-04-16 02:46:35 | Processing instance 24/100...
2026-04-16 02:46:51 | Processing instance 25/100...
2026-04-16 02:47:07 | Processing instance 26/100...
2026-04-16 02:47:21 | Processing instance 27/100...
2026-04-16 02:47:37 | Processing instance 28/100...
2026-04-16 02:47:52 | Processing instance 29/100...
2026-04-16 02:48:07 | Processing instance 30/100...
2026-04-16 02:48:22 | Processing instance 31/100...
2026-04-16 02:48:38 | Processing instance 32/100...
2026-04-16 02:48:54 | Processing instance 33/100...
2026-04-16 02:49:10 | Processing instance 34/100...
2026-04-16 02:49:25 | Processing instance 35/100...
2026-04-16 02:49:40 | Processing instance 36/100...
2026-04-16 02:49:56 | Processing instance 37/100...
2026-04-16 02:50:10 | Processing instance 38/100...
2026-04-16 02:50:24 | Processing instance 39/100...
2026-04-16 02:50:40 | Processing instance 40/100...
2026-04-16 02:50:55 |   Completed 40/100 instances
2026-04-16 02:50:55 | Processing instance 41/100...
2026-04-16 02:51:10 | Processing instance 42/100...
2026-04-16 02:51:26 | Processing instance 43/100...
2026-04-16 02:51:42 | Processing instance 44/100...
2026-04-16 02:51:57 | Processing instance 45/100...
2026-04-16 02:52:13 | Processing instance 46/100...
2026-04-16 02:52:26 | Processing instance 47/100...
2026-04-16 02:52:42 | Processing instance 48/100...
2026-04-16 02:52:58 | Processing instance 49/100...
2026-04-16 02:53:13 | Processing instance 50/100...
2026-04-16 02:53:30 | Processing instance 51/100...
2026-04-16 02:53:45 | Processing instance 52/100...
2026-04-16 02:54:01 | Processing instance 53/100...
2026-04-16 02:54:17 | Processing instance 54/100...
2026-04-16 02:54:32 | Processing instance 55/100...
2026-04-16 02:54:48 | Processing instance 56/100...
2026-04-16 02:55:04 | Processing instance 57/100...
2026-04-16 02:55:17 | Processing instance 58/100...
2026-04-16 02:55:32 | Processing instance 59/100...
2026-04-16 02:55:48 | Processing instance 60/100...
2026-04-16 02:56:03 |   Completed 60/100 instances
2026-04-16 02:56:03 | Processing instance 61/100...
2026-04-16 02:56:17 | Processing instance 62/100...
2026-04-16 02:56:32 | Processing instance 63/100...
2026-04-16 02:56:48 | Processing instance 64/100...
2026-04-16 02:57:04 | Processing instance 65/100...
2026-04-16 02:57:19 | Processing instance 66/100...
2026-04-16 02:57:35 | Processing instance 67/100...
2026-04-16 02:57:51 | Processing instance 68/100...
2026-04-16 02:58:06 | Processing instance 69/100...
2026-04-16 02:58:22 | Processing instance 70/100...
2026-04-16 02:58:37 | Processing instance 71/100...
2026-04-16 02:58:52 | Processing instance 72/100...
2026-04-16 02:59:09 | Processing instance 73/100...
2026-04-16 02:59:24 | Processing instance 74/100...
2026-04-16 02:59:39 | Processing instance 75/100...
2026-04-16 02:59:54 | Processing instance 76/100...
2026-04-16 03:00:10 | Processing instance 77/100...
2026-04-16 03:00:25 | Processing instance 78/100...
2026-04-16 03:00:42 | Processing instance 79/100...
2026-04-16 03:00:57 | Processing instance 80/100...
2026-04-16 03:01:13 |   Completed 80/100 instances
2026-04-16 03:01:13 | Processing instance 81/100...
2026-04-16 03:01:28 | Processing instance 82/100...
2026-04-16 03:01:43 | Processing instance 83/100...
2026-04-16 03:01:59 | Processing instance 84/100...
2026-04-16 03:02:15 | Processing instance 85/100...
2026-04-16 03:02:30 | Processing instance 86/100...
2026-04-16 03:02:47 | Processing instance 87/100...
2026-04-16 03:03:02 | Processing instance 88/100...
2026-04-16 03:03:18 | Processing instance 89/100...
2026-04-16 03:03:33 | Processing instance 90/100...
2026-04-16 03:03:48 | Processing instance 91/100...
2026-04-16 03:04:03 | Processing instance 92/100...
2026-04-16 03:04:18 | Processing instance 93/100...
2026-04-16 03:04:32 | Processing instance 94/100...
2026-04-16 03:04:48 | Processing instance 95/100...
2026-04-16 03:05:03 | Processing instance 96/100...
2026-04-16 03:05:18 | Processing instance 97/100...
2026-04-16 03:05:34 | Processing instance 98/100...
2026-04-16 03:05:50 | Processing instance 99/100...
2026-04-16 03:06:05 | Processing instance 100/100...
2026-04-16 03:06:21 |   Completed 100/100 instances
2026-04-16 03:06:21 | Completed all 100 instances
2026-04-16 03:06:21 |   ✓ Completed mixed_no_conf_f50_s1000_p50 in 29.9 minutes
2026-04-16 03:06:21 | 
[Dataset 2/2] Processing mixed_conf_f50_s1000_p50
2026-04-16 03:06:21 |   [Progress: 1/7] LGBM - ShapleyFromScratch
2026-04-16 03:06:21 | Starting ShapleyFromScratch computation for 100 instances
2026-04-16 03:06:21 | Using 50 samples per instance
2026-04-16 03:06:21 | Processing instance 1/100...
2026-04-16 03:06:22 | Processing instance 2/100...
2026-04-16 03:06:24 | Processing instance 3/100...
2026-04-16 03:06:25 | Processing instance 4/100...
2026-04-16 03:06:27 | Processing instance 5/100...
2026-04-16 03:06:28 | Processing instance 6/100...
2026-04-16 03:06:30 | Processing instance 7/100...
2026-04-16 03:06:31 | Processing instance 8/100...
2026-04-16 03:06:33 | Processing instance 9/100...
2026-04-16 03:06:34 | Processing instance 10/100...
2026-04-16 03:06:36 | Processing instance 11/100...
2026-04-16 03:06:37 | Processing instance 12/100...
2026-04-16 03:06:39 | Processing instance 13/100...
2026-04-16 03:06:40 | Processing instance 14/100...
2026-04-16 03:06:42 | Processing instance 15/100...
2026-04-16 03:06:43 | Processing instance 16/100...
2026-04-16 03:06:45 | Processing instance 17/100...
2026-04-16 03:06:46 | Processing instance 18/100...
2026-04-16 03:06:47 | Processing instance 19/100...
2026-04-16 03:06:49 | Processing instance 20/100...
2026-04-16 03:06:50 |   Completed 20/100 instances
2026-04-16 03:06:50 | Processing instance 21/100...
2026-04-16 03:06:52 | Processing instance 22/100...
2026-04-16 03:06:53 | Processing instance 23/100...
2026-04-16 03:06:55 | Processing instance 24/100...
2026-04-16 03:06:56 | Processing instance 25/100...
2026-04-16 03:06:58 | Processing instance 26/100...
2026-04-16 03:06:59 | Processing instance 27/100...
2026-04-16 03:07:01 | Processing instance 28/100...
2026-04-16 03:07:02 | Processing instance 29/100...
2026-04-16 03:07:04 | Processing instance 30/100...
2026-04-16 03:07:05 | Processing instance 31/100...
2026-04-16 03:07:06 | Processing instance 32/100...
2026-04-16 03:07:08 | Processing instance 33/100...
2026-04-16 03:07:09 | Processing instance 34/100...
2026-04-16 03:07:11 | Processing instance 35/100...
2026-04-16 03:07:12 | Processing instance 36/100...
2026-04-16 03:07:14 | Processing instance 37/100...
2026-04-16 03:07:15 | Processing instance 38/100...
2026-04-16 03:07:17 | Processing instance 39/100...
2026-04-16 03:07:18 | Processing instance 40/100...
2026-04-16 03:07:20 |   Completed 40/100 instances
2026-04-16 03:07:20 | Processing instance 41/100...
2026-04-16 03:07:21 | Processing instance 42/100...
2026-04-16 03:07:23 | Processing instance 43/100...
2026-04-16 03:07:24 | Processing instance 44/100...
2026-04-16 03:07:26 | Processing instance 45/100...
2026-04-16 03:07:27 | Processing instance 46/100...
2026-04-16 03:07:29 | Processing instance 47/100...
2026-04-16 03:07:30 | Processing instance 48/100...
2026-04-16 03:07:32 | Processing instance 49/100...
2026-04-16 03:07:33 | Processing instance 50/100...
2026-04-16 03:07:35 | Processing instance 51/100...
2026-04-16 03:07:36 | Processing instance 52/100...
2026-04-16 03:07:38 | Processing instance 53/100...
2026-04-16 03:07:39 | Processing instance 54/100...
2026-04-16 03:07:41 | Processing instance 55/100...
2026-04-16 03:07:42 | Processing instance 56/100...
2026-04-16 03:07:43 | Processing instance 57/100...
2026-04-16 03:07:45 | Processing instance 58/100...
2026-04-16 03:07:46 | Processing instance 59/100...
2026-04-16 03:07:48 | Processing instance 60/100...
2026-04-16 03:07:49 |   Completed 60/100 instances
2026-04-16 03:07:49 | Processing instance 61/100...
2026-04-16 03:07:51 | Processing instance 62/100...
2026-04-16 03:07:52 | Processing instance 63/100...
2026-04-16 03:07:54 | Processing instance 64/100...
2026-04-16 03:07:55 | Processing instance 65/100...
2026-04-16 03:07:57 | Processing instance 66/100...
2026-04-16 03:07:58 | Processing instance 67/100...
2026-04-16 03:08:00 | Processing instance 68/100...
2026-04-16 03:08:01 | Processing instance 69/100...
2026-04-16 03:08:03 | Processing instance 70/100...
2026-04-16 03:08:04 | Processing instance 71/100...
2026-04-16 03:08:06 | Processing instance 72/100...
2026-04-16 03:08:07 | Processing instance 73/100...
2026-04-16 03:08:09 | Processing instance 74/100...
2026-04-16 03:08:10 | Processing instance 75/100...
2026-04-16 03:08:12 | Processing instance 76/100...
2026-04-16 03:08:13 | Processing instance 77/100...
2026-04-16 03:08:15 | Processing instance 78/100...
2026-04-16 03:08:16 | Processing instance 79/100...
2026-04-16 03:08:18 | Processing instance 80/100...
2026-04-16 03:08:19 |   Completed 80/100 instances
2026-04-16 03:08:19 | Processing instance 81/100...
2026-04-16 03:08:21 | Processing instance 82/100...
2026-04-16 03:08:22 | Processing instance 83/100...
2026-04-16 03:08:24 | Processing instance 84/100...
2026-04-16 03:08:25 | Processing instance 85/100...
2026-04-16 03:08:27 | Processing instance 86/100...
2026-04-16 03:08:28 | Processing instance 87/100...
2026-04-16 03:08:30 | Processing instance 88/100...
2026-04-16 03:08:31 | Processing instance 89/100...
2026-04-16 03:08:33 | Processing instance 90/100...
2026-04-16 03:08:34 | Processing instance 91/100...
2026-04-16 03:08:35 | Processing instance 92/100...
2026-04-16 03:08:37 | Processing instance 93/100...
2026-04-16 03:08:39 | Processing instance 94/100...
2026-04-16 03:08:40 | Processing instance 95/100...
2026-04-16 03:08:42 | Processing instance 96/100...
2026-04-16 03:08:43 | Processing instance 97/100...
2026-04-16 03:08:45 | Processing instance 98/100...
2026-04-16 03:08:46 | Processing instance 99/100...
2026-04-16 03:08:48 | Processing instance 100/100...
2026-04-16 03:08:49 |   Completed 100/100 instances
2026-04-16 03:08:49 | Completed all 100 instances
2026-04-16 03:08:49 |   [Progress: 2/7] LGBM + PC - AsymmetricShapley
2026-04-16 03:08:49 |  Calculating asymmetric SHAP values using Frye method
2026-04-16 03:08:49 | Starting Path-based Asymmetric Shapley computation for 100 instances
2026-04-16 03:08:49 | Using 50 samples per instance
2026-04-16 03:08:49 | Processing instance 1/100...
2026-04-16 03:08:51 | Processing instance 2/100...
2026-04-16 03:08:52 | Processing instance 3/100...
2026-04-16 03:08:53 | Processing instance 4/100...
2026-04-16 03:08:55 | Processing instance 5/100...
2026-04-16 03:08:56 | Processing instance 6/100...
2026-04-16 03:08:58 | Processing instance 7/100...
2026-04-16 03:08:59 | Processing instance 8/100...
2026-04-16 03:09:01 | Processing instance 9/100...
2026-04-16 03:09:02 | Processing instance 10/100...
2026-04-16 03:09:03 | Processing instance 11/100...
2026-04-16 03:09:05 | Processing instance 12/100...
2026-04-16 03:09:06 | Processing instance 13/100...
2026-04-16 03:09:08 | Processing instance 14/100...
2026-04-16 03:09:09 | Processing instance 15/100...
2026-04-16 03:09:10 | Processing instance 16/100...
2026-04-16 03:09:12 | Processing instance 17/100...
2026-04-16 03:09:13 | Processing instance 18/100...
2026-04-16 03:09:15 | Processing instance 19/100...
2026-04-16 03:09:16 | Processing instance 20/100...
2026-04-16 03:09:17 |   Completed 20/100 instances
2026-04-16 03:09:17 | Processing instance 21/100...
2026-04-16 03:09:19 | Processing instance 22/100...
2026-04-16 03:09:20 | Processing instance 23/100...
2026-04-16 03:09:22 | Processing instance 24/100...
2026-04-16 03:09:23 | Processing instance 25/100...
2026-04-16 03:09:24 | Processing instance 26/100...
2026-04-16 03:09:26 | Processing instance 27/100...
2026-04-16 03:09:27 | Processing instance 28/100...
2026-04-16 03:09:29 | Processing instance 29/100...
2026-04-16 03:09:30 | Processing instance 30/100...
2026-04-16 03:09:31 | Processing instance 31/100...
2026-04-16 03:09:33 | Processing instance 32/100...
2026-04-16 03:09:34 | Processing instance 33/100...
2026-04-16 03:09:36 | Processing instance 34/100...
2026-04-16 03:09:37 | Processing instance 35/100...
2026-04-16 03:09:38 | Processing instance 36/100...
2026-04-16 03:09:40 | Processing instance 37/100...
2026-04-16 03:09:41 | Processing instance 38/100...
2026-04-16 03:09:43 | Processing instance 39/100...
2026-04-16 03:09:44 | Processing instance 40/100...
2026-04-16 03:09:46 |   Completed 40/100 instances
2026-04-16 03:09:46 | Processing instance 41/100...
2026-04-16 03:09:47 | Processing instance 42/100...
2026-04-16 03:09:48 | Processing instance 43/100...
2026-04-16 03:09:50 | Processing instance 44/100...
2026-04-16 03:09:51 | Processing instance 45/100...
2026-04-16 03:09:53 | Processing instance 46/100...
2026-04-16 03:09:54 | Processing instance 47/100...
2026-04-16 03:09:56 | Processing instance 48/100...
2026-04-16 03:09:57 | Processing instance 49/100...
2026-04-16 03:09:58 | Processing instance 50/100...
2026-04-16 03:10:00 | Processing instance 51/100...
2026-04-16 03:10:01 | Processing instance 52/100...
2026-04-16 03:10:03 | Processing instance 53/100...
2026-04-16 03:10:04 | Processing instance 54/100...
2026-04-16 03:10:06 | Processing instance 55/100...
2026-04-16 03:10:07 | Processing instance 56/100...
2026-04-16 03:10:08 | Processing instance 57/100...
2026-04-16 03:10:10 | Processing instance 58/100...
2026-04-16 03:10:11 | Processing instance 59/100...
2026-04-16 03:10:13 | Processing instance 60/100...
2026-04-16 03:10:14 |   Completed 60/100 instances
2026-04-16 03:10:14 | Processing instance 61/100...
2026-04-16 03:10:15 | Processing instance 62/100...
2026-04-16 03:10:17 | Processing instance 63/100...
2026-04-16 03:10:18 | Processing instance 64/100...
2026-04-16 03:10:20 | Processing instance 65/100...
2026-04-16 03:10:21 | Processing instance 66/100...
2026-04-16 03:10:23 | Processing instance 67/100...
2026-04-16 03:10:24 | Processing instance 68/100...
2026-04-16 03:10:25 | Processing instance 69/100...
2026-04-16 03:10:27 | Processing instance 70/100...
2026-04-16 03:10:28 | Processing instance 71/100...
2026-04-16 03:10:30 | Processing instance 72/100...
2026-04-16 03:10:31 | Processing instance 73/100...
2026-04-16 03:10:32 | Processing instance 74/100...
2026-04-16 03:10:34 | Processing instance 75/100...
2026-04-16 03:10:35 | Processing instance 76/100...
2026-04-16 03:10:37 | Processing instance 77/100...
2026-04-16 03:10:38 | Processing instance 78/100...
2026-04-16 03:10:40 | Processing instance 79/100...
2026-04-16 03:10:41 | Processing instance 80/100...
2026-04-16 03:10:42 |   Completed 80/100 instances
2026-04-16 03:10:42 | Processing instance 81/100...
2026-04-16 03:10:44 | Processing instance 82/100...
2026-04-16 03:10:45 | Processing instance 83/100...
2026-04-16 03:10:46 | Processing instance 84/100...
2026-04-16 03:10:48 | Processing instance 85/100...
2026-04-16 03:10:49 | Processing instance 86/100...
2026-04-16 03:10:51 | Processing instance 87/100...
2026-04-16 03:10:52 | Processing instance 88/100...
2026-04-16 03:10:54 | Processing instance 89/100...
2026-04-16 03:10:55 | Processing instance 90/100...
2026-04-16 03:10:56 | Processing instance 91/100...
2026-04-16 03:10:58 | Processing instance 92/100...
2026-04-16 03:10:59 | Processing instance 93/100...
2026-04-16 03:11:01 | Processing instance 94/100...
2026-04-16 03:11:02 | Processing instance 95/100...
2026-04-16 03:11:03 | Processing instance 96/100...
2026-04-16 03:11:05 | Processing instance 97/100...
2026-04-16 03:11:06 | Processing instance 98/100...
2026-04-16 03:11:08 | Processing instance 99/100...
2026-04-16 03:11:09 | Processing instance 100/100...
2026-04-16 03:11:10 |   Completed 100/100 instances
2026-04-16 03:11:10 | Completed all 100 instances
2026-04-16 03:11:10 |   [Progress: 3/7] LGBM + LINGAM - AsymmetricShapley
2026-04-16 03:11:10 |  Calculating asymmetric SHAP values using Frye method
2026-04-16 03:11:10 | Starting Path-based Asymmetric Shapley computation for 100 instances
2026-04-16 03:11:10 | Using 50 samples per instance
2026-04-16 03:11:10 | Processing instance 1/100...
2026-04-16 03:11:10 | 
================================================================================
2026-04-16 03:11:10 | ERROR: Pipeline failed!
2026-04-16 03:11:10 | ================================================================================
2026-04-16 03:11:10 | Error message: index 50 is out of bounds for axis 0 with size 50
2026-04-16 03:11:10 | Traceback (most recent call last):
  File "/Users/juanrios/Documents/master_thesis/experimental_pipeline/experimental_pipeline.py", line 909, in main
    calculate_all_shapley_values(dataset_configs)
  File "/Users/juanrios/Documents/master_thesis/experimental_pipeline/experimental_pipeline.py", line 628, in calculate_all_shapley_values
    asymmetric_values = asymmetric_explainer.explain(test_instances, method='monte_carlo')
                        ^^^^^^^^^^^^^^^^^^^^^^^^^^^^^^^^^^^^^^^^^^^^^^^^^^^^^^^^^^^^^^^^^^
  File "/Users/juanrios/Documents/master_thesis/explainability_models/shapley_values.py", line 1135, in explain
  File "/Users/juanrios/Documents/master_thesis/explainability_models/shapley_values.py", line 1101, in _compute_monte_carlo_causal_shapley
    POST-INTERVENTIONAL SAMPLING ALGORITHM:
                             ^^^^^^^^^^^^^^^
  File "/Users/juanrios/Documents/master_thesis/explainability_models/shapley_values.py", line 333, in _predict_coalition
    samples[:, feature_idx] = instance[feature_idx]
                              ~~~~~~~~^^^^^^^^^^^^^
IndexError: index 50 is out of bounds for axis 0 with size 50

