2026-03-25 20:29:37 | Log file: /Users/juanrios/Documents/master_thesis/logs/pipeline_20260325_202937.log
2026-03-25 20:29:37 | 
================================================================================
2026-03-25 20:29:37 | EXPERIMENTAL PIPELINE: CAUSAL FEATURE IMPORTANCE COMPARISON
2026-03-25 20:29:37 | ================================================================================
2026-03-25 20:29:37 | 
Configuration:
2026-03-25 20:29:37 |   - Features: 50
2026-03-25 20:29:37 |   - Samples: 1000
2026-03-25 20:29:37 |   - Y Parents Ratio: 0.5
2026-03-25 20:29:37 |   - Random State: 42
2026-03-25 20:29:37 |   - Shapley Samples: 100
2026-03-25 20:29:37 | 
Directories:
2026-03-25 20:29:37 |   - Synthetic Data: /Users/juanrios/Documents/master_thesis/data/synthetic
2026-03-25 20:29:37 |   - Processed Data: /Users/juanrios/Documents/master_thesis/data/processed
2026-03-25 20:29:37 |   - Causal Discovery: /Users/juanrios/Documents/master_thesis/data/causal
2026-03-25 20:29:37 |   - Explainability: /Users/juanrios/Documents/master_thesis/data/explainability
2026-03-25 20:29:37 |   - Models: /Users/juanrios/Documents/master_thesis/models
2026-03-25 20:29:37 |   - Logs: /Users/juanrios/Documents/master_thesis/logs
2026-03-25 20:29:37 | 
================================================================================

2026-03-25 20:29:37 | ================================================================================
2026-03-25 20:29:37 | STEP 1: GENERATING SYNTHETIC DATASETS
2026-03-25 20:29:37 | ================================================================================
2026-03-25 20:29:37 | 
[Dataset 1/6] Generating linear system without confounders
2026-03-25 20:29:37 |   ✓ Saved: linear_no_conf_f50_s1000_p50 | Features: 50, Samples: 1000, Y parents: 25, Edges: 628, Confounders: 0
2026-03-25 20:29:37 | 
[Dataset 2/6] Generating linear system with confounders
2026-03-25 20:29:37 |   ✓ Saved: linear_conf_f50_s1000_p50 | Features: 50, Samples: 1000, Y parents: 25, Edges: 628, Confounders: 5
2026-03-25 20:29:37 | 
[Dataset 3/6] Generating nonlinear system without confounders
2026-03-25 20:29:37 |   ✓ Saved: nonlinear_no_conf_f50_s1000_p50 | Features: 50, Samples: 1000, Y parents: 25, Edges: 628, Confounders: 0
2026-03-25 20:29:37 | 
[Dataset 4/6] Generating nonlinear system with confounders
2026-03-25 20:29:37 |   ✓ Saved: nonlinear_conf_f50_s1000_p50 | Features: 50, Samples: 1000, Y parents: 25, Edges: 628, Confounders: 5
2026-03-25 20:29:37 | 
[Dataset 5/6] Generating mixed system without confounders
2026-03-25 20:29:37 |   ✓ Saved: mixed_no_conf_f50_s1000_p50 | Features: 50, Samples: 1000, Y parents: 25, Edges: 628, Confounders: 0
2026-03-25 20:29:37 | 
[Dataset 6/6] Generating mixed system with confounders
2026-03-25 20:29:37 |   ✓ Saved: mixed_conf_f50_s1000_p50 | Features: 50, Samples: 1000, Y parents: 25, Edges: 628, Confounders: 5
2026-03-25 20:29:37 | 
================================================================================
2026-03-25 20:29:37 | Step 1 Complete: 6 datasets generated
2026-03-25 20:29:37 | ================================================================================

2026-03-25 20:29:37 | ================================================================================
2026-03-25 20:29:37 | STEP 2: CREATING TRAIN/TEST SPLITS
2026-03-25 20:29:37 | ================================================================================
2026-03-25 20:29:37 | 
[Dataset 1/6] Processing linear_no_conf_f50_s1000_p50...
2026-03-25 20:29:38 |   ✓ Train: (800, 51), Test: (200, 51)
2026-03-25 20:29:38 | 
[Dataset 2/6] Processing linear_conf_f50_s1000_p50...
2026-03-25 20:29:38 |   ✓ Train: (800, 51), Test: (200, 51)
2026-03-25 20:29:38 | 
[Dataset 3/6] Processing nonlinear_no_conf_f50_s1000_p50...
2026-03-25 20:29:38 |   ✓ Train: (800, 51), Test: (200, 51)
2026-03-25 20:29:38 | 
[Dataset 4/6] Processing nonlinear_conf_f50_s1000_p50...
2026-03-25 20:29:38 |   ✓ Train: (800, 51), Test: (200, 51)
2026-03-25 20:29:38 | 
[Dataset 5/6] Processing mixed_no_conf_f50_s1000_p50...
2026-03-25 20:29:38 |   ✓ Train: (800, 51), Test: (200, 51)
2026-03-25 20:29:38 | 
[Dataset 6/6] Processing mixed_conf_f50_s1000_p50...
2026-03-25 20:29:38 |   ✓ Train: (800, 51), Test: (200, 51)
2026-03-25 20:29:38 | 
================================================================================
2026-03-25 20:29:38 | Step 2 Complete: Train/test splits created for 6 datasets
2026-03-25 20:29:38 | ================================================================================

2026-03-25 20:29:38 | ================================================================================
2026-03-25 20:29:38 | STEP 3: RUNNING CAUSAL DISCOVERY
2026-03-25 20:29:38 | ================================================================================
2026-03-25 20:29:38 | 
[Dataset 1/6] Processing linear_no_conf_f50_s1000_p50
2026-03-25 20:29:38 |   Running LiNGAM...
2026-03-25 20:29:44 |   Running PC...
2026-03-25 20:29:49 |   Extracting train adjacency matrices for Step 5...
2026-03-25 20:29:49 |   ✓ LINGAM: F1=0.361, Precision=0.325, Recall=0.406
2026-03-25 20:29:51 |   ✓ PC: F1=0.189, Precision=0.383, Recall=0.126
2026-03-25 20:29:52 | 
[Dataset 2/6] Processing linear_conf_f50_s1000_p50
2026-03-25 20:29:52 |   Running LiNGAM...
2026-03-25 20:29:59 |   Running PC...
2026-03-25 20:30:05 |   Extracting train adjacency matrices for Step 5...
2026-03-25 20:30:05 |   ✓ LINGAM: F1=0.285, Precision=0.259, Recall=0.317
2026-03-25 20:30:06 |   ✓ PC: F1=0.198, Precision=0.395, Recall=0.132
2026-03-25 20:30:08 | 
[Dataset 3/6] Processing nonlinear_no_conf_f50_s1000_p50
2026-03-25 20:30:08 |   Running LiNGAM...
2026-03-25 20:30:15 |   Running PC...
2026-03-25 20:30:21 |   Extracting train adjacency matrices for Step 5...
2026-03-25 20:30:21 |   ✓ LINGAM: F1=0.287, Precision=0.340, Recall=0.248
2026-03-25 20:30:22 |   ✓ PC: F1=0.164, Precision=0.337, Recall=0.108
2026-03-25 20:30:23 | 
[Dataset 4/6] Processing nonlinear_conf_f50_s1000_p50
2026-03-25 20:30:23 |   Running LiNGAM...
2026-03-25 20:30:31 |   Running PC...
2026-03-25 20:30:39 |   Extracting train adjacency matrices for Step 5...
2026-03-25 20:30:39 |   ✓ LINGAM: F1=0.213, Precision=0.259, Recall=0.182
2026-03-25 20:30:40 |   ✓ PC: F1=0.169, Precision=0.309, Recall=0.116
2026-03-25 20:30:41 | 
[Dataset 5/6] Processing mixed_no_conf_f50_s1000_p50
2026-03-25 20:30:41 |   Running LiNGAM...
2026-03-25 20:30:47 |   Running PC...
2026-03-25 20:30:50 |   Extracting train adjacency matrices for Step 5...
2026-03-25 20:30:50 |   ✓ LINGAM: F1=0.050, Precision=0.333, Recall=0.027
2026-03-25 20:30:51 |   ✓ PC: F1=0.103, Precision=0.339, Recall=0.061
2026-03-25 20:30:52 | 
[Dataset 6/6] Processing mixed_conf_f50_s1000_p50
2026-03-25 20:30:52 |   Running LiNGAM...
2026-03-25 20:31:00 |   Running PC...
2026-03-25 20:31:05 |   Extracting train adjacency matrices for Step 5...
2026-03-25 20:31:05 |   ✓ LINGAM: F1=0.223, Precision=0.316, Recall=0.172
2026-03-25 20:31:06 |   ✓ PC: F1=0.171, Precision=0.351, Recall=0.113
2026-03-25 20:31:07 | 
================================================================================
2026-03-25 20:31:07 | Step 3 Complete: Causal discovery completed for 6 datasets
2026-03-25 20:31:07 | ================================================================================

2026-03-25 20:31:07 | ================================================================================
2026-03-25 20:31:07 | STEP 4: TRAINING PREDICTIVE MODELS
2026-03-25 20:31:07 | ================================================================================
2026-03-25 20:31:07 | 
[Dataset 1/6] Training models for linear_no_conf_f50_s1000_p50
2026-03-25 20:31:07 |   Training LGBM...
2026-03-25 20:31:45 |   ✓ LGBM: R²=0.8242, MSE=8.6766, MAE=2.2836, RMSE=2.9456
2026-03-25 20:31:45 |   Training NN...
2026-03-25 20:31:54 |   ✓ NN: R²=0.9272, MSE=3.5922, MAE=1.5262, RMSE=1.8953
2026-03-25 20:31:54 | 
[Dataset 2/6] Training models for linear_conf_f50_s1000_p50
2026-03-25 20:31:54 |   Training LGBM...
2026-03-25 20:32:11 |   ✓ LGBM: R²=0.8614, MSE=5.3698, MAE=1.8480, RMSE=2.3173
2026-03-25 20:32:11 |   Training NN...
2026-03-25 20:32:23 |   ✓ NN: R²=0.9538, MSE=1.7915, MAE=1.0679, RMSE=1.3385
2026-03-25 20:32:23 | 
[Dataset 3/6] Training models for nonlinear_no_conf_f50_s1000_p50
2026-03-25 20:32:23 |   Training LGBM...
2026-03-25 20:32:45 |   ✓ LGBM: R²=-0.1286, MSE=0.5006, MAE=0.5107, RMSE=0.7076
2026-03-25 20:32:45 |   Training NN...
2026-03-25 20:32:49 |   ✓ NN: R²=0.1471, MSE=0.3783, MAE=0.4412, RMSE=0.6151
2026-03-25 20:32:49 | 
[Dataset 4/6] Training models for nonlinear_conf_f50_s1000_p50
2026-03-25 20:32:49 |   Training LGBM...
2026-03-25 20:32:58 |   ✓ LGBM: R²=0.7085, MSE=0.2957, MAE=0.4275, RMSE=0.5437
2026-03-25 20:32:58 |   Training NN...
2026-03-25 20:33:02 |   ✓ NN: R²=0.6921, MSE=0.3123, MAE=0.4314, RMSE=0.5589
2026-03-25 20:33:02 | 
[Dataset 5/6] Training models for mixed_no_conf_f50_s1000_p50
2026-03-25 20:33:02 |   Training LGBM...
2026-03-25 20:33:17 |   ✓ LGBM: R²=0.5898, MSE=0.5621, MAE=0.5948, RMSE=0.7498
2026-03-25 20:33:17 |   Training NN...
2026-03-25 20:33:19 |   ✓ NN: R²=0.6187, MSE=0.5225, MAE=0.5598, RMSE=0.7229
2026-03-25 20:33:19 | 
[Dataset 6/6] Training models for mixed_conf_f50_s1000_p50
2026-03-25 20:33:19 |   Training LGBM...
2026-03-25 20:33:41 |   ✓ LGBM: R²=0.5867, MSE=0.7061, MAE=0.6180, RMSE=0.8403
2026-03-25 20:33:41 |   Training NN...
2026-03-25 20:33:46 |   ✓ NN: R²=0.6690, MSE=0.5655, MAE=0.5953, RMSE=0.7520
2026-03-25 20:33:46 | 
================================================================================
2026-03-25 20:33:46 | Step 4 Complete: Models trained for 6 datasets
2026-03-25 20:33:46 | ================================================================================

2026-03-25 20:33:46 | ================================================================================
2026-03-25 20:33:46 | STEP 5: CALCULATING SHAPLEY VALUES
2026-03-25 20:33:46 | ================================================================================
2026-03-25 20:33:46 | 
[Dataset 1/6] Processing linear_no_conf_f50_s1000_p50
2026-03-25 20:33:46 |   [Progress: 1/14] LGBM - ShapleyFromScratch
2026-03-25 20:42:41 |   [Progress: 2/14] LGBM + PC - AsymmetricShapley
2026-03-25 20:51:28 |   [Progress: 3/14] LGBM + PC - CausalShapley
